Analyzing module <anonymous>:modjs.test.js (1)
Analyzing module modjs@0.4.0:lib/utils/sea.js (2)
Analyzing module esprima@1.0.4:esprima.js (3)
Analyzing module cmd-util@0.3.13:index.js (4)
Analyzing module modjs@0.4.0:lib/utils/file.js (5)
Analyzing module underscore@1.13.8:underscore-node.cjs (6)
Analyzing module modjs@0.4.0:lib/utils/logger.js (7)
Analyzing module cmd-util@0.3.13:lib/ast.js (8)
Analyzing module cmd-util@0.3.13:lib/css.js (9)
Analyzing module cmd-util@0.3.13:lib/iduri.js (10)
Analyzing module glob@3.2.11:glob.js (11)
Analyzing module modjs@0.4.0:lib/config.js (12)
Analyzing module rimraf@2.2.8:rimraf.js (13)
Analyzing module mkdirp@0.3.5:index.js (14)
Analyzing module modjs@0.4.0:lib/utils/index.js (15)
Analyzing module underscore@1.13.8:underscore-node-f.cjs (16)
Analyzing module modjs@0.4.0:lib/utils/notifier.js (17)
Analyzing module colors@1.4.0:lib/index.js (18)
Analyzing module uglify-js@2.3.6:tools/node.js (19)
Analyzing module minimatch@0.3.0:minimatch.js (20)
Analyzing module inherits@2.0.4:inherits.js (21)
Analyzing module request@2.21.0:index.js (22)
Analyzing module prompt@0.2.14:lib/prompt.js (23)
Analyzing module colors@1.4.0:lib/colors.js (24)
Analyzing module colors@1.4.0:lib/extendStringPrototype.js (25)
Analyzing module source-map@0.1.43:lib/source-map.js (26)
Analyzing module inherits@2.0.4:inherits_browser.js (27)
Analyzing module qs@0.6.5:index.js (28)
Analyzing module oauth-sign@0.3.0:index.js (29)
Analyzing module hawk@0.13.1:index.js (30)
Analyzing module aws-sign@0.3.0:index.js (31)
Analyzing module http-signature@0.9.11:lib/index.js (32)
Analyzing module node-uuid@1.4.8:uuid.js (33)
Analyzing module mime@1.2.11:mime.js (34)
Analyzing module tunnel-agent@0.3.0:index.js (35)
Analyzing module json-stringify-safe@4.0.0:stringify.js (36)
Analyzing module forever-agent@0.5.2:index.js (37)
Analyzing module form-data@0.0.8:lib/form_data.js (38)
Analyzing module cookie-jar@0.3.0:index.js (39)
Analyzing module utile@0.2.1:lib/index.js (40)
Analyzing module read@1.0.7:lib/read.js (41)
Analyzing module revalidator@0.1.8:lib/revalidator.js (42)
Analyzing module winston@0.8.3:lib/winston.js (43)
Analyzing module pkginfo@0.3.1:lib/pkginfo.js (44)
Analyzing module colors@1.4.0:lib/styles.js (45)
Analyzing module colors@1.4.0:lib/system/supports-colors.js (46)
Analyzing module colors@1.4.0:lib/custom/trap.js (47)
Analyzing module colors@1.4.0:lib/custom/zalgo.js (48)
Analyzing module colors@1.4.0:lib/maps/america.js (49)
Analyzing module colors@1.4.0:lib/maps/zebra.js (50)
Analyzing module colors@1.4.0:lib/maps/rainbow.js (51)
Analyzing module colors@1.4.0:lib/maps/random.js (52)
Analyzing module source-map@0.1.43:lib/source-map/source-map-generator.js (53)
Analyzing module source-map@0.1.43:lib/source-map/source-map-consumer.js (54)
Analyzing module source-map@0.1.43:lib/source-map/source-node.js (55)
Analyzing module hawk@0.13.1:lib/index.js (56)
Analyzing module http-signature@0.9.11:lib/parser.js (57)
Analyzing module http-signature@0.9.11:lib/signer.js (58)
Analyzing module http-signature@0.9.11:lib/verify.js (59)
Analyzing module http-signature@0.9.11:lib/util.js (60)
Analyzing module combined-stream@0.0.7:lib/combined_stream.js (61)
Analyzing module async@0.2.10:lib/async.js (62)
Analyzing module cookie-jar@0.3.0:jar.js (63)
Analyzing module i@0.3.7:lib/inflect.js (64)
Analyzing module deep-equal@2.2.3:index.js (65)
Analyzing module ncp@0.4.2:lib/ncp.js (66)
Analyzing module utile@0.2.1:lib/file.js (67)
Analyzing module utile@0.2.1:lib/args.js (68)
Analyzing module utile@0.2.1:lib/base64.js (69)
Analyzing module utile@0.2.1:lib/format.js (70)
Analyzing module mute-stream@0.0.8:mute.js (71)
Analyzing module winston@0.8.3:lib/winston/transports.js (72)
Analyzing module winston@0.8.3:lib/winston/common.js (73)
Analyzing module winston@0.8.3:lib/winston/exception.js (74)
Analyzing module winston@0.8.3:lib/winston/config.js (75)
Analyzing module winston@0.8.3:lib/winston/container.js (76)
Analyzing module winston@0.8.3:lib/winston/logger.js (77)
Analyzing module winston@0.8.3:lib/winston/transports/transport.js (78)
Analyzing module colors@1.4.0:lib/system/has-flag.js (79)
Analyzing module amdefine@1.0.1:amdefine.js (80)
Analyzing module boom@0.4.2:index.js (81)
Analyzing module sntp@0.2.4:index.js (82)
Analyzing module hawk@0.13.1:lib/server.js (83)
Analyzing module hawk@0.13.1:lib/client.js (84)
Analyzing module hawk@0.13.1:lib/crypto.js (85)
Analyzing module hawk@0.13.1:lib/utils.js (86)
Analyzing module assert-plus@0.1.2:assert.js (87)
Analyzing module asn1@0.1.11:lib/index.js (88)
Analyzing module ctype@0.5.2:ctype.js (89)
Analyzing module delayed-stream@0.0.5:lib/delayed_stream.js (90)
Analyzing module i@0.3.7:lib/methods.js (91)
Analyzing module i@0.3.7:lib/native.js (92)
Analyzing module object.assign@4.1.7:index.js (93)
Analyzing module call-bind@1.0.9:callBound.js (94)
Analyzing module regexp.prototype.flags@1.5.4:index.js (95)
Analyzing module get-intrinsic@1.3.0:index.js (96)
Analyzing module es-get-iterator@1.1.3:node.js (97)
Analyzing module side-channel@1.1.1:index.js (98)
Analyzing module object-is@1.1.6:index.js (99)
Analyzing module is-arguments@1.2.0:index.js (100)
Analyzing module isarray@2.0.5:index.js (101)
Analyzing module is-array-buffer@3.0.5:index.js (102)
Analyzing module is-date-object@1.1.0:index.js (103)
Analyzing module is-regex@1.2.1:index.js (104)
Analyzing module is-shared-array-buffer@1.0.4:index.js (105)
Analyzing module object-keys@1.1.1:index.js (106)
Analyzing module which-boxed-primitive@1.1.1:index.js (107)
Analyzing module which-collection@1.0.2:index.js (108)
Analyzing module which-typed-array@1.1.22:index.js (109)
Analyzing module array-buffer-byte-length@1.0.2:index.js (110)
Analyzing module cycle@1.0.3:cycle.js (111)
Analyzing module stack-trace@0.0.10:lib/stack-trace.js (112)
Analyzing module colors@0.6.2:colors.js (113)
Analyzing module winston@0.8.3:lib/winston/config/cli-config.js (114)
Analyzing module winston@0.8.3:lib/winston/config/npm-config.js (115)
Analyzing module winston@0.8.3:lib/winston/config/syslog-config.js (116)
Analyzing module boom@0.4.2:lib/index.js (117)
Analyzing module sntp@0.2.4:lib/index.js (118)
Analyzing module hoek@0.8.5:index.js (119)
Analyzing module cryptiles@0.2.2:index.js (120)
Analyzing module asn1@0.1.11:lib/ber/index.js (121)
Analyzing module ctype@0.5.2:ctf.js (122)
Analyzing module ctype@0.5.2:ctio.js (123)
Analyzing module i@0.3.7:lib/util.js (124)
Analyzing module i@0.3.7:lib/inflections.js (125)
Analyzing module define-properties@1.2.1:index.js (126)
Analyzing module call-bind@1.0.9:index.js (127)
Analyzing module object.assign@4.1.7:implementation.js (128)
Analyzing module object.assign@4.1.7:polyfill.js (129)
Analyzing module object.assign@4.1.7:shim.js (130)
Analyzing module regexp.prototype.flags@1.5.4:implementation.js (131)
Analyzing module regexp.prototype.flags@1.5.4:polyfill.js (132)
Analyzing module regexp.prototype.flags@1.5.4:shim.js (133)
Analyzing module es-object-atoms@1.1.2:index.js (134)
Analyzing module es-errors@1.3.0:index.js (135)
Analyzing module es-errors@1.3.0:eval.js (136)
Analyzing module es-errors@1.3.0:range.js (137)
Analyzing module es-errors@1.3.0:ref.js (138)
Analyzing module es-errors@1.3.0:syntax.js (139)
Analyzing module es-errors@1.3.0:type.js (140)
Analyzing module es-errors@1.3.0:uri.js (141)
Analyzing module math-intrinsics@1.1.0:abs.js (142)
Analyzing module math-intrinsics@1.1.0:floor.js (143)
Analyzing module math-intrinsics@1.1.0:max.js (144)
Analyzing module math-intrinsics@1.1.0:min.js (145)
Analyzing module math-intrinsics@1.1.0:pow.js (146)
Analyzing module math-intrinsics@1.1.0:round.js (147)
Analyzing module math-intrinsics@1.1.0:sign.js (148)
Analyzing module gopd@1.2.0:index.js (149)
Analyzing module es-define-property@1.0.1:index.js (150)
Analyzing module has-symbols@1.1.0:index.js (151)
Analyzing module get-proto@1.0.1:index.js (152)
Analyzing module get-proto@1.0.1:Object.getPrototypeOf.js (153)
Analyzing module get-proto@1.0.1:Reflect.getPrototypeOf.js (154)
Analyzing module call-bind-apply-helpers@1.0.2:functionApply.js (155)
Analyzing module call-bind-apply-helpers@1.0.2:functionCall.js (156)
Analyzing module function-bind@1.1.2:index.js (157)
Analyzing module hasown@2.0.4:index.js (158)
Analyzing module object-inspect@1.13.4:index.js (159)
Analyzing module side-channel-list@1.0.1:index.js (160)
Analyzing module side-channel-map@1.0.1:index.js (161)
Analyzing module side-channel-weakmap@1.0.2:index.js (162)
Analyzing module object-is@1.1.6:implementation.js (163)
Analyzing module object-is@1.1.6:polyfill.js (164)
Analyzing module object-is@1.1.6:shim.js (165)
Analyzing module has-tostringtag@1.0.2:shams.js (166)
Analyzing module call-bound@1.0.4:index.js (167)
Analyzing module object-keys@1.1.1:isArguments.js (168)
Analyzing module object-keys@1.1.1:implementation.js (169)
Analyzing module is-string@1.1.1:index.js (170)
Analyzing module is-number-object@1.1.1:index.js (171)
Analyzing module is-boolean-object@1.2.2:index.js (172)
Analyzing module is-symbol@1.1.1:index.js (173)
Analyzing module is-bigint@1.1.0:index.js (174)
Analyzing module is-map@2.0.3:index.js (175)
Analyzing module is-set@2.0.3:index.js (176)
Analyzing module is-weakmap@2.0.2:index.js (177)
Analyzing module is-weakset@2.0.4:index.js (178)
Analyzing module for-each@0.3.5:index.js (179)
Analyzing module available-typed-arrays@1.0.7:index.js (180)
Analyzing module hoek@0.9.1:index.js (181)
Analyzing module hoek@0.8.5:lib/index.js (182)
Analyzing module cryptiles@0.2.2:lib/index.js (183)
Analyzing module asn1@0.1.11:lib/ber/errors.js (184)
Analyzing module asn1@0.1.11:lib/ber/types.js (185)
Analyzing module asn1@0.1.11:lib/ber/reader.js (186)
Analyzing module asn1@0.1.11:lib/ber/writer.js (187)
Analyzing module i@0.3.7:lib/defaults.js (188)
Analyzing module define-data-property@1.1.4:index.js (189)
Analyzing module has-property-descriptors@1.0.2:index.js (190)
Analyzing module set-function-length@1.2.2:index.js (191)
Analyzing module call-bind-apply-helpers@1.0.2:index.js (192)
Analyzing module call-bind-apply-helpers@1.0.2:applyBind.js (193)
Analyzing module has-symbols@1.1.0:shams.js (194)
Analyzing module set-function-name@2.0.2:index.js (195)
Analyzing module math-intrinsics@1.1.0:isNaN.js (196)
Analyzing module gopd@1.2.0:gOPD.js (197)
Analyzing module dunder-proto@1.0.1:get.js (198)
Analyzing module function-bind@1.1.2:implementation.js (199)
Analyzing module object-inspect@1.13.4:util.inspect.js (200)
Analyzing module safe-regex-test@1.1.0:index.js (201)
Analyzing module has-bigints@1.1.0:index.js (202)
Analyzing module is-callable@1.2.7:index.js (203)
Analyzing module possible-typed-array-names@1.1.0:index.js (204)
Analyzing module hoek@0.9.1:lib/index.js (205)
Analyzing module hoek@0.8.5:lib/escape.js (206)
Analyzing module call-bind-apply-helpers@1.0.2:actualApply.js (207)
Analyzing module functions-have-names@1.2.3:index.js (208)
Analyzing module hoek@0.9.1:lib/escape.js (209)
Analyzing module call-bind-apply-helpers@1.0.2:reflectApply.js (210)
Analyzing module lru-cache@2.7.3:lib/lru-cache.js (211)
Analyzing module sigmund@1.0.1:sigmund.js (212)
Analyzed packages: 109, modules: 212, functions: 2090, code size main: 1KB, dependencies: 971KB
Call edges function->function: 4163, call->function: 5394
Calls with zero or one callee: 3718/7281 (51.06%), multiple: 514/7281 (7.06%), native or external: 3049/7281 (41.88%)
Functions with zero callers: 590/2090 (28.23%), reachable functions: 575/2090 (27.51%)
Analysis time: 1969ms, memory usage: 261MB (without --gc)
Analysis errors: 0, warnings: 464 (show all with --warnings-unsupported)
