Analyzing module <anonymous>:m-log.test.js (1)
Analyzing module m-log@0.0.1:index.js (2)
Analyzing module m-log@0.0.1:libs/log.js (3)
Analyzing module colors@1.4.0:lib/index.js (4)
Analyzing module date-format@0.0.2:lib/index.js (5)
Analyzing module colors@1.4.0:lib/colors.js (6)
Analyzing module colors@1.4.0:lib/extendStringPrototype.js (7)
Analyzing module colors@1.4.0:lib/styles.js (8)
Analyzing module colors@1.4.0:lib/system/supports-colors.js (9)
Analyzing module colors@1.4.0:lib/custom/trap.js (10)
Analyzing module colors@1.4.0:lib/custom/zalgo.js (11)
Analyzing module colors@1.4.0:lib/maps/america.js (12)
Analyzing module colors@1.4.0:lib/maps/zebra.js (13)
Analyzing module colors@1.4.0:lib/maps/rainbow.js (14)
Analyzing module colors@1.4.0:lib/maps/random.js (15)
Analyzing module colors@1.4.0:lib/system/has-flag.js (16)
Analyzed packages: 4, modules: 16, functions: 86, code size main: 1KB, dependencies: 30KB
Call edges function->function: 53, call->function: 86
Calls with zero or one callee: 132/243 (54.32%), multiple: 1/243 (0.41%), native or external: 110/243 (45.27%)
Functions with zero callers: 41/86 (47.67%), reachable functions: 28/86 (32.56%)
Analysis time: 141ms, memory usage: 55MB (without --gc)
Analysis errors: 0, warnings: 27 (show all with --warnings-unsupported)
