Analyzing module <anonymous>:djv.test.js (1)
Analyzing module djv@2.0.0:lib/djv.js (2)
Analyzing module djv@2.0.0:lib/utils/uri.js (3)
Analyzing module djv@2.0.0:lib/utils/template.js (4)
Analyzing module djv@2.0.0:lib/utils/formats.js (5)
Analyzing module djv@2.0.0:lib/utils/state.js (6)
Analyzing module djv@2.0.0:lib/utils/environment.js (7)
Analyzing module @korzio/djv-draft-04@2.0.1:index.js (8)
Analyzing module djv@2.0.0:lib/validators/index.js (9)
Analyzing module djv@2.0.0:lib/utils/index.js (10)
Analyzing module djv@2.0.0:lib/utils/schema.js (11)
Analyzing module djv@2.0.0:lib/utils/properties.js (12)
Analyzing module djv@2.0.0:lib/utils/keywords.js (13)
Analyzing module djv@2.0.0:lib/validators/required.js (14)
Analyzing module djv@2.0.0:lib/validators/format.js (15)
Analyzing module djv@2.0.0:lib/validators/property.js (16)
Analyzing module djv@2.0.0:lib/validators/type.js (17)
Analyzing module djv@2.0.0:lib/validators/$ref.js (18)
Analyzing module djv@2.0.0:lib/validators/not.js (19)
Analyzing module djv@2.0.0:lib/validators/anyOf.js (20)
Analyzing module djv@2.0.0:lib/validators/oneOf.js (21)
Analyzing module djv@2.0.0:lib/validators/allOf.js (22)
Analyzing module djv@2.0.0:lib/validators/dependencies.js (23)
Analyzing module djv@2.0.0:lib/validators/properties.js (24)
Analyzing module djv@2.0.0:lib/validators/patternProperties.js (25)
Analyzing module djv@2.0.0:lib/validators/items.js (26)
Analyzing module djv@2.0.0:lib/validators/contains.js (27)
Analyzing module djv@2.0.0:lib/validators/const.js (28)
Analyzing module djv@2.0.0:lib/validators/propertyNames.js (29)
Analyzing module djv@2.0.0:lib/utils/types.js (30)
Analyzed packages: 3, modules: 30, functions: 99, code size main: 1KB, dependencies: 49KB
Call edges function->function: 166, call->function: 220
Calls with zero or one callee: 204/370 (55.14%), multiple: 2/370 (0.54%), native or external: 164/370 (44.32%)
Functions with zero callers: 16/99 (16.16%), reachable functions: 78/99 (78.79%)
Analysis time: 180ms, memory usage: 47MB (without --gc)
Analysis errors: 0, warnings: 26 (show all with --warnings-unsupported)
