Analyzing module <anonymous>:value-censorship.test.js (1)
Analyzing module value-censorship@1.1.0:index.js (2)
Analyzing module estraverse@4.3.0:estraverse.js (3)
Analyzing module acorn@6.4.2:dist/acorn.js (4)
Analyzing module escodegen@1.14.3:escodegen.js (5)
Analyzing module value-censorship@1.1.0:censorfn.js (6)
Analyzing module esutils@2.0.3:lib/utils.js (7)
Analyzing module source-map@0.6.1:source-map.js (8)
Analyzing module lodash@4.18.1:isEqual.js (9)
Analyzing module esutils@2.0.3:lib/ast.js (10)
Analyzing module esutils@2.0.3:lib/code.js (11)
Analyzing module esutils@2.0.3:lib/keyword.js (12)
Analyzing module source-map@0.6.1:lib/source-map-generator.js (13)
Analyzing module source-map@0.6.1:lib/source-map-consumer.js (14)
Analyzing module source-map@0.6.1:lib/source-node.js (15)
Analyzing module lodash@4.18.1:_baseIsEqual.js (16)
Analyzing module source-map@0.6.1:lib/base64-vlq.js (17)
Analyzing module source-map@0.6.1:lib/util.js (18)
Analyzing module source-map@0.6.1:lib/array-set.js (19)
Analyzing module source-map@0.6.1:lib/mapping-list.js (20)
Analyzing module source-map@0.6.1:lib/binary-search.js (21)
Analyzing module source-map@0.6.1:lib/quick-sort.js (22)
Analyzing module lodash@4.18.1:_baseIsEqualDeep.js (23)
Analyzing module lodash@4.18.1:isObjectLike.js (24)
Analyzing module source-map@0.6.1:lib/base64.js (25)
Analyzing module lodash@4.18.1:_Stack.js (26)
Analyzing module lodash@4.18.1:_equalArrays.js (27)
Analyzing module lodash@4.18.1:_equalByTag.js (28)
Analyzing module lodash@4.18.1:_equalObjects.js (29)
Analyzing module lodash@4.18.1:_getTag.js (30)
Analyzing module lodash@4.18.1:isArray.js (31)
Analyzing module lodash@4.18.1:isBuffer.js (32)
Analyzing module lodash@4.18.1:isTypedArray.js (33)
Analyzing module lodash@4.18.1:_ListCache.js (34)
Analyzing module lodash@4.18.1:_stackClear.js (35)
Analyzing module lodash@4.18.1:_stackDelete.js (36)
Analyzing module lodash@4.18.1:_stackGet.js (37)
Analyzing module lodash@4.18.1:_stackHas.js (38)
Analyzing module lodash@4.18.1:_stackSet.js (39)
Analyzing module lodash@4.18.1:_SetCache.js (40)
Analyzing module lodash@4.18.1:_arraySome.js (41)
Analyzing module lodash@4.18.1:_cacheHas.js (42)
Analyzing module lodash@4.18.1:_Symbol.js (43)
Analyzing module lodash@4.18.1:_Uint8Array.js (44)
Analyzing module lodash@4.18.1:eq.js (45)
Analyzing module lodash@4.18.1:_mapToArray.js (46)
Analyzing module lodash@4.18.1:_setToArray.js (47)
Analyzing module lodash@4.18.1:_getAllKeys.js (48)
Analyzing module lodash@4.18.1:_DataView.js (49)
Analyzing module lodash@4.18.1:_Map.js (50)
Analyzing module lodash@4.18.1:_Promise.js (51)
Analyzing module lodash@4.18.1:_Set.js (52)
Analyzing module lodash@4.18.1:_WeakMap.js (53)
Analyzing module lodash@4.18.1:_baseGetTag.js (54)
Analyzing module lodash@4.18.1:_toSource.js (55)
Analyzing module lodash@4.18.1:_root.js (56)
Analyzing module lodash@4.18.1:stubFalse.js (57)
Analyzing module lodash@4.18.1:_baseIsTypedArray.js (58)
Analyzing module lodash@4.18.1:_baseUnary.js (59)
Analyzing module lodash@4.18.1:_nodeUtil.js (60)
Analyzing module lodash@4.18.1:_listCacheClear.js (61)
Analyzing module lodash@4.18.1:_listCacheDelete.js (62)
Analyzing module lodash@4.18.1:_listCacheGet.js (63)
Analyzing module lodash@4.18.1:_listCacheHas.js (64)
Analyzing module lodash@4.18.1:_listCacheSet.js (65)
Analyzing module lodash@4.18.1:_MapCache.js (66)
Analyzing module lodash@4.18.1:_setCacheAdd.js (67)
Analyzing module lodash@4.18.1:_setCacheHas.js (68)
Analyzing module lodash@4.18.1:_baseGetAllKeys.js (69)
Analyzing module lodash@4.18.1:_getSymbols.js (70)
Analyzing module lodash@4.18.1:keys.js (71)
Analyzing module lodash@4.18.1:_getNative.js (72)
Analyzing module lodash@4.18.1:_getRawTag.js (73)
Analyzing module lodash@4.18.1:_objectToString.js (74)
Analyzing module lodash@4.18.1:_freeGlobal.js (75)
Analyzing module lodash@4.18.1:isLength.js (76)
Analyzing module lodash@4.18.1:_assocIndexOf.js (77)
Analyzing module lodash@4.18.1:_mapCacheClear.js (78)
Analyzing module lodash@4.18.1:_mapCacheDelete.js (79)
Analyzing module lodash@4.18.1:_mapCacheGet.js (80)
Analyzing module lodash@4.18.1:_mapCacheHas.js (81)
Analyzing module lodash@4.18.1:_mapCacheSet.js (82)
Analyzing module lodash@4.18.1:_arrayPush.js (83)
Analyzing module lodash@4.18.1:_arrayFilter.js (84)
Analyzing module lodash@4.18.1:stubArray.js (85)
Analyzing module lodash@4.18.1:_arrayLikeKeys.js (86)
Analyzing module lodash@4.18.1:_baseKeys.js (87)
Analyzing module lodash@4.18.1:isArrayLike.js (88)
Analyzing module lodash@4.18.1:_baseIsNative.js (89)
Analyzing module lodash@4.18.1:_getValue.js (90)
Analyzing module lodash@4.18.1:_Hash.js (91)
Analyzing module lodash@4.18.1:_getMapData.js (92)
Analyzing module lodash@4.18.1:_baseTimes.js (93)
Analyzing module lodash@4.18.1:isArguments.js (94)
Analyzing module lodash@4.18.1:_isIndex.js (95)
Analyzing module lodash@4.18.1:_isPrototype.js (96)
Analyzing module lodash@4.18.1:_nativeKeys.js (97)
Analyzing module lodash@4.18.1:isFunction.js (98)
Analyzing module lodash@4.18.1:_isMasked.js (99)
Analyzing module lodash@4.18.1:isObject.js (100)
Analyzing module lodash@4.18.1:_hashClear.js (101)
Analyzing module lodash@4.18.1:_hashDelete.js (102)
Analyzing module lodash@4.18.1:_hashGet.js (103)
Analyzing module lodash@4.18.1:_hashHas.js (104)
Analyzing module lodash@4.18.1:_hashSet.js (105)
Analyzing module lodash@4.18.1:_isKeyable.js (106)
Analyzing module lodash@4.18.1:_baseIsArguments.js (107)
Analyzing module lodash@4.18.1:_overArg.js (108)
Analyzing module lodash@4.18.1:_coreJsData.js (109)
Analyzing module lodash@4.18.1:_nativeCreate.js (110)
Analyzed packages: 8, modules: 110, functions: 701, code size main: 1KB, dependencies: 511KB
Call edges function->function: 1472, call->function: 2063
Calls with zero or one callee: 2135/3153 (67.71%), multiple: 28/3153 (0.89%), native or external: 990/3153 (31.40%)
Functions with zero callers: 159/701 (22.68%), reachable functions: 384/701 (54.78%)
Analysis time: 908ms, memory usage: 170MB (without --gc)
Analysis errors: 0, warnings: 59 (show all with --warnings-unsupported)
