Analyzing module <anonymous>:kmc.test.js (1)
Analyzing module kmc@1.2.2:lib/index.js (2)
Analyzing module kmc@1.2.2:lib/fileUtil.js (3)
Analyzing module iconv-lite@0.7.3:lib/index.js (4)
Analyzing module colors@1.4.0:lib/index.js (5)
Analyzing module safer-buffer@2.1.2:safer.js (6)
Analyzing module iconv-lite@0.7.3:lib/bom-handling.js (7)
Analyzing module iconv-lite@0.7.3:lib/helpers/merge-exports.js (8)
Analyzing module iconv-lite@0.7.3:encodings/index.js (9)
Analyzing module iconv-lite@0.7.3:lib/streams.js (10)
Analyzing module colors@1.4.0:lib/colors.js (11)
Analyzing module colors@1.4.0:lib/extendStringPrototype.js (12)
Analyzing module iconv-lite@0.7.3:encodings/internal.js (13)
Analyzing module iconv-lite@0.7.3:encodings/utf32.js (14)
Analyzing module iconv-lite@0.7.3:encodings/utf16.js (15)
Analyzing module iconv-lite@0.7.3:encodings/utf7.js (16)
Analyzing module iconv-lite@0.7.3:encodings/sbcs-codec.js (17)
Analyzing module iconv-lite@0.7.3:encodings/sbcs-data.js (18)
Analyzing module iconv-lite@0.7.3:encodings/sbcs-data-generated.js (19)
Analyzing module iconv-lite@0.7.3:encodings/dbcs-codec.js (20)
Analyzing module iconv-lite@0.7.3:encodings/dbcs-data.js (21)
Analyzing module colors@1.4.0:lib/styles.js (22)
Analyzing module colors@1.4.0:lib/system/supports-colors.js (23)
Analyzing module colors@1.4.0:lib/custom/trap.js (24)
Analyzing module colors@1.4.0:lib/custom/zalgo.js (25)
Analyzing module colors@1.4.0:lib/maps/america.js (26)
Analyzing module colors@1.4.0:lib/maps/zebra.js (27)
Analyzing module colors@1.4.0:lib/maps/rainbow.js (28)
Analyzing module colors@1.4.0:lib/maps/random.js (29)
Analyzing module colors@1.4.0:lib/system/has-flag.js (30)
Analyzed packages: 5, modules: 30, functions: 219, code size main: 1KB, dependencies: 152KB
Call edges function->function: 145, call->function: 179
Calls with zero or one callee: 237/665 (35.64%), multiple: 0/665 (0.00%), native or external: 428/665 (64.36%)
Functions with zero callers: 126/219 (57.53%), reachable functions: 33/219 (15.07%)
Analysis time: 330ms, memory usage: 75MB (without --gc)
Analysis errors: 0, warnings: 37 (show all with --warnings-unsupported)
