Analyzing module <anonymous>:mathjs.test.js (1)
Analyzing module mathjs@3.9.0:index.js (2)
Analyzing module mathjs@3.9.0:core.js (3)
Analyzing module mathjs@3.9.0:lib/index.js (4)
Analyzing module mathjs@3.9.0:lib/core/core.js (5)
Analyzing module mathjs@3.9.0:lib/type/index.js (6)
Analyzing module mathjs@3.9.0:lib/constants.js (7)
Analyzing module mathjs@3.9.0:lib/expression/index.js (8)
Analyzing module mathjs@3.9.0:lib/function/index.js (9)
Analyzing module mathjs@3.9.0:lib/json/index.js (10)
Analyzing module mathjs@3.9.0:lib/error/index.js (11)
Analyzing module mathjs@3.9.0:lib/utils/object.js (12)
Analyzing module mathjs@3.9.0:lib/core/typed.js (13)
Analyzing module mathjs@3.9.0:lib/utils/emitter.js (14)
Analyzing module mathjs@3.9.0:lib/core/function/import.js (15)
Analyzing module mathjs@3.9.0:lib/core/function/config.js (16)
Analyzing module mathjs@3.9.0:lib/type/bignumber/index.js (17)
Analyzing module mathjs@3.9.0:lib/type/boolean.js (18)
Analyzing module mathjs@3.9.0:lib/type/chain/index.js (19)
Analyzing module mathjs@3.9.0:lib/type/complex/index.js (20)
Analyzing module mathjs@3.9.0:lib/type/fraction/index.js (21)
Analyzing module mathjs@3.9.0:lib/type/matrix/index.js (22)
Analyzing module mathjs@3.9.0:lib/type/number.js (23)
Analyzing module mathjs@3.9.0:lib/type/resultset/index.js (24)
Analyzing module mathjs@3.9.0:lib/type/string.js (25)
Analyzing module mathjs@3.9.0:lib/type/unit/index.js (26)
Analyzing module mathjs@3.9.0:lib/utils/bignumber/constants.js (27)
Analyzing module mathjs@3.9.0:lib/utils/array.js (28)
Analyzing module mathjs@3.9.0:lib/version.js (29)
Analyzing module mathjs@3.9.0:lib/expression/docs/index.js (30)
Analyzing module mathjs@3.9.0:lib/expression/function/index.js (31)
Analyzing module mathjs@3.9.0:lib/expression/node/index.js (32)
Analyzing module mathjs@3.9.0:lib/expression/transform/index.js (33)
Analyzing module mathjs@3.9.0:lib/expression/Help.js (34)
Analyzing module mathjs@3.9.0:lib/expression/parse.js (35)
Analyzing module mathjs@3.9.0:lib/expression/Parser.js (36)
Analyzing module mathjs@3.9.0:lib/function/algebra/index.js (37)
Analyzing module mathjs@3.9.0:lib/function/arithmetic/index.js (38)
Analyzing module mathjs@3.9.0:lib/function/bitwise/index.js (39)
Analyzing module mathjs@3.9.0:lib/function/combinatorics/index.js (40)
Analyzing module mathjs@3.9.0:lib/function/complex/index.js (41)
Analyzing module mathjs@3.9.0:lib/function/geometry/index.js (42)
Analyzing module mathjs@3.9.0:lib/function/logical/index.js (43)
Analyzing module mathjs@3.9.0:lib/function/matrix/index.js (44)
Analyzing module mathjs@3.9.0:lib/function/probability/index.js (45)
Analyzing module mathjs@3.9.0:lib/function/relational/index.js (46)
Analyzing module mathjs@3.9.0:lib/function/special/index.js (47)
Analyzing module mathjs@3.9.0:lib/function/statistics/index.js (48)
Analyzing module mathjs@3.9.0:lib/function/string/index.js (49)
Analyzing module mathjs@3.9.0:lib/function/trigonometry/index.js (50)
Analyzing module mathjs@3.9.0:lib/function/unit/index.js (51)
Analyzing module mathjs@3.9.0:lib/function/utils/index.js (52)
Analyzing module mathjs@3.9.0:lib/json/reviver.js (53)
Analyzing module mathjs@3.9.0:lib/error/ArgumentsError.js (54)
Analyzing module mathjs@3.9.0:lib/error/DimensionError.js (55)
Analyzing module mathjs@3.9.0:lib/error/IndexError.js (56)
Analyzing module typed-function@0.10.5:typed-function.js (57)
Analyzing module mathjs@3.9.0:lib/utils/number.js (58)
Analyzing module tiny-emitter@1.0.2:index.js (59)
Analyzing module mathjs@3.9.0:lib/type/bignumber/BigNumber.js (60)
Analyzing module mathjs@3.9.0:lib/type/bignumber/function/bignumber.js (61)
Analyzing module mathjs@3.9.0:lib/utils/collection/deepMap.js (62)
Analyzing module mathjs@3.9.0:lib/type/chain/Chain.js (63)
Analyzing module mathjs@3.9.0:lib/type/chain/function/chain.js (64)
Analyzing module mathjs@3.9.0:lib/type/complex/Complex.js (65)
Analyzing module mathjs@3.9.0:lib/type/complex/function/complex.js (66)
Analyzing module mathjs@3.9.0:lib/type/fraction/Fraction.js (67)
Analyzing module mathjs@3.9.0:lib/type/fraction/function/fraction.js (68)
Analyzing module mathjs@3.9.0:lib/type/matrix/Matrix.js (69)
Analyzing module mathjs@3.9.0:lib/type/matrix/DenseMatrix.js (70)
Analyzing module mathjs@3.9.0:lib/type/matrix/SparseMatrix.js (71)
Analyzing module mathjs@3.9.0:lib/type/matrix/Spa.js (72)
Analyzing module mathjs@3.9.0:lib/type/matrix/FibonacciHeap.js (73)
Analyzing module mathjs@3.9.0:lib/type/matrix/ImmutableDenseMatrix.js (74)
Analyzing module mathjs@3.9.0:lib/type/matrix/MatrixIndex.js (75)
Analyzing module mathjs@3.9.0:lib/type/matrix/Range.js (76)
Analyzing module mathjs@3.9.0:lib/type/matrix/function/index.js (77)
Analyzing module mathjs@3.9.0:lib/type/matrix/function/matrix.js (78)
Analyzing module mathjs@3.9.0:lib/type/matrix/function/sparse.js (79)
Analyzing module mathjs@3.9.0:lib/type/resultset/ResultSet.js (80)
Analyzing module mathjs@3.9.0:lib/type/unit/Unit.js (81)
Analyzing module mathjs@3.9.0:lib/type/unit/function/unit.js (82)
Analyzing module mathjs@3.9.0:lib/type/unit/function/createUnit.js (83)
Analyzing module mathjs@3.9.0:lib/type/unit/function/splitUnit.js (84)
Analyzing module mathjs@3.9.0:lib/type/unit/physicalConstants.js (85)
Analyzing module mathjs@3.9.0:lib/utils/function.js (86)
Analyzing module mathjs@3.9.0:lib/utils/string.js (87)
Analyzing module mathjs@3.9.0:lib/utils/types.js (88)
Analyzing module mathjs@3.9.0:lib/expression/docs/construction/bignumber.js (89)
Analyzing module mathjs@3.9.0:lib/expression/docs/construction/boolean.js (90)
Analyzing module mathjs@3.9.0:lib/expression/docs/construction/complex.js (91)
Analyzing module mathjs@3.9.0:lib/expression/docs/construction/createUnit.js (92)
Analyzing module mathjs@3.9.0:lib/expression/docs/construction/fraction.js (93)
Analyzing module mathjs@3.9.0:lib/expression/docs/construction/index.js (94)
Analyzing module mathjs@3.9.0:lib/expression/docs/construction/matrix.js (95)
Analyzing module mathjs@3.9.0:lib/expression/docs/construction/number.js (96)
Analyzing module mathjs@3.9.0:lib/expression/docs/construction/sparse.js (97)
Analyzing module mathjs@3.9.0:lib/expression/docs/construction/splitUnit.js (98)
Analyzing module mathjs@3.9.0:lib/expression/docs/construction/string.js (99)
Analyzing module mathjs@3.9.0:lib/expression/docs/construction/unit.js (100)
Analyzing module mathjs@3.9.0:lib/expression/docs/constants/e.js (101)
Analyzing module mathjs@3.9.0:lib/expression/docs/constants/false.js (102)
Analyzing module mathjs@3.9.0:lib/expression/docs/constants/i.js (103)
Analyzing module mathjs@3.9.0:lib/expression/docs/constants/Infinity.js (104)
Analyzing module mathjs@3.9.0:lib/expression/docs/constants/LN2.js (105)
Analyzing module mathjs@3.9.0:lib/expression/docs/constants/LN10.js (106)
Analyzing module mathjs@3.9.0:lib/expression/docs/constants/LOG2E.js (107)
Analyzing module mathjs@3.9.0:lib/expression/docs/constants/LOG10E.js (108)
Analyzing module mathjs@3.9.0:lib/expression/docs/constants/NaN.js (109)
Analyzing module mathjs@3.9.0:lib/expression/docs/constants/null.js (110)
Analyzing module mathjs@3.9.0:lib/expression/docs/constants/pi.js (111)
Analyzing module mathjs@3.9.0:lib/expression/docs/constants/phi.js (112)
Analyzing module mathjs@3.9.0:lib/expression/docs/constants/SQRT1_2.js (113)
Analyzing module mathjs@3.9.0:lib/expression/docs/constants/SQRT2.js (114)
Analyzing module mathjs@3.9.0:lib/expression/docs/constants/tau.js (115)
Analyzing module mathjs@3.9.0:lib/expression/docs/constants/true.js (116)
Analyzing module mathjs@3.9.0:lib/expression/docs/constants/version.js (117)
Analyzing module mathjs@3.9.0:lib/expression/docs/function/algebra/derivative.js (118)
Analyzing module mathjs@3.9.0:lib/expression/docs/function/algebra/lsolve.js (119)
Analyzing module mathjs@3.9.0:lib/expression/docs/function/algebra/lup.js (120)
Analyzing module mathjs@3.9.0:lib/expression/docs/function/algebra/lusolve.js (121)
Analyzing module mathjs@3.9.0:lib/expression/docs/function/algebra/simplify.js (122)
Analyzing module mathjs@3.9.0:lib/expression/docs/function/algebra/slu.js (123)
Analyzing module mathjs@3.9.0:lib/expression/docs/function/algebra/usolve.js (124)
Analyzing module mathjs@3.9.0:lib/expression/docs/function/arithmetic/abs.js (125)
Analyzing module mathjs@3.9.0:lib/expression/docs/function/arithmetic/add.js (126)
Analyzing module mathjs@3.9.0:lib/expression/docs/function/arithmetic/cbrt.js (127)
Analyzing module mathjs@3.9.0:lib/expression/docs/function/arithmetic/ceil.js (128)
Analyzing module mathjs@3.9.0:lib/expression/docs/function/arithmetic/cube.js (129)
Analyzing module mathjs@3.9.0:lib/expression/docs/function/arithmetic/divide.js (130)
Analyzing module mathjs@3.9.0:lib/expression/docs/function/arithmetic/dotDivide.js (131)
Analyzing module mathjs@3.9.0:lib/expression/docs/function/arithmetic/dotMultiply.js (132)
Analyzing module mathjs@3.9.0:lib/expression/docs/function/arithmetic/dotPow.js (133)
Analyzing module mathjs@3.9.0:lib/expression/docs/function/arithmetic/exp.js (134)
Analyzing module mathjs@3.9.0:lib/expression/docs/function/arithmetic/fix.js (135)
Analyzing module mathjs@3.9.0:lib/expression/docs/function/arithmetic/floor.js (136)
Analyzing module mathjs@3.9.0:lib/expression/docs/function/arithmetic/gcd.js (137)
Analyzing module mathjs@3.9.0:lib/expression/docs/function/arithmetic/hypot.js (138)
Analyzing module mathjs@3.9.0:lib/expression/docs/function/arithmetic/lcm.js (139)
Analyzing module mathjs@3.9.0:lib/expression/docs/function/arithmetic/log.js (140)
Analyzing module mathjs@3.9.0:lib/expression/docs/function/arithmetic/log10.js (141)
Analyzing module mathjs@3.9.0:lib/expression/docs/function/arithmetic/mod.js (142)
Analyzing module mathjs@3.9.0:lib/expression/docs/function/arithmetic/multiply.js (143)
Analyzing module mathjs@3.9.0:lib/expression/docs/function/arithmetic/norm.js (144)
Analyzing module mathjs@3.9.0:lib/expression/docs/function/arithmetic/nthRoot.js (145)
Analyzing module mathjs@3.9.0:lib/expression/docs/function/arithmetic/pow.js (146)
Analyzing module mathjs@3.9.0:lib/expression/docs/function/arithmetic/round.js (147)
Analyzing module mathjs@3.9.0:lib/expression/docs/function/arithmetic/sign.js (148)
Analyzing module mathjs@3.9.0:lib/expression/docs/function/arithmetic/sqrt.js (149)
Analyzing module mathjs@3.9.0:lib/expression/docs/function/arithmetic/square.js (150)
Analyzing module mathjs@3.9.0:lib/expression/docs/function/arithmetic/subtract.js (151)
Analyzing module mathjs@3.9.0:lib/expression/docs/function/arithmetic/unaryMinus.js (152)
Analyzing module mathjs@3.9.0:lib/expression/docs/function/arithmetic/unaryPlus.js (153)
Analyzing module mathjs@3.9.0:lib/expression/docs/function/arithmetic/xgcd.js (154)
Analyzing module mathjs@3.9.0:lib/expression/docs/function/bitwise/bitAnd.js (155)
Analyzing module mathjs@3.9.0:lib/expression/docs/function/bitwise/bitNot.js (156)
Analyzing module mathjs@3.9.0:lib/expression/docs/function/bitwise/bitOr.js (157)
Analyzing module mathjs@3.9.0:lib/expression/docs/function/bitwise/bitXor.js (158)
Analyzing module mathjs@3.9.0:lib/expression/docs/function/bitwise/leftShift.js (159)
Analyzing module mathjs@3.9.0:lib/expression/docs/function/bitwise/rightArithShift.js (160)
Analyzing module mathjs@3.9.0:lib/expression/docs/function/bitwise/rightLogShift.js (161)
Analyzing module mathjs@3.9.0:lib/expression/docs/function/combinatorics/bellNumbers.js (162)
Analyzing module mathjs@3.9.0:lib/expression/docs/function/combinatorics/catalan.js (163)
Analyzing module mathjs@3.9.0:lib/expression/docs/function/combinatorics/composition.js (164)
Analyzing module mathjs@3.9.0:lib/expression/docs/function/combinatorics/stirlingS2.js (165)
Analyzing module mathjs@3.9.0:lib/expression/docs/core/config.js (166)
Analyzing module mathjs@3.9.0:lib/expression/docs/core/import.js (167)
Analyzing module mathjs@3.9.0:lib/expression/docs/core/typed.js (168)
Analyzing module mathjs@3.9.0:lib/expression/docs/function/complex/arg.js (169)
Analyzing module mathjs@3.9.0:lib/expression/docs/function/complex/conj.js (170)
Analyzing module mathjs@3.9.0:lib/expression/docs/function/complex/re.js (171)
Analyzing module mathjs@3.9.0:lib/expression/docs/function/complex/im.js (172)
Analyzing module mathjs@3.9.0:lib/expression/docs/function/expression/eval.js (173)
Analyzing module mathjs@3.9.0:lib/expression/docs/function/expression/help.js (174)
Analyzing module mathjs@3.9.0:lib/expression/docs/function/geometry/distance.js (175)
Analyzing module mathjs@3.9.0:lib/expression/docs/function/geometry/intersect.js (176)
Analyzing module mathjs@3.9.0:lib/expression/docs/function/logical/and.js (177)
Analyzing module mathjs@3.9.0:lib/expression/docs/function/logical/not.js (178)
Analyzing module mathjs@3.9.0:lib/expression/docs/function/logical/or.js (179)
Analyzing module mathjs@3.9.0:lib/expression/docs/function/logical/xor.js (180)
Analyzing module mathjs@3.9.0:lib/expression/docs/function/matrix/concat.js (181)
Analyzing module mathjs@3.9.0:lib/expression/docs/function/matrix/cross.js (182)
Analyzing module mathjs@3.9.0:lib/expression/docs/function/matrix/det.js (183)
Analyzing module mathjs@3.9.0:lib/expression/docs/function/matrix/diag.js (184)
Analyzing module mathjs@3.9.0:lib/expression/docs/function/matrix/dot.js (185)
Analyzing module mathjs@3.9.0:lib/expression/docs/function/matrix/eye.js (186)
Analyzing module mathjs@3.9.0:lib/expression/docs/function/matrix/filter.js (187)
Analyzing module mathjs@3.9.0:lib/expression/docs/function/matrix/flatten.js (188)
Analyzing module mathjs@3.9.0:lib/expression/docs/function/matrix/forEach.js (189)
Analyzing module mathjs@3.9.0:lib/expression/docs/function/matrix/inv.js (190)
Analyzing module mathjs@3.9.0:lib/expression/docs/function/matrix/kron.js (191)
Analyzing module mathjs@3.9.0:lib/expression/docs/function/matrix/map.js (192)
Analyzing module mathjs@3.9.0:lib/expression/docs/function/matrix/ones.js (193)
Analyzing module mathjs@3.9.0:lib/expression/docs/function/matrix/partitionSelect.js (194)
Analyzing module mathjs@3.9.0:lib/expression/docs/function/matrix/range.js (195)
Analyzing module mathjs@3.9.0:lib/expression/docs/function/matrix/resize.js (196)
Analyzing module mathjs@3.9.0:lib/expression/docs/function/matrix/size.js (197)
Analyzing module mathjs@3.9.0:lib/expression/docs/function/matrix/sort.js (198)
Analyzing module mathjs@3.9.0:lib/expression/docs/function/matrix/squeeze.js (199)
Analyzing module mathjs@3.9.0:lib/expression/docs/function/matrix/subset.js (200)
Analyzing module mathjs@3.9.0:lib/expression/docs/function/matrix/trace.js (201)
Analyzing module mathjs@3.9.0:lib/expression/docs/function/matrix/transpose.js (202)
Analyzing module mathjs@3.9.0:lib/expression/docs/function/matrix/zeros.js (203)
Analyzing module mathjs@3.9.0:lib/expression/docs/function/probability/combinations.js (204)
Analyzing module mathjs@3.9.0:lib/expression/docs/function/probability/factorial.js (205)
Analyzing module mathjs@3.9.0:lib/expression/docs/function/probability/gamma.js (206)
Analyzing module mathjs@3.9.0:lib/expression/docs/function/probability/kldivergence.js (207)
Analyzing module mathjs@3.9.0:lib/expression/docs/function/probability/multinomial.js (208)
Analyzing module mathjs@3.9.0:lib/expression/docs/function/probability/permutations.js (209)
Analyzing module mathjs@3.9.0:lib/expression/docs/function/probability/pickRandom.js (210)
Analyzing module mathjs@3.9.0:lib/expression/docs/function/probability/random.js (211)
Analyzing module mathjs@3.9.0:lib/expression/docs/function/probability/randomInt.js (212)
Analyzing module mathjs@3.9.0:lib/expression/docs/function/relational/compare.js (213)
Analyzing module mathjs@3.9.0:lib/expression/docs/function/relational/deepEqual.js (214)
Analyzing module mathjs@3.9.0:lib/expression/docs/function/relational/equal.js (215)
Analyzing module mathjs@3.9.0:lib/expression/docs/function/relational/larger.js (216)
Analyzing module mathjs@3.9.0:lib/expression/docs/function/relational/largerEq.js (217)
Analyzing module mathjs@3.9.0:lib/expression/docs/function/relational/smaller.js (218)
Analyzing module mathjs@3.9.0:lib/expression/docs/function/relational/smallerEq.js (219)
Analyzing module mathjs@3.9.0:lib/expression/docs/function/relational/unequal.js (220)
Analyzing module mathjs@3.9.0:lib/expression/docs/function/special/erf.js (221)
Analyzing module mathjs@3.9.0:lib/expression/docs/function/statistics/mad.js (222)
Analyzing module mathjs@3.9.0:lib/expression/docs/function/statistics/max.js (223)
Analyzing module mathjs@3.9.0:lib/expression/docs/function/statistics/mean.js (224)
Analyzing module mathjs@3.9.0:lib/expression/docs/function/statistics/median.js (225)
Analyzing module mathjs@3.9.0:lib/expression/docs/function/statistics/min.js (226)
Analyzing module mathjs@3.9.0:lib/expression/docs/function/statistics/mode.js (227)
Analyzing module mathjs@3.9.0:lib/expression/docs/function/statistics/prod.js (228)
Analyzing module mathjs@3.9.0:lib/expression/docs/function/statistics/quantileSeq.js (229)
Analyzing module mathjs@3.9.0:lib/expression/docs/function/statistics/std.js (230)
Analyzing module mathjs@3.9.0:lib/expression/docs/function/statistics/sum.js (231)
Analyzing module mathjs@3.9.0:lib/expression/docs/function/statistics/var.js (232)
Analyzing module mathjs@3.9.0:lib/expression/docs/function/trigonometry/acos.js (233)
Analyzing module mathjs@3.9.0:lib/expression/docs/function/trigonometry/acosh.js (234)
Analyzing module mathjs@3.9.0:lib/expression/docs/function/trigonometry/acot.js (235)
Analyzing module mathjs@3.9.0:lib/expression/docs/function/trigonometry/acoth.js (236)
Analyzing module mathjs@3.9.0:lib/expression/docs/function/trigonometry/acsc.js (237)
Analyzing module mathjs@3.9.0:lib/expression/docs/function/trigonometry/acsch.js (238)
Analyzing module mathjs@3.9.0:lib/expression/docs/function/trigonometry/asec.js (239)
Analyzing module mathjs@3.9.0:lib/expression/docs/function/trigonometry/asech.js (240)
Analyzing module mathjs@3.9.0:lib/expression/docs/function/trigonometry/asin.js (241)
Analyzing module mathjs@3.9.0:lib/expression/docs/function/trigonometry/asinh.js (242)
Analyzing module mathjs@3.9.0:lib/expression/docs/function/trigonometry/atan.js (243)
Analyzing module mathjs@3.9.0:lib/expression/docs/function/trigonometry/atanh.js (244)
Analyzing module mathjs@3.9.0:lib/expression/docs/function/trigonometry/atan2.js (245)
Analyzing module mathjs@3.9.0:lib/expression/docs/function/trigonometry/cos.js (246)
Analyzing module mathjs@3.9.0:lib/expression/docs/function/trigonometry/cosh.js (247)
Analyzing module mathjs@3.9.0:lib/expression/docs/function/trigonometry/cot.js (248)
Analyzing module mathjs@3.9.0:lib/expression/docs/function/trigonometry/coth.js (249)
Analyzing module mathjs@3.9.0:lib/expression/docs/function/trigonometry/csc.js (250)
Analyzing module mathjs@3.9.0:lib/expression/docs/function/trigonometry/csch.js (251)
Analyzing module mathjs@3.9.0:lib/expression/docs/function/trigonometry/sec.js (252)
Analyzing module mathjs@3.9.0:lib/expression/docs/function/trigonometry/sech.js (253)
Analyzing module mathjs@3.9.0:lib/expression/docs/function/trigonometry/sin.js (254)
Analyzing module mathjs@3.9.0:lib/expression/docs/function/trigonometry/sinh.js (255)
Analyzing module mathjs@3.9.0:lib/expression/docs/function/trigonometry/tan.js (256)
Analyzing module mathjs@3.9.0:lib/expression/docs/function/trigonometry/tanh.js (257)
Analyzing module mathjs@3.9.0:lib/expression/docs/function/units/to.js (258)
Analyzing module mathjs@3.9.0:lib/expression/docs/function/utils/clone.js (259)
Analyzing module mathjs@3.9.0:lib/expression/docs/function/utils/format.js (260)
Analyzing module mathjs@3.9.0:lib/expression/docs/function/utils/isNaN.js (261)
Analyzing module mathjs@3.9.0:lib/expression/docs/function/utils/isInteger.js (262)
Analyzing module mathjs@3.9.0:lib/expression/docs/function/utils/isNegative.js (263)
Analyzing module mathjs@3.9.0:lib/expression/docs/function/utils/isNumeric.js (264)
Analyzing module mathjs@3.9.0:lib/expression/docs/function/utils/isPositive.js (265)
Analyzing module mathjs@3.9.0:lib/expression/docs/function/utils/isPrime.js (266)
Analyzing module mathjs@3.9.0:lib/expression/docs/function/utils/isZero.js (267)
Analyzing module mathjs@3.9.0:lib/expression/docs/function/utils/typeof.js (268)
Analyzing module mathjs@3.9.0:lib/expression/function/compile.js (269)
Analyzing module mathjs@3.9.0:lib/expression/function/eval.js (270)
Analyzing module mathjs@3.9.0:lib/expression/function/help.js (271)
Analyzing module mathjs@3.9.0:lib/expression/function/parse.js (272)
Analyzing module mathjs@3.9.0:lib/expression/function/parser.js (273)
Analyzing module mathjs@3.9.0:lib/expression/node/AccessorNode.js (274)
Analyzing module mathjs@3.9.0:lib/expression/node/ArrayNode.js (275)
Analyzing module mathjs@3.9.0:lib/expression/node/AssignmentNode.js (276)
Analyzing module mathjs@3.9.0:lib/expression/node/BlockNode.js (277)
Analyzing module mathjs@3.9.0:lib/expression/node/ConditionalNode.js (278)
Analyzing module mathjs@3.9.0:lib/expression/node/ConstantNode.js (279)
Analyzing module mathjs@3.9.0:lib/expression/node/IndexNode.js (280)
Analyzing module mathjs@3.9.0:lib/expression/node/FunctionAssignmentNode.js (281)
Analyzing module mathjs@3.9.0:lib/expression/node/FunctionNode.js (282)
Analyzing module mathjs@3.9.0:lib/expression/node/Node.js (283)
Analyzing module mathjs@3.9.0:lib/expression/node/ObjectNode.js (284)
Analyzing module mathjs@3.9.0:lib/expression/node/OperatorNode.js (285)
Analyzing module mathjs@3.9.0:lib/expression/node/ParenthesisNode.js (286)
Analyzing module mathjs@3.9.0:lib/expression/node/RangeNode.js (287)
Analyzing module mathjs@3.9.0:lib/expression/node/SymbolNode.js (288)
Analyzing module mathjs@3.9.0:lib/expression/node/UpdateNode.js (289)
Analyzing module mathjs@3.9.0:lib/expression/transform/concat.transform.js (290)
Analyzing module mathjs@3.9.0:lib/expression/transform/filter.transform.js (291)
Analyzing module mathjs@3.9.0:lib/expression/transform/forEach.transform.js (292)
Analyzing module mathjs@3.9.0:lib/expression/transform/index.transform.js (293)
Analyzing module mathjs@3.9.0:lib/expression/transform/map.transform.js (294)
Analyzing module mathjs@3.9.0:lib/expression/transform/max.transform.js (295)
Analyzing module mathjs@3.9.0:lib/expression/transform/mean.transform.js (296)
Analyzing module mathjs@3.9.0:lib/expression/transform/min.transform.js (297)
Analyzing module mathjs@3.9.0:lib/expression/transform/range.transform.js (298)
Analyzing module mathjs@3.9.0:lib/expression/transform/subset.transform.js (299)
Analyzing module mathjs@3.9.0:lib/function/algebra/derivative.js (300)
Analyzing module mathjs@3.9.0:lib/function/algebra/simplify.js (301)
Analyzing module mathjs@3.9.0:lib/function/algebra/decomposition/lup.js (302)
Analyzing module mathjs@3.9.0:lib/function/algebra/decomposition/slu.js (303)
Analyzing module mathjs@3.9.0:lib/function/algebra/solver/lsolve.js (304)
Analyzing module mathjs@3.9.0:lib/function/algebra/solver/lusolve.js (305)
Analyzing module mathjs@3.9.0:lib/function/algebra/solver/usolve.js (306)
Analyzing module mathjs@3.9.0:lib/function/arithmetic/abs.js (307)
Analyzing module mathjs@3.9.0:lib/function/arithmetic/add.js (308)
Analyzing module mathjs@3.9.0:lib/function/arithmetic/addScalar.js (309)
Analyzing module mathjs@3.9.0:lib/function/arithmetic/cbrt.js (310)
Analyzing module mathjs@3.9.0:lib/function/arithmetic/ceil.js (311)
Analyzing module mathjs@3.9.0:lib/function/arithmetic/cube.js (312)
Analyzing module mathjs@3.9.0:lib/function/arithmetic/divide.js (313)
Analyzing module mathjs@3.9.0:lib/function/arithmetic/dotDivide.js (314)
Analyzing module mathjs@3.9.0:lib/function/arithmetic/dotMultiply.js (315)
Analyzing module mathjs@3.9.0:lib/function/arithmetic/dotPow.js (316)
Analyzing module mathjs@3.9.0:lib/function/arithmetic/exp.js (317)
Analyzing module mathjs@3.9.0:lib/function/arithmetic/fix.js (318)
Analyzing module mathjs@3.9.0:lib/function/arithmetic/floor.js (319)
Analyzing module mathjs@3.9.0:lib/function/arithmetic/gcd.js (320)
Analyzing module mathjs@3.9.0:lib/function/arithmetic/hypot.js (321)
Analyzing module mathjs@3.9.0:lib/function/arithmetic/lcm.js (322)
Analyzing module mathjs@3.9.0:lib/function/arithmetic/log.js (323)
Analyzing module mathjs@3.9.0:lib/function/arithmetic/log10.js (324)
Analyzing module mathjs@3.9.0:lib/function/arithmetic/mod.js (325)
Analyzing module mathjs@3.9.0:lib/function/arithmetic/multiply.js (326)
Analyzing module mathjs@3.9.0:lib/function/arithmetic/norm.js (327)
Analyzing module mathjs@3.9.0:lib/function/arithmetic/nthRoot.js (328)
Analyzing module mathjs@3.9.0:lib/function/arithmetic/pow.js (329)
Analyzing module mathjs@3.9.0:lib/function/arithmetic/round.js (330)
Analyzing module mathjs@3.9.0:lib/function/arithmetic/sign.js (331)
Analyzing module mathjs@3.9.0:lib/function/arithmetic/sqrt.js (332)
Analyzing module mathjs@3.9.0:lib/function/arithmetic/square.js (333)
Analyzing module mathjs@3.9.0:lib/function/arithmetic/subtract.js (334)
Analyzing module mathjs@3.9.0:lib/function/arithmetic/unaryMinus.js (335)
Analyzing module mathjs@3.9.0:lib/function/arithmetic/unaryPlus.js (336)
Analyzing module mathjs@3.9.0:lib/function/arithmetic/xgcd.js (337)
Analyzing module mathjs@3.9.0:lib/function/bitwise/bitAnd.js (338)
Analyzing module mathjs@3.9.0:lib/function/bitwise/bitNot.js (339)
Analyzing module mathjs@3.9.0:lib/function/bitwise/bitOr.js (340)
Analyzing module mathjs@3.9.0:lib/function/bitwise/bitXor.js (341)
Analyzing module mathjs@3.9.0:lib/function/bitwise/leftShift.js (342)
Analyzing module mathjs@3.9.0:lib/function/bitwise/rightArithShift.js (343)
Analyzing module mathjs@3.9.0:lib/function/bitwise/rightLogShift.js (344)
Analyzing module mathjs@3.9.0:lib/function/combinatorics/bellNumbers.js (345)
Analyzing module mathjs@3.9.0:lib/function/combinatorics/composition.js (346)
Analyzing module mathjs@3.9.0:lib/function/combinatorics/stirlingS2.js (347)
Analyzing module mathjs@3.9.0:lib/function/combinatorics/catalan.js (348)
Analyzing module mathjs@3.9.0:lib/function/complex/arg.js (349)
Analyzing module mathjs@3.9.0:lib/function/complex/conj.js (350)
Analyzing module mathjs@3.9.0:lib/function/complex/im.js (351)
Analyzing module mathjs@3.9.0:lib/function/complex/re.js (352)
Analyzing module mathjs@3.9.0:lib/function/geometry/intersect.js (353)
Analyzing module mathjs@3.9.0:lib/function/geometry/distance.js (354)
Analyzing module mathjs@3.9.0:lib/function/logical/and.js (355)
Analyzing module mathjs@3.9.0:lib/function/logical/not.js (356)
Analyzing module mathjs@3.9.0:lib/function/logical/or.js (357)
Analyzing module mathjs@3.9.0:lib/function/logical/xor.js (358)
Analyzing module mathjs@3.9.0:lib/function/matrix/concat.js (359)
Analyzing module mathjs@3.9.0:lib/function/matrix/cross.js (360)
Analyzing module mathjs@3.9.0:lib/function/matrix/det.js (361)
Analyzing module mathjs@3.9.0:lib/function/matrix/diag.js (362)
Analyzing module mathjs@3.9.0:lib/function/matrix/dot.js (363)
Analyzing module mathjs@3.9.0:lib/function/matrix/eye.js (364)
Analyzing module mathjs@3.9.0:lib/function/matrix/filter.js (365)
Analyzing module mathjs@3.9.0:lib/function/matrix/flatten.js (366)
Analyzing module mathjs@3.9.0:lib/function/matrix/forEach.js (367)
Analyzing module mathjs@3.9.0:lib/function/matrix/inv.js (368)
Analyzing module mathjs@3.9.0:lib/function/matrix/kron.js (369)
Analyzing module mathjs@3.9.0:lib/function/matrix/map.js (370)
Analyzing module mathjs@3.9.0:lib/function/matrix/ones.js (371)
Analyzing module mathjs@3.9.0:lib/function/matrix/partitionSelect.js (372)
Analyzing module mathjs@3.9.0:lib/function/matrix/range.js (373)
Analyzing module mathjs@3.9.0:lib/function/matrix/resize.js (374)
Analyzing module mathjs@3.9.0:lib/function/matrix/size.js (375)
Analyzing module mathjs@3.9.0:lib/function/matrix/sort.js (376)
Analyzing module mathjs@3.9.0:lib/function/matrix/squeeze.js (377)
Analyzing module mathjs@3.9.0:lib/function/matrix/subset.js (378)
Analyzing module mathjs@3.9.0:lib/function/matrix/trace.js (379)
Analyzing module mathjs@3.9.0:lib/function/matrix/transpose.js (380)
Analyzing module mathjs@3.9.0:lib/function/matrix/zeros.js (381)
Analyzing module mathjs@3.9.0:lib/function/probability/combinations.js (382)
Analyzing module mathjs@3.9.0:lib/function/probability/factorial.js (383)
Analyzing module mathjs@3.9.0:lib/function/probability/gamma.js (384)
Analyzing module mathjs@3.9.0:lib/function/probability/kldivergence.js (385)
Analyzing module mathjs@3.9.0:lib/function/probability/multinomial.js (386)
Analyzing module mathjs@3.9.0:lib/function/probability/permutations.js (387)
Analyzing module mathjs@3.9.0:lib/function/probability/pickRandom.js (388)
Analyzing module mathjs@3.9.0:lib/function/probability/random.js (389)
Analyzing module mathjs@3.9.0:lib/function/probability/randomInt.js (390)
Analyzing module mathjs@3.9.0:lib/function/relational/compare.js (391)
Analyzing module mathjs@3.9.0:lib/function/relational/deepEqual.js (392)
Analyzing module mathjs@3.9.0:lib/function/relational/equal.js (393)
Analyzing module mathjs@3.9.0:lib/function/relational/larger.js (394)
Analyzing module mathjs@3.9.0:lib/function/relational/largerEq.js (395)
Analyzing module mathjs@3.9.0:lib/function/relational/smaller.js (396)
Analyzing module mathjs@3.9.0:lib/function/relational/smallerEq.js (397)
Analyzing module mathjs@3.9.0:lib/function/relational/unequal.js (398)
Analyzing module mathjs@3.9.0:lib/function/special/erf.js (399)
Analyzing module mathjs@3.9.0:lib/function/statistics/mad.js (400)
Analyzing module mathjs@3.9.0:lib/function/statistics/max.js (401)
Analyzing module mathjs@3.9.0:lib/function/statistics/mean.js (402)
Analyzing module mathjs@3.9.0:lib/function/statistics/median.js (403)
Analyzing module mathjs@3.9.0:lib/function/statistics/min.js (404)
Analyzing module mathjs@3.9.0:lib/function/statistics/mode.js (405)
Analyzing module mathjs@3.9.0:lib/function/statistics/prod.js (406)
Analyzing module mathjs@3.9.0:lib/function/statistics/quantileSeq.js (407)
Analyzing module mathjs@3.9.0:lib/function/statistics/std.js (408)
Analyzing module mathjs@3.9.0:lib/function/statistics/sum.js (409)
Analyzing module mathjs@3.9.0:lib/function/statistics/var.js (410)
Analyzing module mathjs@3.9.0:lib/function/string/format.js (411)
Analyzing module mathjs@3.9.0:lib/function/string/print.js (412)
Analyzing module mathjs@3.9.0:lib/function/trigonometry/acos.js (413)
Analyzing module mathjs@3.9.0:lib/function/trigonometry/acosh.js (414)
Analyzing module mathjs@3.9.0:lib/function/trigonometry/acot.js (415)
Analyzing module mathjs@3.9.0:lib/function/trigonometry/acoth.js (416)
Analyzing module mathjs@3.9.0:lib/function/trigonometry/acsc.js (417)
Analyzing module mathjs@3.9.0:lib/function/trigonometry/acsch.js (418)
Analyzing module mathjs@3.9.0:lib/function/trigonometry/asec.js (419)
Analyzing module mathjs@3.9.0:lib/function/trigonometry/asech.js (420)
Analyzing module mathjs@3.9.0:lib/function/trigonometry/asin.js (421)
Analyzing module mathjs@3.9.0:lib/function/trigonometry/asinh.js (422)
Analyzing module mathjs@3.9.0:lib/function/trigonometry/atan.js (423)
Analyzing module mathjs@3.9.0:lib/function/trigonometry/atan2.js (424)
Analyzing module mathjs@3.9.0:lib/function/trigonometry/atanh.js (425)
Analyzing module mathjs@3.9.0:lib/function/trigonometry/cos.js (426)
Analyzing module mathjs@3.9.0:lib/function/trigonometry/cosh.js (427)
Analyzing module mathjs@3.9.0:lib/function/trigonometry/cot.js (428)
Analyzing module mathjs@3.9.0:lib/function/trigonometry/coth.js (429)
Analyzing module mathjs@3.9.0:lib/function/trigonometry/csc.js (430)
Analyzing module mathjs@3.9.0:lib/function/trigonometry/csch.js (431)
Analyzing module mathjs@3.9.0:lib/function/trigonometry/sec.js (432)
Analyzing module mathjs@3.9.0:lib/function/trigonometry/sech.js (433)
Analyzing module mathjs@3.9.0:lib/function/trigonometry/sin.js (434)
Analyzing module mathjs@3.9.0:lib/function/trigonometry/sinh.js (435)
Analyzing module mathjs@3.9.0:lib/function/trigonometry/tan.js (436)
Analyzing module mathjs@3.9.0:lib/function/trigonometry/tanh.js (437)
Analyzing module mathjs@3.9.0:lib/function/unit/to.js (438)
Analyzing module mathjs@3.9.0:lib/function/utils/clone.js (439)
Analyzing module mathjs@3.9.0:lib/function/utils/isInteger.js (440)
Analyzing module mathjs@3.9.0:lib/function/utils/isNegative.js (441)
Analyzing module mathjs@3.9.0:lib/function/utils/isNumeric.js (442)
Analyzing module mathjs@3.9.0:lib/function/utils/isPositive.js (443)
Analyzing module mathjs@3.9.0:lib/function/utils/isPrime.js (444)
Analyzing module mathjs@3.9.0:lib/function/utils/isZero.js (445)
Analyzing module mathjs@3.9.0:lib/function/utils/isNaN.js (446)
Analyzing module mathjs@3.9.0:lib/function/utils/typeof.js (447)
Analyzing module mathjs@3.9.0:lib/utils/NumberFormatter.js (448)
Analyzing module decimal.js@5.0.8:decimal.js (449)
Analyzing module complex.js@2.0.1:complex.js (450)
Analyzing module mathjs@3.9.0:lib/utils/latex.js (451)
Analyzing module fraction.js@3.3.1:fraction.js (452)
Analyzing module mathjs@3.9.0:lib/utils/index.js (453)
Analyzing module mathjs@3.9.0:lib/function/relational/equalScalar.js (454)
Analyzing module mathjs@3.9.0:lib/function/arithmetic/multiplyScalar.js (455)
Analyzing module mathjs@3.9.0:lib/function/arithmetic/divideScalar.js (456)
Analyzing module mathjs@3.9.0:lib/utils/bignumber/formatter.js (457)
Analyzing module mathjs@3.9.0:lib/expression/node/utils/access.js (458)
Analyzing module mathjs@3.9.0:lib/expression/node/utils/assign.js (459)
Analyzing module mathjs@3.9.0:lib/expression/keywords.js (460)
Analyzing module mathjs@3.9.0:lib/expression/operators.js (461)
Analyzing module mathjs@3.9.0:lib/expression/transform/error.transform.js (462)
Analyzing module mathjs@3.9.0:lib/utils/collection/isCollection.js (463)
Analyzing module mathjs@3.9.0:lib/function/algebra/simplify/simplifyConstant.js (464)
Analyzing module mathjs@3.9.0:lib/function/algebra/simplify/util.js (465)
Analyzing module mathjs@3.9.0:lib/function/algebra/sparse/cs_sqr.js (466)
Analyzing module mathjs@3.9.0:lib/function/algebra/sparse/cs_lu.js (467)
Analyzing module mathjs@3.9.0:lib/function/algebra/solver/utils/solveValidation.js (468)
Analyzing module mathjs@3.9.0:lib/function/algebra/sparse/cs_ipvec.js (469)
Analyzing module mathjs@3.9.0:lib/type/matrix/utils/algorithm01.js (470)
Analyzing module mathjs@3.9.0:lib/type/matrix/utils/algorithm04.js (471)
Analyzing module mathjs@3.9.0:lib/type/matrix/utils/algorithm10.js (472)
Analyzing module mathjs@3.9.0:lib/type/matrix/utils/algorithm13.js (473)
Analyzing module mathjs@3.9.0:lib/type/matrix/utils/algorithm14.js (474)
Analyzing module mathjs@3.9.0:lib/type/matrix/utils/algorithm11.js (475)
Analyzing module mathjs@3.9.0:lib/type/matrix/utils/algorithm02.js (476)
Analyzing module mathjs@3.9.0:lib/type/matrix/utils/algorithm03.js (477)
Analyzing module mathjs@3.9.0:lib/type/matrix/utils/algorithm07.js (478)
Analyzing module mathjs@3.9.0:lib/type/matrix/utils/algorithm12.js (479)
Analyzing module mathjs@3.9.0:lib/type/matrix/utils/algorithm09.js (480)
Analyzing module mathjs@3.9.0:lib/type/matrix/utils/algorithm06.js (481)
Analyzing module mathjs@3.9.0:lib/type/matrix/utils/algorithm05.js (482)
Analyzing module mathjs@3.9.0:lib/utils/bignumber/bitAnd.js (483)
Analyzing module mathjs@3.9.0:lib/utils/bignumber/bitNot.js (484)
Analyzing module mathjs@3.9.0:lib/utils/bignumber/bitOr.js (485)
Analyzing module mathjs@3.9.0:lib/utils/bignumber/bitXor.js (486)
Analyzing module mathjs@3.9.0:lib/utils/bignumber/leftShift.js (487)
Analyzing module mathjs@3.9.0:lib/type/matrix/utils/algorithm08.js (488)
Analyzing module mathjs@3.9.0:lib/utils/bignumber/rightArithShift.js (489)
Analyzing module mathjs@3.9.0:lib/utils/collection/deepForEach.js (490)
Analyzing module mathjs@3.9.0:lib/function/probability/distribution.js (491)
Analyzing module mathjs@3.9.0:lib/utils/bignumber/nearlyEqual.js (492)
Analyzing module mathjs@3.9.0:lib/utils/collection/reduce.js (493)
Analyzing module mathjs@3.9.0:lib/utils/collection/containsCollections.js (494)
Analyzing module mathjs@3.9.0:lib/utils/boolean.js (495)
Analyzing module mathjs@3.9.0:lib/function/algebra/sparse/cs_amd.js (496)
Analyzing module mathjs@3.9.0:lib/function/algebra/sparse/cs_permute.js (497)
Analyzing module mathjs@3.9.0:lib/function/algebra/sparse/cs_etree.js (498)
Analyzing module mathjs@3.9.0:lib/function/algebra/sparse/cs_post.js (499)
Analyzing module mathjs@3.9.0:lib/function/algebra/sparse/cs_counts.js (500)
Analyzing module mathjs@3.9.0:lib/function/algebra/sparse/cs_spsolve.js (501)
Analyzing module mathjs@3.9.0:lib/utils/collection/scatter.js (502)
Analyzing module mathjs@3.9.0:lib/utils/bignumber/bitwise.js (503)
Analyzing module mathjs@3.9.0:lib/function/algebra/sparse/cs_flip.js (504)
Analyzing module mathjs@3.9.0:lib/function/algebra/sparse/cs_fkeep.js (505)
Analyzing module mathjs@3.9.0:lib/function/algebra/sparse/cs_tdfs.js (506)
Analyzing module mathjs@3.9.0:lib/function/algebra/sparse/cs_leaf.js (507)
Analyzing module mathjs@3.9.0:lib/function/algebra/sparse/cs_reach.js (508)
Analyzing module mathjs@3.9.0:lib/function/algebra/sparse/cs_dfs.js (509)
Analyzing module mathjs@3.9.0:lib/function/algebra/sparse/cs_marked.js (510)
Analyzing module mathjs@3.9.0:lib/function/algebra/sparse/cs_mark.js (511)
Analyzing module mathjs@3.9.0:lib/function/algebra/sparse/cs_unflip.js (512)
Analyzed packages: 7, modules: 512, functions: 2414, code size main: 2KB, dependencies: 1458KB
Call edges function->function: 62037, call->function: 151571
Calls with zero or one callee: 3571/9586 (37.25%), multiple: 2050/9586 (21.39%), native or external: 3965/9586 (41.36%)
Functions with zero callers: 1134/2414 (46.98%), reachable functions: 1047/2414 (43.37%)
Analysis time: 56065ms, memory usage: 5867MB (without --gc)
Analysis errors: 0, warnings: 10595 (show all with --warnings-unsupported)
