Analyzing module <anonymous>:hot-formula-parser.test.js (1)
Analyzing module hot-formula-parser@3.0.0:lib/index.js (2)
Analyzing module hot-formula-parser@3.0.0:lib/parser.js (3)
Analyzing module hot-formula-parser@3.0.0:lib/supported-formulas.js (4)
Analyzing module hot-formula-parser@3.0.0:lib/error.js (5)
Analyzing module hot-formula-parser@3.0.0:lib/helper/cell.js (6)
Analyzing module tiny-emitter@2.1.0:index.js (7)
Analyzing module hot-formula-parser@3.0.0:lib/evaluate-by-operator/evaluate-by-operator.js (8)
Analyzing module hot-formula-parser@3.0.0:lib/grammar-parser/grammar-parser.js (9)
Analyzing module hot-formula-parser@3.0.0:lib/helper/string.js (10)
Analyzing module hot-formula-parser@3.0.0:lib/helper/number.js (11)
Analyzing module hot-formula-parser@3.0.0:lib/evaluate-by-operator/operator/add.js (12)
Analyzing module hot-formula-parser@3.0.0:lib/evaluate-by-operator/operator/ampersand.js (13)
Analyzing module hot-formula-parser@3.0.0:lib/evaluate-by-operator/operator/divide.js (14)
Analyzing module hot-formula-parser@3.0.0:lib/evaluate-by-operator/operator/equal.js (15)
Analyzing module hot-formula-parser@3.0.0:lib/evaluate-by-operator/operator/formula-function.js (16)
Analyzing module hot-formula-parser@3.0.0:lib/evaluate-by-operator/operator/greater-than.js (17)
Analyzing module hot-formula-parser@3.0.0:lib/evaluate-by-operator/operator/greater-than-or-equal.js (18)
Analyzing module hot-formula-parser@3.0.0:lib/evaluate-by-operator/operator/less-than.js (19)
Analyzing module hot-formula-parser@3.0.0:lib/evaluate-by-operator/operator/less-than-or-equal.js (20)
Analyzing module hot-formula-parser@3.0.0:lib/evaluate-by-operator/operator/minus.js (21)
Analyzing module hot-formula-parser@3.0.0:lib/evaluate-by-operator/operator/multiply.js (22)
Analyzing module hot-formula-parser@3.0.0:lib/evaluate-by-operator/operator/not-equal.js (23)
Analyzing module hot-formula-parser@3.0.0:lib/evaluate-by-operator/operator/power.js (24)
Analyzing module @handsontable/formulajs@2.0.2:index.js (25)
Analyzing module @handsontable/formulajs@2.0.2:lib/compatibility.js (26)
Analyzing module @handsontable/formulajs@2.0.2:lib/database.js (27)
Analyzing module @handsontable/formulajs@2.0.2:lib/engineering.js (28)
Analyzing module @handsontable/formulajs@2.0.2:lib/logical.js (29)
Analyzing module @handsontable/formulajs@2.0.2:lib/math-trig.js (30)
Analyzing module @handsontable/formulajs@2.0.2:lib/text.js (31)
Analyzing module @handsontable/formulajs@2.0.2:lib/date-time.js (32)
Analyzing module @handsontable/formulajs@2.0.2:lib/financial.js (33)
Analyzing module @handsontable/formulajs@2.0.2:lib/information.js (34)
Analyzing module @handsontable/formulajs@2.0.2:lib/lookup-reference.js (35)
Analyzing module @handsontable/formulajs@2.0.2:lib/statistical.js (36)
Analyzing module @handsontable/formulajs@2.0.2:lib/miscellaneous.js (37)
Analyzing module @handsontable/formulajs@2.0.2:lib/utils/error.js (38)
Analyzing module @handsontable/formulajs@2.0.2:lib/utils/common.js (39)
Analyzing module @handsontable/formulajs@2.0.2:lib/utils/criteria-eval.js (40)
Analyzing module jstat@1.9.6:dist/jstat.js (41)
Analyzing module bessel@1.0.2:bessel.js (42)
Analyzed packages: 6, modules: 42, functions: 1088, code size main: 1KB, dependencies: 412KB
Call edges function->function: 1362, call->function: 1867
Calls with zero or one callee: 1932/3702 (52.19%), multiple: 11/3702 (0.30%), native or external: 1759/3702 (47.51%)
Functions with zero callers: 664/1088 (61.03%), reachable functions: 100/1088 (9.19%)
Analysis time: 1095ms, memory usage: 184MB (without --gc)
Analysis errors: 0, warnings: 310 (show all with --warnings-unsupported)
