Analyzing module <anonymous>:marsdb.test.js (1)
Analyzing module marsdb@0.6.11:index.js (2)
Analyzing module marsdb@0.6.11:dist/AsyncEventEmitter.js (3)
Analyzing module marsdb@0.6.11:dist/Collection.js (4)
Analyzing module marsdb@0.6.11:dist/CursorObservable.js (5)
Analyzing module marsdb@0.6.11:dist/debounce.js (6)
Analyzing module marsdb@0.6.11:dist/StorageManager.js (7)
Analyzing module marsdb@0.6.11:dist/Random.js (8)
Analyzing module marsdb@0.6.11:dist/EJSON.js (9)
Analyzing module marsdb@0.6.11:dist/Base64.js (10)
Analyzing module marsdb@0.6.11:dist/PromiseQueue.js (11)
Analyzing module eventemitter3@1.1.1:index.js (12)
Analyzing module fast.js@0.1.1:map.js (13)
Analyzing module fast.js@0.1.1:forEach.js (14)
Analyzing module check-types@6.0.0:src/check-types.js (15)
Analyzing module marsdb@0.6.11:dist/IndexManager.js (16)
Analyzing module marsdb@0.6.11:dist/CollectionDelegate.js (17)
Analyzing module marsdb@0.6.11:dist/ShortIdGenerator.js (18)
Analyzing module fast.js@0.1.1:function/bind.js (19)
Analyzing module fast.js@0.1.1:object/values.js (20)
Analyzing module marsdb@0.6.11:dist/Cursor.js (21)
Analyzing module fast.js@0.1.1:object/keys.js (22)
Analyzing module fast.js@0.1.1:function/try.js (23)
Analyzing module invariant@2.2.4:invariant.js (24)
Analyzing module fast.js@0.1.1:array/some.js (25)
Analyzing module double-ended-queue@0.9.7:js/deque.js (26)
Analyzing module fast.js@0.1.1:array/map.js (27)
Analyzing module fast.js@0.1.1:object/map.js (28)
Analyzing module fast.js@0.1.1:array/forEach.js (29)
Analyzing module fast.js@0.1.1:object/forEach.js (30)
Analyzing module marsdb@0.6.11:dist/CollectionIndex.js (31)
Analyzing module marsdb@0.6.11:dist/DocumentRetriver.js (32)
Analyzing module marsdb@0.6.11:dist/DocumentModifier.js (33)
Analyzing module fast.js@0.1.1:function/applyWithContext.js (34)
Analyzing module fast.js@0.1.1:function/applyNoContext.js (35)
Analyzing module fast.js@0.1.1:object/assign.js (36)
Analyzing module marsdb@0.6.11:dist/DocumentMatcher.js (37)
Analyzing module marsdb@0.6.11:dist/DocumentSorter.js (38)
Analyzing module marsdb@0.6.11:dist/DocumentProjector.js (39)
Analyzing module marsdb@0.6.11:dist/cursor-processors/filter.js (40)
Analyzing module marsdb@0.6.11:dist/cursor-processors/sortFunc.js (41)
Analyzing module marsdb@0.6.11:dist/cursor-processors/map.js (42)
Analyzing module marsdb@0.6.11:dist/cursor-processors/aggregate.js (43)
Analyzing module marsdb@0.6.11:dist/cursor-processors/reduce.js (44)
Analyzing module marsdb@0.6.11:dist/cursor-processors/join.js (45)
Analyzing module marsdb@0.6.11:dist/cursor-processors/joinEach.js (46)
Analyzing module marsdb@0.6.11:dist/cursor-processors/joinAll.js (47)
Analyzing module marsdb@0.6.11:dist/cursor-processors/joinObj.js (48)
Analyzing module marsdb@0.6.11:dist/cursor-processors/ifNotEmpty.js (49)
Analyzing module fast.js@0.1.1:function/bindInternal3.js (50)
Analyzing module fast.js@0.1.1:array/filter.js (51)
Analyzing module marsdb@0.6.11:dist/Document.js (52)
Analyzing module fast.js@0.1.1:array/every.js (53)
Analyzing module fast.js@0.1.1:array/indexOf.js (54)
Analyzing module geojson-utils@1.1.0:geojson-utils.js (55)
Analyzing module fast.js@0.1.1:array/reduce.js (56)
Analyzing module fast.js@0.1.1:function/bindInternal4.js (57)
Analyzed packages: 8, modules: 57, functions: 791, code size main: 1KB, dependencies: 287KB
Call edges function->function: 1379, call->function: 1672
Calls with zero or one callee: 938/2033 (46.14%), multiple: 128/2033 (6.30%), native or external: 967/2033 (47.57%)
Functions with zero callers: 309/791 (39.06%), reachable functions: 303/791 (38.31%)
Analysis time: 643ms, memory usage: 119MB (without --gc)
Analysis errors: 0, warnings: 93 (show all with --warnings-unsupported)
