Analyzing module <anonymous>:js-yaml.test.js (1)
Analyzing module js-yaml@3.13.0:index.js (2)
Analyzing module js-yaml@3.13.0:lib/js-yaml.js (3)
Analyzing module js-yaml@3.13.0:lib/js-yaml/loader.js (4)
Analyzing module js-yaml@3.13.0:lib/js-yaml/dumper.js (5)
Analyzing module js-yaml@3.13.0:lib/js-yaml/type.js (6)
Analyzing module js-yaml@3.13.0:lib/js-yaml/schema.js (7)
Analyzing module js-yaml@3.13.0:lib/js-yaml/schema/failsafe.js (8)
Analyzing module js-yaml@3.13.0:lib/js-yaml/schema/json.js (9)
Analyzing module js-yaml@3.13.0:lib/js-yaml/schema/core.js (10)
Analyzing module js-yaml@3.13.0:lib/js-yaml/schema/default_safe.js (11)
Analyzing module js-yaml@3.13.0:lib/js-yaml/schema/default_full.js (12)
Analyzing module js-yaml@3.13.0:lib/js-yaml/exception.js (13)
Analyzing module js-yaml@3.13.0:lib/js-yaml/common.js (14)
Analyzing module js-yaml@3.13.0:lib/js-yaml/mark.js (15)
Analyzing module js-yaml@3.13.0:lib/js-yaml/type/str.js (16)
Analyzing module js-yaml@3.13.0:lib/js-yaml/type/seq.js (17)
Analyzing module js-yaml@3.13.0:lib/js-yaml/type/map.js (18)
Analyzing module js-yaml@3.13.0:lib/js-yaml/type/null.js (19)
Analyzing module js-yaml@3.13.0:lib/js-yaml/type/bool.js (20)
Analyzing module js-yaml@3.13.0:lib/js-yaml/type/int.js (21)
Analyzing module js-yaml@3.13.0:lib/js-yaml/type/float.js (22)
Analyzing module js-yaml@3.13.0:lib/js-yaml/type/timestamp.js (23)
Analyzing module js-yaml@3.13.0:lib/js-yaml/type/merge.js (24)
Analyzing module js-yaml@3.13.0:lib/js-yaml/type/binary.js (25)
Analyzing module js-yaml@3.13.0:lib/js-yaml/type/omap.js (26)
Analyzing module js-yaml@3.13.0:lib/js-yaml/type/pairs.js (27)
Analyzing module js-yaml@3.13.0:lib/js-yaml/type/set.js (28)
Analyzing module js-yaml@3.13.0:lib/js-yaml/type/js/undefined.js (29)
Analyzing module js-yaml@3.13.0:lib/js-yaml/type/js/regexp.js (30)
Analyzing module js-yaml@3.13.0:lib/js-yaml/type/js/function.js (31)
Analyzing module esprima@4.0.1:dist/esprima.js (32)
Analyzed packages: 3, modules: 32, functions: 594, code size main: 1KB, dependencies: 380KB
Call edges function->function: 1490, call->function: 2089
Calls with zero or one callee: 2002/2630 (76.12%), multiple: 52/2630 (1.98%), native or external: 576/2630 (21.90%)
Functions with zero callers: 66/594 (11.11%), reachable functions: 226/594 (38.05%)
Analysis time: 951ms, memory usage: 181MB (without --gc)
Analysis errors: 0, warnings: 31 (show all with --warnings-unsupported)
