Analyzing module <anonymous>:poc.test.js (1)
Analyzing module cd-messenger@2.7.24:index.js (2)
Analyzing module cd-messenger@2.7.24:src/messenger-browser.js (3)
Analyzing module cd-messenger@2.7.24:src/messenger-node.js (4)
Analyzing module pretty-web-logger@1.0.7:index.js (5)
Analyzing module chalk@1.1.3:index.js (6)
Analyzing module chalkline@0.0.5:index.js (7)
Analyzing module cli-table@0.3.1:lib/index.js (8)
Analyzing module escape-string-regexp@1.0.5:index.js (9)
Analyzing module ansi-styles@2.2.1:index.js (10)
Analyzing module strip-ansi@3.0.1:index.js (11)
Analyzing module has-ansi@2.0.0:index.js (12)
Analyzing module supports-color@2.0.0:index.js (13)
Analyzing module colors@1.0.3:safe.js (14)
Analyzing module cli-table@0.3.1:lib/utils.js (15)
Analyzing module ansi-regex@2.1.1:index.js (16)
Analyzing module colors@1.0.3:lib/colors.js (17)
Analyzing module colors@1.0.3:lib/styles.js (18)
Analyzing module colors@1.0.3:lib/system/supports-colors.js (19)
Analyzing module colors@1.0.3:lib/custom/trap.js (20)
Analyzing module colors@1.0.3:lib/custom/zalgo.js (21)
Analyzing module colors@1.0.3:lib/maps/america.js (22)
Analyzing module colors@1.0.3:lib/maps/zebra.js (23)
Analyzing module colors@1.0.3:lib/maps/rainbow.js (24)
Analyzing module colors@1.0.3:lib/maps/random.js (25)
Analyzed packages: 13, modules: 25, functions: 129, code size main: 1KB, dependencies: 39KB
Call edges function->function: 103, call->function: 125
Calls with zero or one callee: 184/328 (56.10%), multiple: 1/328 (0.30%), native or external: 143/328 (43.60%)
Functions with zero callers: 52/129 (40.31%), reachable functions: 30/129 (23.26%)
Analysis time: 192ms, memory usage: 51MB (without --gc)
Analysis errors: 0, warnings: 70 (show all with --warnings-unsupported)
