Analyzing module <anonymous>:dns-sync.test.js (1)
Analyzing module dns-sync@0.1.0:index.js (2)
Analyzing module dns-sync@0.1.0:lib/dns-sync.js (3)
Analyzing module shelljs@0.2.6:shell.js (4)
Analyzing module debug@0.7.4:lib/debug.js (5)
Analyzing module shelljs@0.2.6:src/common.js (6)
Analyzing module shelljs@0.2.6:src/cd.js (7)
Analyzing module shelljs@0.2.6:src/pwd.js (8)
Analyzing module shelljs@0.2.6:src/ls.js (9)
Analyzing module shelljs@0.2.6:src/find.js (10)
Analyzing module shelljs@0.2.6:src/cp.js (11)
Analyzing module shelljs@0.2.6:src/rm.js (12)
Analyzing module shelljs@0.2.6:src/mv.js (13)
Analyzing module shelljs@0.2.6:src/mkdir.js (14)
Analyzing module shelljs@0.2.6:src/test.js (15)
Analyzing module shelljs@0.2.6:src/cat.js (16)
Analyzing module shelljs@0.2.6:src/to.js (17)
Analyzing module shelljs@0.2.6:src/toEnd.js (18)
Analyzing module shelljs@0.2.6:src/sed.js (19)
Analyzing module shelljs@0.2.6:src/grep.js (20)
Analyzing module shelljs@0.2.6:src/which.js (21)
Analyzing module shelljs@0.2.6:src/echo.js (22)
Analyzing module shelljs@0.2.6:src/dirs.js (23)
Analyzing module shelljs@0.2.6:src/exec.js (24)
Analyzing module shelljs@0.2.6:src/chmod.js (25)
Analyzing module shelljs@0.2.6:src/tempdir.js (26)
Analyzing module shelljs@0.2.6:src/error.js (27)
Analyzed packages: 4, modules: 27, functions: 89, code size main: 1KB, dependencies: 59KB
Call edges function->function: 174, call->function: 272
Calls with zero or one callee: 284/637 (44.58%), multiple: 3/637 (0.47%), native or external: 350/637 (54.95%)
Functions with zero callers: 6/89 (6.74%), reachable functions: 80/89 (89.89%)
Analysis time: 202ms, memory usage: 60MB (without --gc)
Analysis errors: 0, warnings: 5 (show all with --warnings-unsupported)
