Analyzing module <anonymous>:libnmap.test.js (1)
Analyzing module libnmap@v0.4.11:index.js (2)
Analyzing module libnmap@v0.4.11:lib/libnmap.js (3)
Analyzing module libnmap@v0.4.11:lib/classes/tools.js (4)
Analyzing module libnmap@v0.4.11:lib/classes/reporting.js (5)
Analyzing module async@2.6.4:dist/async.js (6)
Analyzing module deepmerge@2.2.1:dist/umd.js (7)
Analyzing module stack-trace@0.0.10:lib/stack-trace.js (8)
Analyzing module libnmap@v0.4.11:lib/classes/networking.js (9)
Analyzing module libnmap@v0.4.11:lib/classes/validation.js (10)
Analyzing module xml2js@0.4.23:lib/xml2js.js (11)
Analyzing module ip-address@5.9.4:ip-address.js (12)
Analyzing module cidr-js@2.3.1:index.js (13)
Analyzing module netmask@1.0.6:lib/netmask.js (14)
Analyzing module hasbin@1.2.3:lib/hasbin.js (15)
Analyzing module xml2js@0.4.23:lib/defaults.js (16)
Analyzing module xml2js@0.4.23:lib/builder.js (17)
Analyzing module xml2js@0.4.23:lib/parser.js (18)
Analyzing module xml2js@0.4.23:lib/processors.js (19)
Analyzing module ip-address@5.9.4:lib/ipv4.js (20)
Analyzing module ip-address@5.9.4:lib/ipv6.js (21)
Analyzing module ip-address@5.9.4:lib/v6/helpers.js (22)
Analyzing module async@1.5.2:lib/async.js (23)
Analyzing module xmlbuilder@11.0.1:lib/index.js (24)
Analyzing module sax@1.6.1:lib/sax.js (25)
Analyzing module xml2js@0.4.23:lib/bom.js (26)
Analyzing module jsbn@1.1.0:index.js (27)
Analyzing module ip-address@5.9.4:lib/common.js (28)
Analyzing module sprintf-js@1.1.2:src/sprintf.js (29)
Analyzing module lodash@4.18.1:lodash.js (30)
Analyzing module ip-address@5.9.4:lib/v4/constants.js (31)
Analyzing module ip-address@5.9.4:lib/v6/constants.js (32)
Analyzing module ip-address@5.9.4:lib/v6/attributes.js (33)
Analyzing module ip-address@5.9.4:lib/v6/html.js (34)
Analyzing module ip-address@5.9.4:lib/v6/regular-expressions.js (35)
Analyzing module xmlbuilder@11.0.1:lib/Utility.js (36)
Analyzing module xmlbuilder@11.0.1:lib/XMLDOMImplementation.js (37)
Analyzing module xmlbuilder@11.0.1:lib/XMLDocument.js (38)
Analyzing module xmlbuilder@11.0.1:lib/XMLDocumentCB.js (39)
Analyzing module xmlbuilder@11.0.1:lib/XMLStringWriter.js (40)
Analyzing module xmlbuilder@11.0.1:lib/XMLStreamWriter.js (41)
Analyzing module xmlbuilder@11.0.1:lib/NodeType.js (42)
Analyzing module xmlbuilder@11.0.1:lib/WriterState.js (43)
Analyzing module xmlbuilder@11.0.1:lib/XMLDOMConfiguration.js (44)
Analyzing module xmlbuilder@11.0.1:lib/XMLNode.js (45)
Analyzing module xmlbuilder@11.0.1:lib/XMLStringifier.js (46)
Analyzing module xmlbuilder@11.0.1:lib/XMLElement.js (47)
Analyzing module xmlbuilder@11.0.1:lib/XMLCData.js (48)
Analyzing module xmlbuilder@11.0.1:lib/XMLComment.js (49)
Analyzing module xmlbuilder@11.0.1:lib/XMLRaw.js (50)
Analyzing module xmlbuilder@11.0.1:lib/XMLText.js (51)
Analyzing module xmlbuilder@11.0.1:lib/XMLProcessingInstruction.js (52)
Analyzing module xmlbuilder@11.0.1:lib/XMLDeclaration.js (53)
Analyzing module xmlbuilder@11.0.1:lib/XMLDocType.js (54)
Analyzing module xmlbuilder@11.0.1:lib/XMLDTDAttList.js (55)
Analyzing module xmlbuilder@11.0.1:lib/XMLDTDEntity.js (56)
Analyzing module xmlbuilder@11.0.1:lib/XMLDTDElement.js (57)
Analyzing module xmlbuilder@11.0.1:lib/XMLDTDNotation.js (58)
Analyzing module xmlbuilder@11.0.1:lib/XMLAttribute.js (59)
Analyzing module xmlbuilder@11.0.1:lib/XMLWriterBase.js (60)
Analyzing module xmlbuilder@11.0.1:lib/XMLDOMErrorHandler.js (61)
Analyzing module xmlbuilder@11.0.1:lib/XMLDOMStringList.js (62)
Analyzing module xmlbuilder@11.0.1:lib/XMLDummy.js (63)
Analyzing module xmlbuilder@11.0.1:lib/XMLNodeList.js (64)
Analyzing module xmlbuilder@11.0.1:lib/XMLNamedNodeMap.js (65)
Analyzing module xmlbuilder@11.0.1:lib/DocumentPosition.js (66)
Analyzing module xmlbuilder@11.0.1:lib/XMLCharacterData.js (67)
Analyzed packages: 16, modules: 67, functions: 2114, code size main: 1KB, dependencies: 1075KB
Call edges function->function: 38480, call->function: 54420
Calls with zero or one callee: 3443/5540 (62.15%), multiple: 720/5540 (13.00%), native or external: 1377/5540 (24.86%)
Functions with zero callers: 678/2114 (32.07%), reachable functions: 1077/2114 (50.95%)
Analysis time: 5351ms, memory usage: 936MB (without --gc)
Analysis errors: 0, warnings: 421 (show all with --warnings-unsupported)
