Analyzing module <anonymous>:gm.test.js (1)
Analyzing module gm@1.20.0:index.js (2)
Analyzing module gm@1.20.0:lib/options.js (3)
Analyzing module gm@1.20.0:lib/getters.js (4)
Analyzing module gm@1.20.0:lib/args.js (5)
Analyzing module gm@1.20.0:lib/drawing.js (6)
Analyzing module gm@1.20.0:lib/convenience.js (7)
Analyzing module gm@1.20.0:lib/command.js (8)
Analyzing module gm@1.20.0:lib/compare.js (9)
Analyzing module gm@1.20.0:lib/composite.js (10)
Analyzing module gm@1.20.0:lib/montage.js (11)
Analyzing module gm@1.20.0:lib/utils.js (12)
Analyzing module gm@1.20.0:lib/convenience/thumb.js (13)
Analyzing module gm@1.20.0:lib/convenience/morph.js (14)
Analyzing module gm@1.20.0:lib/convenience/sepia.js (15)
Analyzing module gm@1.20.0:lib/convenience/autoOrient.js (16)
Analyzing module debug@2.2.0:node.js (17)
Analyzing module array-series@0.1.5:index.js (18)
Analyzing module array-parallel@0.1.3:index.js (19)
Analyzing module debug@2.2.0:debug.js (20)
Analyzing module ms@0.7.1:index.js (21)
Analyzed packages: 6, modules: 21, functions: 314, code size main: 1KB, dependencies: 83KB
Call edges function->function: 133, call->function: 157
Calls with zero or one callee: 171/641 (26.68%), multiple: 11/641 (1.72%), native or external: 459/641 (71.61%)
Functions with zero callers: 217/314 (69.11%), reachable functions: 34/314 (10.83%)
Analysis time: 260ms, memory usage: 71MB (without --gc)
Analysis errors: 0, warnings: 11 (show all with --warnings-unsupported)
