Analyzing module <anonymous>:xps.test.js (1)
Analyzing module xps@1.0.2:lib/index.js (2)
Analyzing module xps@1.0.2:lib/windows.js (3)
Analyzing module xps@1.0.2:lib/linux.js (4)
Analyzing module data.task@3.1.2:lib/index.js (5)
Analyzing module ms-task@1.1.0:lib/ms-task.js (6)
Analyzing module csv@0.4.6:lib/index.js (7)
Analyzing module xps@1.0.2:lib/utils.js (8)
Analyzing module core.lambda@1.0.0:lib/index.js (9)
Analyzing module data.task@3.1.2:lib/task.js (10)
Analyzing module csv-generate@0.0.6:lib/index.js (11)
Analyzing module csv-parse@1.3.3:lib/index.js (12)
Analyzing module stream-transform@0.1.2:lib/index.js (13)
Analyzing module csv-stringify@0.0.8:lib/index.js (14)
Analyzing module core.arity@1.0.0:lib/index.js (15)
Analyzed packages: 11, modules: 15, functions: 170, code size main: 1KB, dependencies: 58KB
Call edges function->function: 266, call->function: 297
Calls with zero or one callee: 188/480 (39.17%), multiple: 41/480 (8.54%), native or external: 251/480 (52.29%)
Functions with zero callers: 57/170 (33.53%), reachable functions: 76/170 (44.71%)
Analysis time: 229ms, memory usage: 57MB (without --gc)
Analysis errors: 0, warnings: 5 (show all with --warnings-unsupported)
