Analyzing module <anonymous>:aaptjs.test.js (1)
Analyzing module aaptjs@1.3.1:index.js (2)
Analyzing module shelljs@0.8.5:global.js (3)
Analyzing module shelljs@0.8.5:shell.js (4)
Analyzing module shelljs@0.8.5:src/common.js (5)
Analyzing module shelljs@0.8.5:src/to.js (6)
Analyzing module shelljs@0.8.5:src/toEnd.js (7)
Analyzing module shelljs@0.8.5:commands.js (8)
Analyzing module shelljs@0.8.5:src/error.js (9)
Analyzing module glob@7.2.3:glob.js (10)
Analyzing module fs.realpath@1.0.0:index.js (11)
Analyzing module minimatch@3.1.5:minimatch.js (12)
Analyzing module inherits@2.0.4:inherits.js (13)
Analyzing module path-is-absolute@1.0.1:index.js (14)
Analyzing module glob@7.2.3:sync.js (15)
Analyzing module glob@7.2.3:common.js (16)
Analyzing module inflight@1.0.6:inflight.js (17)
Analyzing module once@1.4.0:once.js (18)
Analyzing module fs.realpath@1.0.0:old.js (19)
Analyzing module brace-expansion@1.1.18:index.js (20)
Analyzing module inherits@2.0.4:inherits_browser.js (21)
Analyzing module wrappy@1.0.2:wrappy.js (22)
Analyzing module concat-map@0.0.1:index.js (23)
Analyzing module balanced-match@1.0.2:index.js (24)
Analyzed packages: 14, modules: 24, functions: 228, code size main: 1KB, dependencies: 113KB
Call edges function->function: 406, call->function: 530
Calls with zero or one callee: 364/886 (41.08%), multiple: 79/886 (8.92%), native or external: 443/886 (50.00%)
Functions with zero callers: 47/228 (20.61%), reachable functions: 152/228 (66.67%)
Analysis time: 338ms, memory usage: 76MB (without --gc)
Analysis errors: 0, warnings: 57 (show all with --warnings-unsupported)
