Analyzing module <anonymous>:alfred-workflow-nodejs.test.js (1)
Analyzing module alfred-workflow-nodejs@2.0.1:alfredNode.js (2)
Analyzing module underscore@1.13.8:underscore-node.cjs (3)
Analyzing module node-persist@0.0.11:src/node-persist.js (4)
Analyzing module keychain@0.0.4:keychain.js (5)
Analyzing module fuzzy@0.1.3:lib/fuzzy.js (6)
Analyzing module node-osascript@1.0.4:lib/index.js (7)
Analyzing module underscore@1.13.8:underscore-node-f.cjs (8)
Analyzing module node-persist@0.0.11:src/local-storage.js (9)
Analyzing module buffers@0.1.1:index.js (10)
Analyzing module node-osascript@1.0.4:lib/osa-parser.js (11)
Analyzing module node-osascript@1.0.4:lib/osa-vargen.js (12)
Analyzing module mkdirp@0.5.6:index.js (13)
Analyzing module q@1.1.2:q.js (14)
Analyzed packages: 10, modules: 14, functions: 689, code size main: 1KB, dependencies: 227KB
Call edges function->function: 1790, call->function: 2077
Calls with zero or one callee: 1149/1685 (68.19%), multiple: 135/1685 (8.01%), native or external: 401/1685 (23.80%)
Functions with zero callers: 212/689 (30.77%), reachable functions: 146/689 (21.19%)
Analysis time: 526ms, memory usage: 87MB (without --gc)
Analysis errors: 0, warnings: 98 (show all with --warnings-unsupported)
