Analyzing module <anonymous>:theme-core.test.js (1)
Analyzing module theme-core@0.2.5:lib/index.js (2)
Analyzing module theme-core@0.2.5:lib/events.js (3)
Analyzing module theme-core@0.2.5:lib/utils.js (4)
Analyzing module lodash.merge@4.6.2:index.js (5)
Analyzing module node-notifier@5.4.5:index.js (6)
Analyzing module js-yaml@3.15.2:index.js (7)
Analyzing module node-notifier@5.4.5:lib/utils.js (8)
Analyzing module node-notifier@5.4.5:notifiers/notifysend.js (9)
Analyzing module node-notifier@5.4.5:notifiers/notificationcenter.js (10)
Analyzing module node-notifier@5.4.5:notifiers/toaster.js (11)
Analyzing module node-notifier@5.4.5:notifiers/growl.js (12)
Analyzing module node-notifier@5.4.5:notifiers/balloon.js (13)
Analyzing module js-yaml@3.15.2:lib/js-yaml.js (14)
Analyzing module shellwords@0.1.1:lib/shellwords.js (15)
Analyzing module semver@5.7.2:semver.js (16)
Analyzing module is-wsl@1.1.0:index.js (17)
Analyzing module which@1.3.1:which.js (18)
Analyzing module node-notifier@5.4.5:lib/checkGrowl.js (19)
Analyzing module growly@1.3.0:lib/growly.js (20)
Analyzing module js-yaml@3.15.2:lib/js-yaml/loader.js (21)
Analyzing module js-yaml@3.15.2:lib/js-yaml/dumper.js (22)
Analyzing module js-yaml@3.15.2:lib/js-yaml/type.js (23)
Analyzing module js-yaml@3.15.2:lib/js-yaml/schema.js (24)
Analyzing module js-yaml@3.15.2:lib/js-yaml/schema/failsafe.js (25)
Analyzing module js-yaml@3.15.2:lib/js-yaml/schema/json.js (26)
Analyzing module js-yaml@3.15.2:lib/js-yaml/schema/core.js (27)
Analyzing module js-yaml@3.15.2:lib/js-yaml/schema/default_safe.js (28)
Analyzing module js-yaml@3.15.2:lib/js-yaml/schema/default_full.js (29)
Analyzing module js-yaml@3.15.2:lib/js-yaml/exception.js (30)
Analyzing module isexe@2.0.0:index.js (31)
Analyzing module growly@1.3.0:lib/gntp.js (32)
Analyzing module js-yaml@3.15.2:lib/js-yaml/common.js (33)
Analyzing module js-yaml@3.15.2:lib/js-yaml/mark.js (34)
Analyzing module js-yaml@3.15.2:lib/js-yaml/type/str.js (35)
Analyzing module js-yaml@3.15.2:lib/js-yaml/type/seq.js (36)
Analyzing module js-yaml@3.15.2:lib/js-yaml/type/map.js (37)
Analyzing module js-yaml@3.15.2:lib/js-yaml/type/null.js (38)
Analyzing module js-yaml@3.15.2:lib/js-yaml/type/bool.js (39)
Analyzing module js-yaml@3.15.2:lib/js-yaml/type/int.js (40)
Analyzing module js-yaml@3.15.2:lib/js-yaml/type/float.js (41)
Analyzing module js-yaml@3.15.2:lib/js-yaml/type/timestamp.js (42)
Analyzing module js-yaml@3.15.2:lib/js-yaml/type/merge.js (43)
Analyzing module js-yaml@3.15.2:lib/js-yaml/type/binary.js (44)
Analyzing module js-yaml@3.15.2:lib/js-yaml/type/omap.js (45)
Analyzing module js-yaml@3.15.2:lib/js-yaml/type/pairs.js (46)
Analyzing module js-yaml@3.15.2:lib/js-yaml/type/set.js (47)
Analyzing module js-yaml@3.15.2:lib/js-yaml/type/js/undefined.js (48)
Analyzing module js-yaml@3.15.2:lib/js-yaml/type/js/regexp.js (49)
Analyzing module js-yaml@3.15.2:lib/js-yaml/type/js/function.js (50)
Analyzing module isexe@2.0.0:windows.js (51)
Analyzing module isexe@2.0.0:mode.js (52)
Analyzing module esprima@4.0.1:dist/esprima.js (53)
Analyzed packages: 12, modules: 53, functions: 925, code size main: 1KB, dependencies: 524KB
Call edges function->function: 2023, call->function: 2756
Calls with zero or one callee: 2655/3647 (72.80%), multiple: 120/3647 (3.29%), native or external: 872/3647 (23.91%)
Functions with zero callers: 133/925 (14.38%), reachable functions: 402/925 (43.46%)
Analysis time: 1174ms, memory usage: 223MB (without --gc)
Analysis errors: 0, warnings: 63 (show all with --warnings-unsupported)
