Analyzing module <anonymous>:git-parse.test.js (1)
Analyzing module git-parse@1.0.4:dist/index.js (2)
Analyzing module git-parse@1.0.4:dist/util.js (3)
Analyzing module git-parse@1.0.4:dist/checkout_commit.js (4)
Analyzing module git-parse@1.0.4:dist/git_pull.js (5)
Analyzing module git-parse@1.0.4:dist/git_diff.js (6)
Analyzing module git-parse@1.0.4:dist/parse_git_log.js (7)
Analyzing module git-parse@1.0.4:dist/git_log_stream.js (8)
Analyzing module util.promisify@1.0.1:index.js (9)
Analyzing module git-parse@1.0.4:dist/constants/git_log_format_markers.js (10)
Analyzing module git-parse@1.0.4:dist/parse_commit.js (11)
Analyzing module byline@5.0.0:lib/byline.js (12)
Analyzing module define-properties@1.2.1:index.js (13)
Analyzing module util.promisify@1.0.1:implementation.js (14)
Analyzing module util.promisify@1.0.1:polyfill.js (15)
Analyzing module util.promisify@1.0.1:shim.js (16)
Analyzing module object-keys@1.1.1:index.js (17)
Analyzing module define-data-property@1.1.4:index.js (18)
Analyzing module has-property-descriptors@1.0.2:index.js (19)
Analyzing module object.getownpropertydescriptors@2.1.9:index.js (20)
Analyzing module es-abstract@1.24.2:helpers/callBound.js (21)
Analyzing module has-symbols@1.1.0:index.js (22)
Analyzing module object-keys@1.1.1:isArguments.js (23)
Analyzing module object-keys@1.1.1:implementation.js (24)
Analyzing module es-define-property@1.0.1:index.js (25)
Analyzing module es-errors@1.3.0:syntax.js (26)
Analyzing module es-errors@1.3.0:type.js (27)
Analyzing module gopd@1.2.0:index.js (28)
Analyzing module call-bind@1.0.9:index.js (29)
Analyzing module object.getownpropertydescriptors@2.1.9:implementation.js (30)
Analyzing module object.getownpropertydescriptors@2.1.9:polyfill.js (31)
Analyzing module object.getownpropertydescriptors@2.1.9:shim.js (32)
Analyzing module call-bound@1.0.4:index.js (33)
Analyzing module has-symbols@1.1.0:shams.js (34)
Analyzing module gopd@1.2.0:gOPD.js (35)
Analyzing module set-function-length@1.2.2:index.js (36)
Analyzing module call-bind-apply-helpers@1.0.2:index.js (37)
Analyzing module call-bind-apply-helpers@1.0.2:applyBind.js (38)
Analyzing module es-abstract@1.24.2:2025/CreateDataProperty.js (39)
Analyzing module es-object-atoms@1.1.2:RequireObjectCoercible.js (40)
Analyzing module es-object-atoms@1.1.2:ToObject.js (41)
Analyzing module safe-array-concat@1.1.4:index.js (42)
Analyzing module array.prototype.reduce@1.0.8:index.js (43)
Analyzing module es-object-atoms@1.1.2:index.js (44)
Analyzing module get-intrinsic@1.3.0:index.js (45)
Analyzing module function-bind@1.1.2:index.js (46)
Analyzing module call-bind-apply-helpers@1.0.2:functionCall.js (47)
Analyzing module call-bind-apply-helpers@1.0.2:actualApply.js (48)
Analyzing module call-bind-apply-helpers@1.0.2:functionApply.js (49)
Analyzing module es-object-atoms@1.1.2:isObject.js (50)
Analyzing module es-abstract@1.24.2:helpers/isPropertyKey.js (51)
Analyzing module es-abstract@1.24.2:2025/OrdinaryDefineOwnProperty.js (52)
Analyzing module isarray@2.0.5:index.js (53)
Analyzing module es-abstract@1.24.2:2024/RequireObjectCoercible.js (54)
Analyzing module array.prototype.reduce@1.0.8:implementation.js (55)
Analyzing module array.prototype.reduce@1.0.8:polyfill.js (56)
Analyzing module array.prototype.reduce@1.0.8:shim.js (57)
Analyzing module es-errors@1.3.0:index.js (58)
Analyzing module es-errors@1.3.0:eval.js (59)
Analyzing module es-errors@1.3.0:range.js (60)
Analyzing module es-errors@1.3.0:ref.js (61)
Analyzing module es-errors@1.3.0:uri.js (62)
Analyzing module math-intrinsics@1.1.0:abs.js (63)
Analyzing module math-intrinsics@1.1.0:floor.js (64)
Analyzing module math-intrinsics@1.1.0:max.js (65)
Analyzing module math-intrinsics@1.1.0:min.js (66)
Analyzing module math-intrinsics@1.1.0:pow.js (67)
Analyzing module math-intrinsics@1.1.0:round.js (68)
Analyzing module math-intrinsics@1.1.0:sign.js (69)
Analyzing module get-proto@1.0.1:index.js (70)
Analyzing module get-proto@1.0.1:Object.getPrototypeOf.js (71)
Analyzing module get-proto@1.0.1:Reflect.getPrototypeOf.js (72)
Analyzing module hasown@2.0.4:index.js (73)
Analyzing module function-bind@1.1.2:implementation.js (74)
Analyzing module call-bind-apply-helpers@1.0.2:reflectApply.js (75)
Analyzing module es-abstract@1.24.2:helpers/records/property-descriptor.js (76)
Analyzing module es-abstract@1.24.2:2025/IsAccessorDescriptor.js (77)
Analyzing module es-abstract@1.24.2:2025/IsExtensible.js (78)
Analyzing module es-abstract@1.24.2:2025/ToPropertyDescriptor.js (79)
Analyzing module es-abstract@1.24.2:2025/SameValue.js (80)
Analyzing module es-abstract@1.24.2:2025/ValidateAndApplyPropertyDescriptor.js (81)
Analyzing module es-abstract@1.24.2:2024/Call.js (82)
Analyzing module es-abstract@1.24.2:2024/Get.js (83)
Analyzing module es-abstract@1.24.2:2024/HasProperty.js (84)
Analyzing module es-abstract@1.24.2:2024/IsCallable.js (85)
Analyzing module es-abstract@1.24.2:2024/LengthOfArrayLike.js (86)
Analyzing module es-abstract@1.24.2:2024/ToString.js (87)
Analyzing module is-string@1.1.1:index.js (88)
Analyzing module es-array-method-boxes-properly@1.0.0:index.js (89)
Analyzing module math-intrinsics@1.1.0:isNaN.js (90)
Analyzing module dunder-proto@1.0.1:get.js (91)
Analyzing module es-abstract@1.24.2:helpers/isPrimitive.js (92)
Analyzing module es-abstract@1.24.2:2025/IsCallable.js (93)
Analyzing module es-abstract@1.24.2:2025/ToBoolean.js (94)
Analyzing module es-abstract@1.24.2:helpers/DefineOwnProperty.js (95)
Analyzing module es-abstract@1.24.2:helpers/isFullyPopulatedPropertyDescriptor.js (96)
Analyzing module es-abstract@1.24.2:2025/FromPropertyDescriptor.js (97)
Analyzing module es-abstract@1.24.2:2025/IsDataDescriptor.js (98)
Analyzing module es-abstract@1.24.2:2025/IsGenericDescriptor.js (99)
Analyzing module es-abstract@1.24.2:2024/IsArray.js (100)
Analyzing module object-inspect@1.13.4:index.js (101)
Analyzing module is-callable@1.2.7:index.js (102)
Analyzing module es-abstract@1.24.2:2024/ToLength.js (103)
Analyzing module has-tostringtag@1.0.2:shams.js (104)
Analyzing module es-abstract@1.24.2:helpers/IsArray.js (105)
Analyzing module es-abstract@1.24.2:helpers/fromPropertyDescriptor.js (106)
Analyzing module object-inspect@1.13.4:util.inspect.js (107)
Analyzing module math-intrinsics@1.1.0:constants/maxSafeInteger.js (108)
Analyzing module es-abstract@1.24.2:2024/ToIntegerOrInfinity.js (109)
Analyzing module es-abstract@1.24.2:2024/ToNumber.js (110)
Analyzing module es-abstract@1.24.2:2024/truncate.js (111)
Analyzing module math-intrinsics@1.1.0:isFinite.js (112)
Analyzing module es-abstract@1.24.2:2024/ToPrimitive.js (113)
Analyzing module es-abstract@1.24.2:2024/StringToNumber.js (114)
Analyzing module es-abstract@1.24.2:2024/floor.js (115)
Analyzing module es-to-primitive@1.3.4:es2015.js (116)
Analyzing module safe-regex-test@1.1.0:index.js (117)
Analyzing module string.prototype.trim@1.2.11:index.js (118)
Analyzing module is-date-object@1.1.0:index.js (119)
Analyzing module is-symbol@1.1.1:index.js (120)
Analyzing module es-to-primitive@1.3.4:helpers/isPrimitive.js (121)
Analyzing module es-abstract-get@1.0.0:GetMethod.js (122)
Analyzing module is-regex@1.2.1:index.js (123)
Analyzing module string.prototype.trim@1.2.11:implementation.js (124)
Analyzing module string.prototype.trim@1.2.11:polyfill.js (125)
Analyzing module string.prototype.trim@1.2.11:shim.js (126)
Analyzing module es-abstract-get@1.0.0:GetV.js (127)
Analyzing module es-abstract-get@1.0.0:isPropertyKey.js (128)
Analyzing module es-abstract@1.24.2:2025/ToString.js (129)
Analyzed packages: 40, modules: 129, functions: 219, code size main: 1KB, dependencies: 142KB
Call edges function->function: 340, call->function: 458
Calls with zero or one callee: 511/1145 (44.63%), multiple: 29/1145 (2.53%), native or external: 605/1145 (52.84%)
Functions with zero callers: 40/219 (18.26%), reachable functions: 58/219 (26.48%)
Analysis time: 426ms, memory usage: 74MB (without --gc)
Analysis errors: 0, warnings: 51 (show all with --warnings-unsupported)
