Analyzing module <anonymous>:total-js.test.js (1)
Analyzing module total.js@3.4.6:index.js (2)
Analyzing module total.js@3.4.6:flow.js (3)
Analyzing module total.js@3.4.6:internal.js (4)
Analyzing module total.js@3.4.6:builders.js (5)
Analyzing module total.js@3.4.6:utils.js (6)
Analyzing module total.js@3.4.6:mail.js (7)
Analyzing module total.js@3.4.6:image.js (8)
Analyzing module total.js@3.4.6:session.js (9)
Analyzing module total.js@3.4.6:tangular.js (10)
Analyzing module total.js@3.4.6:nosql.js (11)
Analyzing module total.js@3.4.6:websocketclient.js (12)
Analyzing module total.js@3.4.6:cluster.js (13)
Analyzing module total.js@3.4.6:bundles.js (14)
Analyzing module total.js@3.4.6:test.js (15)
Analyzing module total.js@3.4.6:nosqlstream.js (16)
Analyzing module total.js@3.4.6:debug.js (17)
Analyzed packages: 2, modules: 17, functions: 3093, code size main: 1KB, dependencies: 1215KB
Call edges function->function: 6057, call->function: 8148
Calls with zero or one callee: 6101/11511 (53.00%), multiple: 912/11511 (7.92%), native or external: 4498/11511 (39.08%)
Functions with zero callers: 1470/3093 (47.53%), reachable functions: 1144/3093 (36.99%)
Analysis time: 3288ms, memory usage: 416MB (without --gc)
Analysis errors: 0, warnings: 926 (show all with --warnings-unsupported)
