Analyzing module <anonymous>:npm-git-publish.test.js (1)
Analyzing module npm-git-publish@0.2.4-beta:lib/publish.js (2)
Analyzing module pify@2.3.0:index.js (3)
Analyzing module npm-git-publish@0.2.4-beta:lib/wrappers/mkdirp.js (4)
Analyzing module npm-git-publish@0.2.4-beta:lib/wrappers/rimraf.js (5)
Analyzing module npm-git-publish@0.2.4-beta:lib/unpack.js (6)
Analyzing module read-pkg@1.1.0:index.js (7)
Analyzing module unique-temp-dir@1.0.0:index.js (8)
Analyzing module mkdirp@0.5.6:index.js (9)
Analyzing module rimraf@2.7.1:rimraf.js (10)
Analyzing module tar@2.2.2:tar.js (11)
Analyzing module load-json-file@1.1.0:index.js (12)
Analyzing module normalize-package-data@2.5.0:lib/normalize.js (13)
Analyzing module path-type@1.1.0:index.js (14)
Analyzing module os-tmpdir@1.0.2:index.js (15)
Analyzing module uid2@0.0.3:index.js (16)
Analyzing module glob@7.2.3:glob.js (17)
Analyzing module tar@2.2.2:lib/pack.js (18)
Analyzing module tar@2.2.2:lib/parse.js (19)
Analyzing module tar@2.2.2:lib/extract.js (20)
Analyzing module graceful-fs@4.2.11:graceful-fs.js (21)
Analyzing module strip-bom@2.0.0:index.js (22)
Analyzing module parse-json@2.2.0:index.js (23)
Analyzing module pinkie-promise@2.0.1:index.js (24)
Analyzing module normalize-package-data@2.5.0:lib/fixer.js (25)
Analyzing module normalize-package-data@2.5.0:lib/make_warning.js (26)
Analyzing module fs.realpath@1.0.0:index.js (27)
Analyzing module minimatch@3.1.5:minimatch.js (28)
Analyzing module inherits@2.0.4:inherits.js (29)
Analyzing module path-is-absolute@1.0.1:index.js (30)
Analyzing module glob@7.2.3:sync.js (31)
Analyzing module glob@7.2.3:common.js (32)
Analyzing module inflight@1.0.6:inflight.js (33)
Analyzing module once@1.4.0:once.js (34)
Analyzing module tar@2.2.2:lib/entry-writer.js (35)
Analyzing module tar@2.2.2:lib/global-header-writer.js (36)
Analyzing module fstream@1.0.12:fstream.js (37)
Analyzing module block-stream@0.0.9:block-stream.js (38)
Analyzing module tar@2.2.2:lib/header.js (39)
Analyzing module tar@2.2.2:lib/entry.js (40)
Analyzing module tar@2.2.2:lib/buffer-entry.js (41)
Analyzing module tar@2.2.2:lib/extended-header.js (42)
Analyzing module graceful-fs@4.2.11:polyfills.js (43)
Analyzing module graceful-fs@4.2.11:legacy-streams.js (44)
Analyzing module graceful-fs@4.2.11:clone.js (45)
Analyzing module is-utf8@0.2.1:is-utf8.js (46)
Analyzing module error-ex@1.3.4:index.js (47)
Analyzing module parse-json@2.2.0:vendor/parse.js (48)
Analyzing module pinkie@2.0.4:index.js (49)
Analyzing module semver@5.7.2:semver.js (50)
Analyzing module validate-npm-package-license@3.0.4:index.js (51)
Analyzing module hosted-git-info@2.8.9:index.js (52)
Analyzing module resolve@1.22.12:index.js (53)
Analyzing module normalize-package-data@2.5.0:lib/extract_description.js (54)
Analyzing module fs.realpath@1.0.0:old.js (55)
Analyzing module brace-expansion@1.1.18:index.js (56)
Analyzing module inherits@2.0.4:inherits_browser.js (57)
Analyzing module wrappy@1.0.2:wrappy.js (58)
Analyzing module tar@2.2.2:lib/extended-header-writer.js (59)
Analyzing module fstream@1.0.12:lib/abstract.js (60)
Analyzing module fstream@1.0.12:lib/reader.js (61)
Analyzing module fstream@1.0.12:lib/writer.js (62)
Analyzing module fstream@1.0.12:lib/file-reader.js (63)
Analyzing module fstream@1.0.12:lib/file-writer.js (64)
Analyzing module fstream@1.0.12:lib/dir-reader.js (65)
Analyzing module fstream@1.0.12:lib/dir-writer.js (66)
Analyzing module fstream@1.0.12:lib/link-reader.js (67)
Analyzing module fstream@1.0.12:lib/link-writer.js (68)
Analyzing module fstream@1.0.12:lib/proxy-reader.js (69)
Analyzing module fstream@1.0.12:lib/proxy-writer.js (70)
Analyzing module fstream@1.0.12:lib/collect.js (71)
Analyzing module is-arrayish@0.2.1:index.js (72)
Analyzing module parse-json@2.2.0:vendor/unicode.js (73)
Analyzing module spdx-expression-parse@3.0.1:index.js (74)
Analyzing module spdx-correct@3.2.0:index.js (75)
Analyzing module hosted-git-info@2.8.9:git-host-info.js (76)
Analyzing module hosted-git-info@2.8.9:git-host.js (77)
Analyzing module resolve@1.22.12:lib/async.js (78)
Analyzing module resolve@1.22.12:lib/core.js (79)
Analyzing module resolve@1.22.12:lib/is-core.js (80)
Analyzing module resolve@1.22.12:lib/sync.js (81)
Analyzing module concat-map@0.0.1:index.js (82)
Analyzing module balanced-match@1.0.2:index.js (83)
Analyzing module fstream@1.0.12:lib/get-type.js (84)
Analyzing module fstream@1.0.12:lib/socket-reader.js (85)
Analyzing module spdx-expression-parse@3.0.1:scan.js (86)
Analyzing module spdx-expression-parse@3.0.1:parse.js (87)
Analyzing module resolve@1.22.12:lib/homedir.js (88)
Analyzing module resolve@1.22.12:lib/caller.js (89)
Analyzing module resolve@1.22.12:lib/node-modules-paths.js (90)
Analyzing module resolve@1.22.12:lib/normalize-options.js (91)
Analyzing module is-core-module@2.16.2:index.js (92)
Analyzing module es-errors@1.3.0:index.js (93)
Analyzing module es-errors@1.3.0:type.js (94)
Analyzing module path-parse@1.0.7:index.js (95)
Analyzing module hasown@2.0.4:index.js (96)
Analyzing module function-bind@1.1.2:index.js (97)
Analyzing module function-bind@1.1.2:implementation.js (98)
Analyzed packages: 45, modules: 98, functions: 1052, code size main: 1KB, dependencies: 406KB
Call edges function->function: 2524, call->function: 3036
Calls with zero or one callee: 1469/3505 (41.91%), multiple: 461/3505 (13.15%), native or external: 1575/3505 (44.94%)
Functions with zero callers: 152/1052 (14.45%), reachable functions: 646/1052 (61.41%)
Analysis time: 1263ms, memory usage: 231MB (without --gc)
Analysis errors: 0, warnings: 213 (show all with --warnings-unsupported)
