Analyzing module <anonymous>:egf.test.js (1)
Analyzing module @thi.ng/egf@0.3.0:lib/index.js (2)
Analyzing module @thi.ng/checks@2.9.11:lib/index.js (3)
Analyzing module @thi.ng/errors@1.3.4:lib/index.js (4)
Analyzing module @thi.ng/transducers-binary@0.5.33:lib/index.js (5)
Analyzing module @thi.ng/associative@5.2.16:lib/index.js (6)
Analyzing module @thi.ng/dot@1.2.38:lib/index.js (7)
Analyzing module @thi.ng/strings@1.15.6:lib/index.js (8)
Analyzing module @thi.ng/api@6.13.6:lib/index.js (9)
Analyzing module @thi.ng/prefixes@0.1.20:lib/index.js (10)
Analyzing module @thi.ng/transducers@7.9.2:lib/index.js (11)
Analyzing module @thi.ng/binary@2.2.11:lib/index.js (12)
Analyzing module @thi.ng/compose@1.4.36:lib/index.js (13)
Analyzing module @thi.ng/hex@0.1.3:lib/index.js (14)
Analyzing module @thi.ng/random@2.4.8:lib/index.js (15)
Analyzing module tslib@2.8.1:tslib.js (16)
Analyzing module @thi.ng/api@7.2.0:lib/index.js (17)
Analyzing module @thi.ng/arrays@1.0.3:lib/index.js (18)
Analyzing module @thi.ng/equiv@1.0.45:lib/index.js (19)
Analyzing module @thi.ng/dcons@2.3.34:lib/index.js (20)
Analyzing module @thi.ng/compare@1.3.34:lib/index.js (21)
Analyzing module @thi.ng/memoize@2.1.21:lib/index.js (22)
Analyzing module @thi.ng/hex@0.2.7:lib/index.js (23)
Analyzing module @thi.ng/math@4.0.6:lib/index.js (24)
Analyzing module @thi.ng/hex@1.0.4:lib/index.js (25)
Analyzed packages: 25, modules: 25, functions: 1801, code size main: 1KB, dependencies: 304KB
Call edges function->function: 15797, call->function: 24996
Calls with zero or one callee: 1864/3224 (57.82%), multiple: 442/3224 (13.71%), native or external: 918/3224 (28.47%)
Functions with zero callers: 800/1801 (44.42%), reachable functions: 617/1801 (34.26%)
Analysis time: 2269ms, memory usage: 286MB (without --gc)
Analysis errors: 0, warnings: 365 (show all with --warnings-unsupported)
