Analyzing module <anonymous>:ts-process-promises.test.js (1)
Analyzing module ts-process-promises@1.0.2:lib/process-promises.js (2)
Analyzing module split@1.0.1:index.js (3)
Analyzing module ts-process-promises@1.0.2:lib/resolve-promise.js (4)
Analyzing module ts-process-promises@1.0.2:lib/caller.js (5)
Analyzing module ts-process-promises@1.0.2:lib/PromiseWithEvents.js (6)
Analyzing module through@2.3.8:index.js (7)
Analyzing module resolve@1.22.12:index.js (8)
Analyzing module bluebird@3.7.2:js/release/bluebird.js (9)
Analyzing module stack-trace@0.0.9:lib/stack-trace.js (10)
Analyzing module resolve@1.22.12:lib/async.js (11)
Analyzing module resolve@1.22.12:lib/core.js (12)
Analyzing module resolve@1.22.12:lib/is-core.js (13)
Analyzing module resolve@1.22.12:lib/sync.js (14)
Analyzing module bluebird@3.7.2:js/release/promise.js (15)
Analyzing module resolve@1.22.12:lib/homedir.js (16)
Analyzing module resolve@1.22.12:lib/caller.js (17)
Analyzing module resolve@1.22.12:lib/node-modules-paths.js (18)
Analyzing module resolve@1.22.12:lib/normalize-options.js (19)
Analyzing module is-core-module@2.16.2:index.js (20)
Analyzing module es-errors@1.3.0:index.js (21)
Analyzing module es-errors@1.3.0:type.js (22)
Analyzing module bluebird@3.7.2:js/release/util.js (23)
Analyzing module bluebird@3.7.2:js/release/es5.js (24)
Analyzing module bluebird@3.7.2:js/release/async.js (25)
Analyzing module bluebird@3.7.2:js/release/errors.js (26)
Analyzing module bluebird@3.7.2:js/release/thenables.js (27)
Analyzing module bluebird@3.7.2:js/release/promise_array.js (28)
Analyzing module bluebird@3.7.2:js/release/context.js (29)
Analyzing module bluebird@3.7.2:js/release/debuggability.js (30)
Analyzing module bluebird@3.7.2:js/release/finally.js (31)
Analyzing module bluebird@3.7.2:js/release/catch_filter.js (32)
Analyzing module bluebird@3.7.2:js/release/nodeback.js (33)
Analyzing module bluebird@3.7.2:js/release/method.js (34)
Analyzing module bluebird@3.7.2:js/release/bind.js (35)
Analyzing module bluebird@3.7.2:js/release/cancel.js (36)
Analyzing module bluebird@3.7.2:js/release/direct_resolve.js (37)
Analyzing module bluebird@3.7.2:js/release/synchronous_inspection.js (38)
Analyzing module bluebird@3.7.2:js/release/join.js (39)
Analyzing module bluebird@3.7.2:js/release/call_get.js (40)
Analyzing module bluebird@3.7.2:js/release/generators.js (41)
Analyzing module bluebird@3.7.2:js/release/map.js (42)
Analyzing module bluebird@3.7.2:js/release/nodeify.js (43)
Analyzing module bluebird@3.7.2:js/release/promisify.js (44)
Analyzing module bluebird@3.7.2:js/release/props.js (45)
Analyzing module bluebird@3.7.2:js/release/race.js (46)
Analyzing module bluebird@3.7.2:js/release/reduce.js (47)
Analyzing module bluebird@3.7.2:js/release/settle.js (48)
Analyzing module bluebird@3.7.2:js/release/some.js (49)
Analyzing module bluebird@3.7.2:js/release/timers.js (50)
Analyzing module bluebird@3.7.2:js/release/using.js (51)
Analyzing module bluebird@3.7.2:js/release/any.js (52)
Analyzing module bluebird@3.7.2:js/release/each.js (53)
Analyzing module bluebird@3.7.2:js/release/filter.js (54)
Analyzing module path-parse@1.0.7:index.js (55)
Analyzing module hasown@2.0.4:index.js (56)
Analyzing module bluebird@3.7.2:js/release/schedule.js (57)
Analyzing module bluebird@3.7.2:js/release/queue.js (58)
Analyzing module function-bind@1.1.2:index.js (59)
Analyzing module function-bind@1.1.2:implementation.js (60)
Analyzed packages: 12, modules: 60, functions: 722, code size main: 1KB, dependencies: 216KB
Call edges function->function: 6554, call->function: 10888
Calls with zero or one callee: 999/1974 (50.61%), multiple: 469/1974 (23.76%), native or external: 506/1974 (25.63%)
Functions with zero callers: 109/722 (15.10%), reachable functions: 506/722 (70.08%)
Analysis time: 1030ms, memory usage: 200MB (without --gc)
Analysis errors: 0, warnings: 86 (show all with --warnings-unsupported)
