Analyzing module <anonymous>:deferred-exec.test.js (1)
Analyzing module deferred-exec@0.3.1:lib/deferred-exec.js (2)
Analyzing module lodash@4.18.1:lodash.js (3)
Analyzing module underscore.deferred@0.4.0:underscore.deferred.js (4)
Analyzing module underscore.string@3.3.6:index.js (5)
Analyzing module underscore.string@3.3.6:isBlank.js (6)
Analyzing module underscore.string@3.3.6:stripTags.js (7)
Analyzing module underscore.string@3.3.6:capitalize.js (8)
Analyzing module underscore.string@3.3.6:decapitalize.js (9)
Analyzing module underscore.string@3.3.6:chop.js (10)
Analyzing module underscore.string@3.3.6:trim.js (11)
Analyzing module underscore.string@3.3.6:clean.js (12)
Analyzing module underscore.string@3.3.6:cleanDiacritics.js (13)
Analyzing module underscore.string@3.3.6:count.js (14)
Analyzing module underscore.string@3.3.6:chars.js (15)
Analyzing module underscore.string@3.3.6:swapCase.js (16)
Analyzing module underscore.string@3.3.6:escapeHTML.js (17)
Analyzing module underscore.string@3.3.6:unescapeHTML.js (18)
Analyzing module underscore.string@3.3.6:splice.js (19)
Analyzing module underscore.string@3.3.6:insert.js (20)
Analyzing module underscore.string@3.3.6:replaceAll.js (21)
Analyzing module underscore.string@3.3.6:include.js (22)
Analyzing module underscore.string@3.3.6:join.js (23)
Analyzing module underscore.string@3.3.6:lines.js (24)
Analyzing module underscore.string@3.3.6:dedent.js (25)
Analyzing module underscore.string@3.3.6:reverse.js (26)
Analyzing module underscore.string@3.3.6:startsWith.js (27)
Analyzing module underscore.string@3.3.6:endsWith.js (28)
Analyzing module underscore.string@3.3.6:pred.js (29)
Analyzing module underscore.string@3.3.6:succ.js (30)
Analyzing module underscore.string@3.3.6:titleize.js (31)
Analyzing module underscore.string@3.3.6:camelize.js (32)
Analyzing module underscore.string@3.3.6:underscored.js (33)
Analyzing module underscore.string@3.3.6:dasherize.js (34)
Analyzing module underscore.string@3.3.6:classify.js (35)
Analyzing module underscore.string@3.3.6:humanize.js (36)
Analyzing module underscore.string@3.3.6:ltrim.js (37)
Analyzing module underscore.string@3.3.6:rtrim.js (38)
Analyzing module underscore.string@3.3.6:truncate.js (39)
Analyzing module underscore.string@3.3.6:prune.js (40)
Analyzing module underscore.string@3.3.6:words.js (41)
Analyzing module underscore.string@3.3.6:pad.js (42)
Analyzing module underscore.string@3.3.6:lpad.js (43)
Analyzing module underscore.string@3.3.6:rpad.js (44)
Analyzing module underscore.string@3.3.6:lrpad.js (45)
Analyzing module underscore.string@3.3.6:sprintf.js (46)
Analyzing module underscore.string@3.3.6:vsprintf.js (47)
Analyzing module underscore.string@3.3.6:toNumber.js (48)
Analyzing module underscore.string@3.3.6:numberFormat.js (49)
Analyzing module underscore.string@3.3.6:strRight.js (50)
Analyzing module underscore.string@3.3.6:strRightBack.js (51)
Analyzing module underscore.string@3.3.6:strLeft.js (52)
Analyzing module underscore.string@3.3.6:strLeftBack.js (53)
Analyzing module underscore.string@3.3.6:toSentence.js (54)
Analyzing module underscore.string@3.3.6:toSentenceSerial.js (55)
Analyzing module underscore.string@3.3.6:slugify.js (56)
Analyzing module underscore.string@3.3.6:surround.js (57)
Analyzing module underscore.string@3.3.6:quote.js (58)
Analyzing module underscore.string@3.3.6:unquote.js (59)
Analyzing module underscore.string@3.3.6:repeat.js (60)
Analyzing module underscore.string@3.3.6:naturalCmp.js (61)
Analyzing module underscore.string@3.3.6:levenshtein.js (62)
Analyzing module underscore.string@3.3.6:toBoolean.js (63)
Analyzing module underscore.string@3.3.6:exports.js (64)
Analyzing module underscore.string@3.3.6:helper/escapeRegExp.js (65)
Analyzing module underscore.string@3.3.6:wrap.js (66)
Analyzing module underscore.string@3.3.6:map.js (67)
Analyzing module underscore.string@3.3.6:helper/makeString.js (68)
Analyzing module underscore.string@3.3.6:helper/defaultToWhiteSpace.js (69)
Analyzing module underscore.string@3.3.6:helper/escapeChars.js (70)
Analyzing module underscore.string@3.3.6:helper/htmlEntities.js (71)
Analyzing module underscore.string@3.3.6:helper/toPositive.js (72)
Analyzing module underscore.string@3.3.6:helper/adjacent.js (73)
Analyzing module underscore.string@3.3.6:helper/strRepeat.js (74)
Analyzing module util-deprecate@1.0.2:node.js (75)
Analyzing module sprintf-js@1.1.3:src/sprintf.js (76)
Analyzed packages: 7, modules: 76, functions: 830, code size main: 1KB, dependencies: 584KB
Call edges function->function: 7784, call->function: 11585
Calls with zero or one callee: 1464/2391 (61.23%), multiple: 376/2391 (15.73%), native or external: 551/2391 (23.04%)
Functions with zero callers: 247/830 (29.76%), reachable functions: 473/830 (56.99%)
Analysis time: 1975ms, memory usage: 285MB (without --gc)
Analysis errors: 0, warnings: 187 (show all with --warnings-unsupported)
