Analyzing module <anonymous>:giting.test.js (1)
Analyzing module giting@0.0.7:lib/git.js (2)
Analyzing module basic@0.0.3:lib/index.js (3)
Analyzing module mkdirp@0.5.0:index.js (4)
Analyzing module pushover-giting@0.0.3:index.js (5)
Analyzing module debug@2.1.1:node.js (6)
Analyzing module basic@0.0.3:lib/basic.js (7)
Analyzing module mkdirp@0.3.5:index.js (8)
Analyzing module inherits@1.0.2:inherits.js (9)
Analyzing module pushover-giting@0.0.3:lib/onexit.js (10)
Analyzing module pushover-giting@0.0.3:lib/handle.js (11)
Analyzing module debug@2.1.1:debug.js (12)
Analyzing module pushover-giting@0.0.3:lib/service.js (13)
Analyzing module pushover-giting@0.0.3:lib/no_cache.js (14)
Analyzing module pushover-giting@0.0.3:lib/info.js (15)
Analyzing module http-duplex@0.0.2:index.js (16)
Analyzing module ms@0.6.2:index.js (17)
Analyzing module through@2.2.7:index.js (18)
Analyzing module pushover-giting@0.0.3:lib/side-band.js (19)
Analyzing module duplex-pipe@0.0.2:index.js (20)
Analyzing module git-side-band-message@0.0.3:index.js (21)
Analyzed packages: 13, modules: 21, functions: 168, code size main: 1KB, dependencies: 44KB
Call edges function->function: 206, call->function: 240
Calls with zero or one callee: 214/546 (39.19%), multiple: 31/546 (5.68%), native or external: 301/546 (55.13%)
Functions with zero callers: 38/168 (22.62%), reachable functions: 58/168 (34.52%)
Analysis time: 203ms, memory usage: 60MB (without --gc)
Analysis errors: 0, warnings: 10 (show all with --warnings-unsupported)
