Analyzing module <anonymous>:git-dummy-commit.test.js (1)
Analyzing module git-dummy-commit@1.3.0:index.js (2)
Analyzing module shelljs@0.7.8:shell.js (3)
Analyzing module shelljs@0.7.8:src/common.js (4)
Analyzing module shelljs@0.7.8:commands.js (5)
Analyzing module shelljs@0.7.8:src/error.js (6)
Analyzing module glob@7.2.3:glob.js (7)
Analyzing module fs.realpath@1.0.0:index.js (8)
Analyzing module minimatch@3.1.5:minimatch.js (9)
Analyzing module inherits@2.0.4:inherits.js (10)
Analyzing module path-is-absolute@1.0.1:index.js (11)
Analyzing module glob@7.2.3:sync.js (12)
Analyzing module glob@7.2.3:common.js (13)
Analyzing module inflight@1.0.6:inflight.js (14)
Analyzing module once@1.4.0:once.js (15)
Analyzing module fs.realpath@1.0.0:old.js (16)
Analyzing module brace-expansion@1.1.18:index.js (17)
Analyzing module inherits@2.0.4:inherits_browser.js (18)
Analyzing module wrappy@1.0.2:wrappy.js (19)
Analyzing module concat-map@0.0.1:index.js (20)
Analyzing module balanced-match@1.0.2:index.js (21)
Analyzed packages: 14, modules: 21, functions: 216, code size main: 1KB, dependencies: 109KB
Call edges function->function: 393, call->function: 508
Calls with zero or one callee: 358/835 (42.87%), multiple: 75/835 (8.98%), native or external: 402/835 (48.14%)
Functions with zero callers: 41/216 (18.98%), reachable functions: 145/216 (67.13%)
Analysis time: 331ms, memory usage: 72MB (without --gc)
Analysis errors: 0, warnings: 53 (show all with --warnings-unsupported)
