Analyzing module <anonymous>:git-lib.test.js (1)
Analyzing module git-lib@1.6.0:git.js (2)
Analyzing module promise@7.3.1:index.js (3)
Analyzing module async@1.5.2:lib/async.js (4)
Analyzing module lodash@3.10.1:index.js (5)
Analyzing module colors@1.4.0:lib/index.js (6)
Analyzing module xcept@1.0.0:index.js (7)
Analyzing module promise@7.3.1:lib/index.js (8)
Analyzing module colors@1.4.0:lib/colors.js (9)
Analyzing module colors@1.4.0:lib/extendStringPrototype.js (10)
Analyzing module promise@7.3.1:lib/core.js (11)
Analyzing module promise@7.3.1:lib/done.js (12)
Analyzing module promise@7.3.1:lib/finally.js (13)
Analyzing module promise@7.3.1:lib/es6-extensions.js (14)
Analyzing module promise@7.3.1:lib/node-extensions.js (15)
Analyzing module promise@7.3.1:lib/synchronous.js (16)
Analyzing module colors@1.4.0:lib/styles.js (17)
Analyzing module colors@1.4.0:lib/system/supports-colors.js (18)
Analyzing module colors@1.4.0:lib/custom/trap.js (19)
Analyzing module colors@1.4.0:lib/custom/zalgo.js (20)
Analyzing module colors@1.4.0:lib/maps/america.js (21)
Analyzing module colors@1.4.0:lib/maps/zebra.js (22)
Analyzing module colors@1.4.0:lib/maps/rainbow.js (23)
Analyzing module colors@1.4.0:lib/maps/random.js (24)
Analyzing module asap@2.0.6:raw.js (25)
Analyzing module asap@2.0.6:asap.js (26)
Analyzing module colors@1.4.0:lib/system/has-flag.js (27)
Analyzed packages: 8, modules: 27, functions: 845, code size main: 1KB, dependencies: 489KB
Call edges function->function: 5528, call->function: 7472
Calls with zero or one callee: 1190/1978 (60.16%), multiple: 349/1978 (17.64%), native or external: 439/1978 (22.19%)
Functions with zero callers: 222/845 (26.27%), reachable functions: 513/845 (60.71%)
Analysis time: 1085ms, memory usage: 215MB (without --gc)
Analysis errors: 0, warnings: 214 (show all with --warnings-unsupported)
