Analyzing module <anonymous>:bestzip.test.js (1)
Analyzing module bestzip@2.1.6:lib/bestzip.js (2)
Analyzing module archiver@4.0.2:index.js (3)
Analyzing module async@2.6.4:dist/async.js (4)
Analyzing module glob@7.2.3:glob.js (5)
Analyzing module which@1.3.1:which.js (6)
Analyzing module archiver@4.0.2:lib/core.js (7)
Analyzing module archiver@4.0.2:lib/plugins/zip.js (8)
Analyzing module archiver@4.0.2:lib/plugins/tar.js (9)
Analyzing module archiver@4.0.2:lib/plugins/json.js (10)
Analyzing module fs.realpath@1.0.0:index.js (11)
Analyzing module minimatch@3.1.5:minimatch.js (12)
Analyzing module inherits@2.0.4:inherits.js (13)
Analyzing module path-is-absolute@1.0.1:index.js (14)
Analyzing module glob@7.2.3:sync.js (15)
Analyzing module glob@7.2.3:common.js (16)
Analyzing module inflight@1.0.6:inflight.js (17)
Analyzing module once@1.4.0:once.js (18)
Analyzing module isexe@2.0.0:index.js (19)
Analyzing module async@3.2.6:dist/async.js (20)
Analyzing module archiver-utils@2.1.0:index.js (21)
Analyzing module archiver@4.0.2:lib/error.js (22)
Analyzing module readable-stream@3.6.2:readable.js (23)
Analyzing module zip-stream@3.0.1:index.js (24)
Analyzing module tar-stream@2.2.0:index.js (25)
Analyzing module buffer-crc32@0.2.13:index.js (26)
Analyzing module fs.realpath@1.0.0:old.js (27)
Analyzing module brace-expansion@1.1.18:index.js (28)
Analyzing module inherits@2.0.4:inherits_browser.js (29)
Analyzing module wrappy@1.0.2:wrappy.js (30)
Analyzing module isexe@2.0.0:windows.js (31)
Analyzing module isexe@2.0.0:mode.js (32)
Analyzing module graceful-fs@4.2.11:graceful-fs.js (33)
Analyzing module lazystream@1.0.1:lib/lazystream.js (34)
Analyzing module normalize-path@3.0.0:index.js (35)
Analyzing module lodash.defaults@4.2.0:index.js (36)
Analyzing module readable-stream@2.3.8:readable.js (37)
Analyzing module archiver-utils@2.1.0:file.js (38)
Analyzing module readable-stream@3.6.2:lib/_stream_readable.js (39)
Analyzing module readable-stream@3.6.2:lib/_stream_writable.js (40)
Analyzing module readable-stream@3.6.2:lib/_stream_duplex.js (41)
Analyzing module readable-stream@3.6.2:lib/_stream_transform.js (42)
Analyzing module readable-stream@3.6.2:lib/_stream_passthrough.js (43)
Analyzing module readable-stream@3.6.2:lib/internal/streams/end-of-stream.js (44)
Analyzing module readable-stream@3.6.2:lib/internal/streams/pipeline.js (45)
Analyzing module compress-commons@3.0.0:lib/compress-commons.js (46)
Analyzing module tar-stream@2.2.0:extract.js (47)
Analyzing module tar-stream@2.2.0:pack.js (48)
Analyzing module concat-map@0.0.1:index.js (49)
Analyzing module balanced-match@1.0.2:index.js (50)
Analyzing module graceful-fs@4.2.11:polyfills.js (51)
Analyzing module graceful-fs@4.2.11:legacy-streams.js (52)
Analyzing module graceful-fs@4.2.11:clone.js (53)
Analyzing module readable-stream@2.3.8:passthrough.js (54)
Analyzing module readable-stream@2.3.8:lib/_stream_readable.js (55)
Analyzing module readable-stream@2.3.8:lib/_stream_writable.js (56)
Analyzing module readable-stream@2.3.8:lib/_stream_duplex.js (57)
Analyzing module readable-stream@2.3.8:lib/_stream_transform.js (58)
Analyzing module readable-stream@2.3.8:lib/_stream_passthrough.js (59)
Analyzing module lodash.flatten@4.4.0:index.js (60)
Analyzing module lodash.difference@4.5.0:index.js (61)
Analyzing module lodash.union@4.6.0:index.js (62)
Analyzing module lodash.isplainobject@4.0.6:index.js (63)
Analyzing module readable-stream@3.6.2:lib/internal/streams/stream.js (64)
Analyzing module readable-stream@3.6.2:lib/internal/streams/buffer_list.js (65)
Analyzing module readable-stream@3.6.2:lib/internal/streams/destroy.js (66)
Analyzing module readable-stream@3.6.2:lib/internal/streams/state.js (67)
Analyzing module readable-stream@3.6.2:errors.js (68)
Analyzing module string_decoder@1.3.0:lib/string_decoder.js (69)
Analyzing module readable-stream@3.6.2:lib/internal/streams/async_iterator.js (70)
Analyzing module readable-stream@3.6.2:lib/internal/streams/from.js (71)
Analyzing module util-deprecate@1.0.2:node.js (72)
Analyzing module compress-commons@3.0.0:lib/archivers/archive-entry.js (73)
Analyzing module compress-commons@3.0.0:lib/archivers/zip/zip-archive-entry.js (74)
Analyzing module compress-commons@3.0.0:lib/archivers/archive-output-stream.js (75)
Analyzing module compress-commons@3.0.0:lib/archivers/zip/zip-archive-output-stream.js (76)
Analyzing module bl@4.1.0:bl.js (77)
Analyzing module tar-stream@2.2.0:headers.js (78)
Analyzing module fs-constants@1.0.0:index.js (79)
Analyzing module end-of-stream@1.4.5:index.js (80)
Analyzing module process-nextick-args@2.0.1:index.js (81)
Analyzing module isarray@1.0.0:index.js (82)
Analyzing module readable-stream@2.3.8:lib/internal/streams/stream.js (83)
Analyzing module safe-buffer@5.1.2:index.js (84)
Analyzing module core-util-is@1.0.3:lib/util.js (85)
Analyzing module readable-stream@2.3.8:lib/internal/streams/BufferList.js (86)
Analyzing module readable-stream@2.3.8:lib/internal/streams/destroy.js (87)
Analyzing module string_decoder@1.1.1:lib/string_decoder.js (88)
Analyzing module safe-buffer@5.2.1:index.js (89)
Analyzing module compress-commons@3.0.0:lib/archivers/zip/general-purpose-bit.js (90)
Analyzing module compress-commons@3.0.0:lib/archivers/zip/unix-stat.js (91)
Analyzing module compress-commons@3.0.0:lib/archivers/zip/constants.js (92)
Analyzing module compress-commons@3.0.0:lib/archivers/zip/util.js (93)
Analyzing module compress-commons@3.0.0:lib/util/index.js (94)
Analyzing module crc32-stream@3.0.1:lib/index.js (95)
Analyzing module bl@4.1.0:BufferList.js (96)
Analyzing module crc32-stream@3.0.1:lib/crc32-stream.js (97)
Analyzing module crc32-stream@3.0.1:lib/deflate-crc32-stream.js (98)
Analyzing module crc@3.8.0:lib/index.js (99)
Analyzing module crc@3.8.0:lib/crc1.js (100)
Analyzing module crc@3.8.0:lib/crc8.js (101)
Analyzing module crc@3.8.0:lib/crc8_1wire.js (102)
Analyzing module crc@3.8.0:lib/crc16.js (103)
Analyzing module crc@3.8.0:lib/crc16_ccitt.js (104)
Analyzing module crc@3.8.0:lib/crc16_modbus.js (105)
Analyzing module crc@3.8.0:lib/crc16_xmodem.js (106)
Analyzing module crc@3.8.0:lib/crc16_kermit.js (107)
Analyzing module crc@3.8.0:lib/crc24.js (108)
Analyzing module crc@3.8.0:lib/crc32.js (109)
Analyzing module crc@3.8.0:lib/crcjam.js (110)
Analyzing module crc@3.8.0:lib/es6/crc1.js (111)
Analyzing module crc@3.8.0:lib/es6/crc8.js (112)
Analyzing module crc@3.8.0:lib/es6/crc81wire.js (113)
Analyzing module crc@3.8.0:lib/es6/crc16.js (114)
Analyzing module crc@3.8.0:lib/es6/crc16ccitt.js (115)
Analyzing module crc@3.8.0:lib/es6/crc16modbus.js (116)
Analyzing module crc@3.8.0:lib/es6/crc16xmodem.js (117)
Analyzing module crc@3.8.0:lib/es6/crc16kermit.js (118)
Analyzing module crc@3.8.0:lib/es6/crc24.js (119)
Analyzing module crc@3.8.0:lib/es6/crc32.js (120)
Analyzing module crc@3.8.0:lib/es6/crcjam.js (121)
Analyzing module crc@3.8.0:lib/es6/create_buffer.js (122)
Analyzing module crc@3.8.0:lib/es6/define_crc.js (123)
Analyzed packages: 46, modules: 123, functions: 1904, code size main: 1KB, dependencies: 967KB
Call edges function->function: 36318, call->function: 49275
Calls with zero or one callee: 2503/5125 (48.84%), multiple: 706/5125 (13.78%), native or external: 1916/5125 (37.39%)
Functions with zero callers: 381/1904 (20.01%), reachable functions: 1112/1904 (58.40%)
Analysis time: 2342ms, memory usage: 344MB (without --gc)
Analysis errors: 0, warnings: 298 (show all with --warnings-unsupported)
