Analyzing module <anonymous>:blamer.test.js (1)
Analyzing module blamer@0.1.13:src/index.js (2)
Analyzing module blamer@0.1.13:src/Blamer.js (3)
Analyzing module blamer@0.1.13:src/vcs/git.js (4)
Analyzing module blamer@0.1.13:src/vcs/svn.js (5)
Analyzing module bluebird@2.3.11:js/main/bluebird.js (6)
Analyzing module xml2js@0.4.23:lib/xml2js.js (7)
Analyzing module bluebird@2.3.11:js/main/promise.js (8)
Analyzing module xml2js@0.4.23:lib/defaults.js (9)
Analyzing module xml2js@0.4.23:lib/builder.js (10)
Analyzing module xml2js@0.4.23:lib/parser.js (11)
Analyzing module xml2js@0.4.23:lib/processors.js (12)
Analyzing module bluebird@2.3.11:js/main/util.js (13)
Analyzing module bluebird@2.3.11:js/main/async.js (14)
Analyzing module bluebird@2.3.11:js/main/errors.js (15)
Analyzing module bluebird@2.3.11:js/main/thenables.js (16)
Analyzing module bluebird@2.3.11:js/main/promise_array.js (17)
Analyzing module bluebird@2.3.11:js/main/captured_trace.js (18)
Analyzing module bluebird@2.3.11:js/main/catch_filter.js (19)
Analyzing module bluebird@2.3.11:js/main/promise_resolver.js (20)
Analyzing module bluebird@2.3.11:js/main/errors_api_rejection.js (21)
Analyzing module bluebird@2.3.11:js/main/finally.js (22)
Analyzing module bluebird@2.3.11:js/main/direct_resolve.js (23)
Analyzing module bluebird@2.3.11:js/main/synchronous_inspection.js (24)
Analyzing module bluebird@2.3.11:js/main/join.js (25)
Analyzing module bluebird@2.3.11:js/main/timers.js (26)
Analyzing module bluebird@2.3.11:js/main/race.js (27)
Analyzing module bluebird@2.3.11:js/main/call_get.js (28)
Analyzing module bluebird@2.3.11:js/main/generators.js (29)
Analyzing module bluebird@2.3.11:js/main/map.js (30)
Analyzing module bluebird@2.3.11:js/main/nodeify.js (31)
Analyzing module bluebird@2.3.11:js/main/promisify.js (32)
Analyzing module bluebird@2.3.11:js/main/props.js (33)
Analyzing module bluebird@2.3.11:js/main/reduce.js (34)
Analyzing module bluebird@2.3.11:js/main/settle.js (35)
Analyzing module bluebird@2.3.11:js/main/some.js (36)
Analyzing module bluebird@2.3.11:js/main/progress.js (37)
Analyzing module bluebird@2.3.11:js/main/cancel.js (38)
Analyzing module bluebird@2.3.11:js/main/filter.js (39)
Analyzing module bluebird@2.3.11:js/main/any.js (40)
Analyzing module bluebird@2.3.11:js/main/each.js (41)
Analyzing module bluebird@2.3.11:js/main/using.js (42)
Analyzing module xmlbuilder@11.0.1:lib/index.js (43)
Analyzing module sax@1.6.1:lib/sax.js (44)
Analyzing module xml2js@0.4.23:lib/bom.js (45)
Analyzing module bluebird@2.3.11:js/main/es5.js (46)
Analyzing module bluebird@2.3.11:js/main/schedule.js (47)
Analyzing module bluebird@2.3.11:js/main/queue.js (48)
Analyzing module xmlbuilder@11.0.1:lib/Utility.js (49)
Analyzing module xmlbuilder@11.0.1:lib/XMLDOMImplementation.js (50)
Analyzing module xmlbuilder@11.0.1:lib/XMLDocument.js (51)
Analyzing module xmlbuilder@11.0.1:lib/XMLDocumentCB.js (52)
Analyzing module xmlbuilder@11.0.1:lib/XMLStringWriter.js (53)
Analyzing module xmlbuilder@11.0.1:lib/XMLStreamWriter.js (54)
Analyzing module xmlbuilder@11.0.1:lib/NodeType.js (55)
Analyzing module xmlbuilder@11.0.1:lib/WriterState.js (56)
Analyzing module xmlbuilder@11.0.1:lib/XMLDOMConfiguration.js (57)
Analyzing module xmlbuilder@11.0.1:lib/XMLNode.js (58)
Analyzing module xmlbuilder@11.0.1:lib/XMLStringifier.js (59)
Analyzing module xmlbuilder@11.0.1:lib/XMLElement.js (60)
Analyzing module xmlbuilder@11.0.1:lib/XMLCData.js (61)
Analyzing module xmlbuilder@11.0.1:lib/XMLComment.js (62)
Analyzing module xmlbuilder@11.0.1:lib/XMLRaw.js (63)
Analyzing module xmlbuilder@11.0.1:lib/XMLText.js (64)
Analyzing module xmlbuilder@11.0.1:lib/XMLProcessingInstruction.js (65)
Analyzing module xmlbuilder@11.0.1:lib/XMLDeclaration.js (66)
Analyzing module xmlbuilder@11.0.1:lib/XMLDocType.js (67)
Analyzing module xmlbuilder@11.0.1:lib/XMLDTDAttList.js (68)
Analyzing module xmlbuilder@11.0.1:lib/XMLDTDEntity.js (69)
Analyzing module xmlbuilder@11.0.1:lib/XMLDTDElement.js (70)
Analyzing module xmlbuilder@11.0.1:lib/XMLDTDNotation.js (71)
Analyzing module xmlbuilder@11.0.1:lib/XMLAttribute.js (72)
Analyzing module xmlbuilder@11.0.1:lib/XMLWriterBase.js (73)
Analyzing module xmlbuilder@11.0.1:lib/XMLDOMErrorHandler.js (74)
Analyzing module xmlbuilder@11.0.1:lib/XMLDOMStringList.js (75)
Analyzing module xmlbuilder@11.0.1:lib/XMLDummy.js (76)
Analyzing module xmlbuilder@11.0.1:lib/XMLNodeList.js (77)
Analyzing module xmlbuilder@11.0.1:lib/XMLNamedNodeMap.js (78)
Analyzing module xmlbuilder@11.0.1:lib/DocumentPosition.js (79)
Analyzing module xmlbuilder@11.0.1:lib/XMLCharacterData.js (80)
Analyzed packages: 6, modules: 80, functions: 1065, code size main: 1KB, dependencies: 371KB
Call edges function->function: 1416, call->function: 1652
Calls with zero or one callee: 1835/2778 (66.05%), multiple: 119/2778 (4.28%), native or external: 824/2778 (29.66%)
Functions with zero callers: 437/1065 (41.03%), reachable functions: 178/1065 (16.71%)
Analysis time: 889ms, memory usage: 158MB (without --gc)
Analysis errors: 0, warnings: 144 (show all with --warnings-unsupported)
