Analyzing module <anonymous>:isv-http.test.js (1)
Analyzing module isv-http@0.0.9:index.js (2)
Analyzing module isv-http@0.0.9:compile-caja.js (3)
Analyzing module request@2.34.0:index.js (4)
Analyzing module request@2.34.0:lib/cookies.js (5)
Analyzing module request@2.34.0:lib/copy.js (6)
Analyzing module request@2.34.0:request.js (7)
Analyzing module request@2.34.0:lib/optional.js (8)
Analyzing module qs@0.6.6:index.js (9)
Analyzing module node-uuid@1.4.8:uuid.js (10)
Analyzing module mime@1.2.11:mime.js (11)
Analyzing module json-stringify-safe@5.0.1:stringify.js (12)
Analyzing module forever-agent@0.5.2:index.js (13)
Analyzing module request@2.34.0:lib/debug.js (14)
Analyzing module request@2.34.0:lib/getSafe.js (15)
Analyzed packages: 8, modules: 15, functions: 166, code size main: 1KB, dependencies: 73KB
Call edges function->function: 249, call->function: 328
Calls with zero or one callee: 332/682 (48.68%), multiple: 19/682 (2.79%), native or external: 331/682 (48.53%)
Functions with zero callers: 25/166 (15.06%), reachable functions: 101/166 (60.84%)
Analysis time: 269ms, memory usage: 72MB (without --gc)
Analysis errors: 0, warnings: 72 (show all with --warnings-unsupported)
