Analyzing module <anonymous>:hangersteak.test.js (1)
Analyzing module hangersteak@0.2.2:index.js (2)
Analyzing module hangersteak@0.2.2:lib/hangersteak.js (3)
Analyzing module mime-types@2.1.35:index.js (4)
Analyzing module compressible@2.0.18:index.js (5)
Analyzing module accepts@1.3.8:index.js (6)
Analyzing module vary@1.1.2:index.js (7)
Analyzing module mime-db@1.52.0:index.js (8)
Analyzing module mime-db@1.54.0:index.js (9)
Analyzing module negotiator@0.6.3:index.js (10)
Analyzing module negotiator@0.6.3:lib/charset.js (11)
Analyzing module negotiator@0.6.3:lib/encoding.js (12)
Analyzing module negotiator@0.6.3:lib/language.js (13)
Analyzing module negotiator@0.6.3:lib/mediaType.js (14)
Analyzed packages: 9, modules: 14, functions: 88, code size main: 1KB, dependencies: 35KB
Call edges function->function: 69, call->function: 77
Calls with zero or one callee: 130/281 (46.26%), multiple: 0/281 (0.00%), native or external: 151/281 (53.74%)
Functions with zero callers: 27/88 (30.68%), reachable functions: 40/88 (45.45%)
Analysis time: 167ms, memory usage: 64MB (without --gc)
Analysis errors: 0, warnings: 13 (show all with --warnings-unsupported)
