Analyzing module <anonymous>:style-dictionary.test.js (1)
Analyzing module style-dictionary@2.10.2:index.js (2)
Analyzing module chalk@4.1.2:source/index.js (3)
Analyzing module style-dictionary@2.10.2:lib/utils/groupMessages.js (4)
Analyzing module style-dictionary@2.10.2:lib/common/transforms.js (5)
Analyzing module style-dictionary@2.10.2:lib/common/transformGroups.js (6)
Analyzing module style-dictionary@2.10.2:lib/common/formats.js (7)
Analyzing module style-dictionary@2.10.2:lib/common/actions.js (8)
Analyzing module style-dictionary@2.10.2:lib/register/transform.js (9)
Analyzing module style-dictionary@2.10.2:lib/register/transformGroup.js (10)
Analyzing module style-dictionary@2.10.2:lib/register/format.js (11)
Analyzing module style-dictionary@2.10.2:lib/register/template.js (12)
Analyzing module style-dictionary@2.10.2:lib/register/action.js (13)
Analyzing module style-dictionary@2.10.2:lib/register/filter.js (14)
Analyzing module style-dictionary@2.10.2:lib/exportPlatform.js (15)
Analyzing module style-dictionary@2.10.2:lib/buildPlatform.js (16)
Analyzing module style-dictionary@2.10.2:lib/buildAllPlatforms.js (17)
Analyzing module style-dictionary@2.10.2:lib/cleanPlatform.js (18)
Analyzing module style-dictionary@2.10.2:lib/cleanAllPlatforms.js (19)
Analyzing module style-dictionary@2.10.2:lib/extend.js (20)
Analyzing module ansi-styles@4.3.0:index.js (21)
Analyzing module supports-color@7.2.0:index.js (22)
Analyzing module chalk@4.1.2:source/util.js (23)
Analyzing module chalk@4.1.2:source/templates.js (24)
Analyzing module tinycolor2@1.6.0:cjs/tinycolor.js (25)
Analyzing module lodash@4.18.1:lodash.js (26)
Analyzing module style-dictionary@2.10.2:lib/utils/convertToBase64.js (27)
Analyzing module fs-extra@8.1.0:lib/index.js (28)
Analyzing module style-dictionary@2.10.2:lib/utils/resolveObject.js (29)
Analyzing module style-dictionary@2.10.2:lib/transform/object.js (30)
Analyzing module style-dictionary@2.10.2:lib/transform/config.js (31)
Analyzing module style-dictionary@2.10.2:lib/utils/flattenProperties.js (32)
Analyzing module style-dictionary@2.10.2:lib/buildFiles.js (33)
Analyzing module style-dictionary@2.10.2:lib/performActions.js (34)
Analyzing module style-dictionary@2.10.2:lib/cleanFiles.js (35)
Analyzing module style-dictionary@2.10.2:lib/cleanDirs.js (36)
Analyzing module style-dictionary@2.10.2:lib/cleanActions.js (37)
Analyzing module json5@2.2.3:lib/register.js (38)
Analyzing module style-dictionary@2.10.2:lib/utils/combineJSON.js (39)
Analyzing module style-dictionary@2.10.2:lib/utils/deepExtend.js (40)
Analyzing module resolve-cwd@3.0.0:index.js (41)
Analyzing module color-convert@2.0.1:index.js (42)
Analyzing module has-flag@4.0.0:index.js (43)
Analyzing module fs-extra@8.1.0:lib/fs/index.js (44)
Analyzing module fs-extra@8.1.0:lib/copy-sync/index.js (45)
Analyzing module fs-extra@8.1.0:lib/copy/index.js (46)
Analyzing module fs-extra@8.1.0:lib/empty/index.js (47)
Analyzing module fs-extra@8.1.0:lib/ensure/index.js (48)
Analyzing module fs-extra@8.1.0:lib/json/index.js (49)
Analyzing module fs-extra@8.1.0:lib/mkdirs/index.js (50)
Analyzing module fs-extra@8.1.0:lib/move-sync/index.js (51)
Analyzing module fs-extra@8.1.0:lib/move/index.js (52)
Analyzing module fs-extra@8.1.0:lib/output/index.js (53)
Analyzing module fs-extra@8.1.0:lib/path-exists/index.js (54)
Analyzing module fs-extra@8.1.0:lib/remove/index.js (55)
Analyzing module style-dictionary@2.10.2:lib/transform/property.js (56)
Analyzing module style-dictionary@2.10.2:lib/transform/propertySetup.js (57)
Analyzing module style-dictionary@2.10.2:lib/buildFile.js (58)
Analyzing module style-dictionary@2.10.2:lib/cleanFile.js (59)
Analyzing module style-dictionary@2.10.2:lib/cleanDir.js (60)
Analyzing module json5@2.2.3:lib/index.js (61)
Analyzing module glob@7.2.3:glob.js (62)
Analyzing module lodash@4.18.1:extend.js (63)
Analyzing module resolve-from@5.0.0:index.js (64)
Analyzing module color-convert@2.0.1:conversions.js (65)
Analyzing module color-convert@2.0.1:route.js (66)
Analyzing module universalify@0.1.2:index.js (67)
Analyzing module graceful-fs@4.2.11:graceful-fs.js (68)
Analyzing module fs-extra@8.1.0:lib/copy-sync/copy-sync.js (69)
Analyzing module fs-extra@8.1.0:lib/copy/copy.js (70)
Analyzing module fs-extra@8.1.0:lib/ensure/file.js (71)
Analyzing module fs-extra@8.1.0:lib/ensure/link.js (72)
Analyzing module fs-extra@8.1.0:lib/ensure/symlink.js (73)
Analyzing module fs-extra@8.1.0:lib/json/jsonfile.js (74)
Analyzing module fs-extra@8.1.0:lib/json/output-json.js (75)
Analyzing module fs-extra@8.1.0:lib/json/output-json-sync.js (76)
Analyzing module fs-extra@8.1.0:lib/mkdirs/mkdirs.js (77)
Analyzing module fs-extra@8.1.0:lib/mkdirs/mkdirs-sync.js (78)
Analyzing module fs-extra@8.1.0:lib/move-sync/move-sync.js (79)
Analyzing module fs-extra@8.1.0:lib/move/move.js (80)
Analyzing module fs-extra@8.1.0:lib/remove/rimraf.js (81)
Analyzing module style-dictionary@2.10.2:lib/filterProperties.js (82)
Analyzing module json5@2.2.3:lib/parse.js (83)
Analyzing module json5@2.2.3:lib/stringify.js (84)
Analyzing module fs.realpath@1.0.0:index.js (85)
Analyzing module minimatch@3.1.5:minimatch.js (86)
Analyzing module inherits@2.0.4:inherits.js (87)
Analyzing module path-is-absolute@1.0.1:index.js (88)
Analyzing module glob@7.2.3:sync.js (89)
Analyzing module glob@7.2.3:common.js (90)
Analyzing module inflight@1.0.6:inflight.js (91)
Analyzing module once@1.4.0:once.js (92)
Analyzing module lodash@4.18.1:assignIn.js (93)
Analyzing module color-name@1.1.4:index.js (94)
Analyzing module graceful-fs@4.2.11:polyfills.js (95)
Analyzing module graceful-fs@4.2.11:legacy-streams.js (96)
Analyzing module graceful-fs@4.2.11:clone.js (97)
Analyzing module fs-extra@8.1.0:lib/util/utimes.js (98)
Analyzing module fs-extra@8.1.0:lib/util/stat.js (99)
Analyzing module fs-extra@8.1.0:lib/util/buffer.js (100)
Analyzing module fs-extra@8.1.0:lib/ensure/symlink-paths.js (101)
Analyzing module fs-extra@8.1.0:lib/ensure/symlink-type.js (102)
Analyzing module jsonfile@4.0.0:index.js (103)
Analyzing module fs-extra@8.1.0:lib/mkdirs/win32.js (104)
Analyzing module json5@2.2.3:lib/util.js (105)
Analyzing module fs.realpath@1.0.0:old.js (106)
Analyzing module brace-expansion@1.1.18:index.js (107)
Analyzing module inherits@2.0.4:inherits_browser.js (108)
Analyzing module wrappy@1.0.2:wrappy.js (109)
Analyzing module lodash@4.18.1:_copyObject.js (110)
Analyzing module lodash@4.18.1:_createAssigner.js (111)
Analyzing module lodash@4.18.1:keysIn.js (112)
Analyzing module json5@2.2.3:lib/unicode.js (113)
Analyzing module concat-map@0.0.1:index.js (114)
Analyzing module balanced-match@1.0.2:index.js (115)
Analyzing module lodash@4.18.1:_assignValue.js (116)
Analyzing module lodash@4.18.1:_baseAssignValue.js (117)
Analyzing module lodash@4.18.1:_baseRest.js (118)
Analyzing module lodash@4.18.1:_isIterateeCall.js (119)
Analyzing module lodash@4.18.1:_arrayLikeKeys.js (120)
Analyzing module lodash@4.18.1:_baseKeysIn.js (121)
Analyzing module lodash@4.18.1:isArrayLike.js (122)
Analyzing module lodash@4.18.1:eq.js (123)
Analyzing module lodash@4.18.1:_defineProperty.js (124)
Analyzing module lodash@4.18.1:identity.js (125)
Analyzing module lodash@4.18.1:_overRest.js (126)
Analyzing module lodash@4.18.1:_setToString.js (127)
Analyzing module lodash@4.18.1:_isIndex.js (128)
Analyzing module lodash@4.18.1:isObject.js (129)
Analyzing module lodash@4.18.1:_baseTimes.js (130)
Analyzing module lodash@4.18.1:isArguments.js (131)
Analyzing module lodash@4.18.1:isArray.js (132)
Analyzing module lodash@4.18.1:isBuffer.js (133)
Analyzing module lodash@4.18.1:isTypedArray.js (134)
Analyzing module lodash@4.18.1:_isPrototype.js (135)
Analyzing module lodash@4.18.1:_nativeKeysIn.js (136)
Analyzing module lodash@4.18.1:isFunction.js (137)
Analyzing module lodash@4.18.1:isLength.js (138)
Analyzing module lodash@4.18.1:_getNative.js (139)
Analyzing module lodash@4.18.1:_apply.js (140)
Analyzing module lodash@4.18.1:_baseSetToString.js (141)
Analyzing module lodash@4.18.1:_shortOut.js (142)
Analyzing module lodash@4.18.1:_baseIsArguments.js (143)
Analyzing module lodash@4.18.1:isObjectLike.js (144)
Analyzing module lodash@4.18.1:_root.js (145)
Analyzing module lodash@4.18.1:stubFalse.js (146)
Analyzing module lodash@4.18.1:_baseIsTypedArray.js (147)
Analyzing module lodash@4.18.1:_baseUnary.js (148)
Analyzing module lodash@4.18.1:_nodeUtil.js (149)
Analyzing module lodash@4.18.1:_baseGetTag.js (150)
Analyzing module lodash@4.18.1:_baseIsNative.js (151)
Analyzing module lodash@4.18.1:_getValue.js (152)
Analyzing module lodash@4.18.1:constant.js (153)
Analyzing module lodash@4.18.1:_freeGlobal.js (154)
Analyzing module lodash@4.18.1:_Symbol.js (155)
Analyzing module lodash@4.18.1:_getRawTag.js (156)
Analyzing module lodash@4.18.1:_objectToString.js (157)
Analyzing module lodash@4.18.1:_isMasked.js (158)
Analyzing module lodash@4.18.1:_toSource.js (159)
Analyzing module lodash@4.18.1:_coreJsData.js (160)
Analyzed packages: 28, modules: 160, functions: 1658, code size main: 1KB, dependencies: 992KB
Call edges function->function: 14263, call->function: 20656
Calls with zero or one callee: 2765/5326 (51.92%), multiple: 730/5326 (13.71%), native or external: 1831/5326 (34.38%)
Functions with zero callers: 442/1658 (26.66%), reachable functions: 924/1658 (55.73%)
Analysis time: 3680ms, memory usage: 555MB (without --gc)
Analysis errors: 0, warnings: 387 (show all with --warnings-unsupported)
