Analyzing module <anonymous>:bmoor.test.js (1)
Analyzing module bmoor@0.8.11:src/index.js (2)
Analyzing module bmoor@0.8.11:src/core.js (3)
Analyzing module bmoor@0.8.11:src/array.js (4)
Analyzing module bmoor@0.8.11:src/data.js (5)
Analyzing module bmoor@0.8.11:src/eventing/index.js (6)
Analyzing module bmoor@0.8.11:src/flow/index.js (7)
Analyzing module bmoor@0.8.11:src/lib/index.js (8)
Analyzing module bmoor@0.8.11:src/object.js (9)
Analyzing module bmoor@0.8.11:src/promise.js (10)
Analyzing module bmoor@0.8.11:src/string.js (11)
Analyzing module bmoor@0.8.11:src/eventing/broadcast.js (12)
Analyzing module bmoor@0.8.11:src/flow/soon.js (13)
Analyzing module bmoor@0.8.11:src/flow/debounce.js (14)
Analyzing module bmoor@0.8.11:src/flow/window.js (15)
Analyzing module bmoor@0.8.11:src/lib/config.js (16)
Analyzing module bmoor@0.8.11:src/lib/error.js (17)
Analyzing module bmoor@0.8.11:src/lib/logger.js (18)
Analyzing module uuid@3.4.0:v1.js (19)
Analyzing module uuid@3.4.0:lib/rng.js (20)
Analyzing module uuid@3.4.0:lib/bytesToUuid.js (21)
Analyzed packages: 3, modules: 21, functions: 146, code size main: 1KB, dependencies: 39KB
Call edges function->function: 128, call->function: 144
Calls with zero or one callee: 200/338 (59.17%), multiple: 12/338 (3.55%), native or external: 126/338 (37.28%)
Functions with zero callers: 62/146 (42.47%), reachable functions: 10/146 (6.85%)
Analysis time: 192ms, memory usage: 50MB (without --gc)
Analysis errors: 0, warnings: 51 (show all with --warnings-unsupported)
