Analyzing module <anonymous>:swiper.test.js (1)
Analyzing module swiper@6.5.0:swiper.cjs.js (2)
Analyzing module swiper@6.5.0:cjs/components/core/core-class.js (3)
Analyzing module swiper@6.5.0:cjs/components/virtual/virtual.js (4)
Analyzing module swiper@6.5.0:cjs/components/keyboard/keyboard.js (5)
Analyzing module swiper@6.5.0:cjs/components/mousewheel/mousewheel.js (6)
Analyzing module swiper@6.5.0:cjs/components/navigation/navigation.js (7)
Analyzing module swiper@6.5.0:cjs/components/pagination/pagination.js (8)
Analyzing module swiper@6.5.0:cjs/components/scrollbar/scrollbar.js (9)
Analyzing module swiper@6.5.0:cjs/components/parallax/parallax.js (10)
Analyzing module swiper@6.5.0:cjs/components/zoom/zoom.js (11)
Analyzing module swiper@6.5.0:cjs/components/lazy/lazy.js (12)
Analyzing module swiper@6.5.0:cjs/components/controller/controller.js (13)
Analyzing module swiper@6.5.0:cjs/components/a11y/a11y.js (14)
Analyzing module swiper@6.5.0:cjs/components/history/history.js (15)
Analyzing module swiper@6.5.0:cjs/components/hash-navigation/hash-navigation.js (16)
Analyzing module swiper@6.5.0:cjs/components/autoplay/autoplay.js (17)
Analyzing module swiper@6.5.0:cjs/components/effect-fade/effect-fade.js (18)
Analyzing module swiper@6.5.0:cjs/components/effect-cube/effect-cube.js (19)
Analyzing module swiper@6.5.0:cjs/components/effect-flip/effect-flip.js (20)
Analyzing module swiper@6.5.0:cjs/components/effect-coverflow/effect-coverflow.js (21)
Analyzing module swiper@6.5.0:cjs/components/thumbs/thumbs.js (22)
Analyzing module swiper@6.5.0:cjs/utils/dom.js (23)
Analyzing module swiper@6.5.0:cjs/utils/utils.js (24)
Analyzing module swiper@6.5.0:cjs/utils/get-support.js (25)
Analyzing module swiper@6.5.0:cjs/utils/get-device.js (26)
Analyzing module swiper@6.5.0:cjs/utils/get-browser.js (27)
Analyzing module swiper@6.5.0:cjs/modules/resize/resize.js (28)
Analyzing module swiper@6.5.0:cjs/modules/observer/observer.js (29)
Analyzing module swiper@6.5.0:cjs/components/core/modular.js (30)
Analyzing module swiper@6.5.0:cjs/components/core/events-emitter.js (31)
Analyzing module swiper@6.5.0:cjs/components/core/update/index.js (32)
Analyzing module swiper@6.5.0:cjs/components/core/translate/index.js (33)
Analyzing module swiper@6.5.0:cjs/components/core/transition/index.js (34)
Analyzing module swiper@6.5.0:cjs/components/core/slide/index.js (35)
Analyzing module swiper@6.5.0:cjs/components/core/loop/index.js (36)
Analyzing module swiper@6.5.0:cjs/components/core/grab-cursor/index.js (37)
Analyzing module swiper@6.5.0:cjs/components/core/manipulation/index.js (38)
Analyzing module swiper@6.5.0:cjs/components/core/events/index.js (39)
Analyzing module swiper@6.5.0:cjs/components/core/breakpoints/index.js (40)
Analyzing module swiper@6.5.0:cjs/components/core/classes/index.js (41)
Analyzing module swiper@6.5.0:cjs/components/core/images/index.js (42)
Analyzing module swiper@6.5.0:cjs/components/core/check-overflow/index.js (43)
Analyzing module swiper@6.5.0:cjs/components/core/defaults.js (44)
Analyzing module ssr-window@3.0.0:ssr-window.umd.js (45)
Analyzing module dom7@3.0.0:dom7.cjs.js (46)
Analyzing module swiper@6.5.0:cjs/components/core/update/updateSize.js (47)
Analyzing module swiper@6.5.0:cjs/components/core/update/updateSlides.js (48)
Analyzing module swiper@6.5.0:cjs/components/core/update/updateAutoHeight.js (49)
Analyzing module swiper@6.5.0:cjs/components/core/update/updateSlidesOffset.js (50)
Analyzing module swiper@6.5.0:cjs/components/core/update/updateSlidesProgress.js (51)
Analyzing module swiper@6.5.0:cjs/components/core/update/updateProgress.js (52)
Analyzing module swiper@6.5.0:cjs/components/core/update/updateSlidesClasses.js (53)
Analyzing module swiper@6.5.0:cjs/components/core/update/updateActiveIndex.js (54)
Analyzing module swiper@6.5.0:cjs/components/core/update/updateClickedSlide.js (55)
Analyzing module swiper@6.5.0:cjs/components/core/translate/getTranslate.js (56)
Analyzing module swiper@6.5.0:cjs/components/core/translate/setTranslate.js (57)
Analyzing module swiper@6.5.0:cjs/components/core/translate/minTranslate.js (58)
Analyzing module swiper@6.5.0:cjs/components/core/translate/maxTranslate.js (59)
Analyzing module swiper@6.5.0:cjs/components/core/translate/translateTo.js (60)
Analyzing module swiper@6.5.0:cjs/components/core/transition/setTransition.js (61)
Analyzing module swiper@6.5.0:cjs/components/core/transition/transitionStart.js (62)
Analyzing module swiper@6.5.0:cjs/components/core/transition/transitionEnd.js (63)
Analyzing module swiper@6.5.0:cjs/components/core/slide/slideTo.js (64)
Analyzing module swiper@6.5.0:cjs/components/core/slide/slideToLoop.js (65)
Analyzing module swiper@6.5.0:cjs/components/core/slide/slideNext.js (66)
Analyzing module swiper@6.5.0:cjs/components/core/slide/slidePrev.js (67)
Analyzing module swiper@6.5.0:cjs/components/core/slide/slideReset.js (68)
Analyzing module swiper@6.5.0:cjs/components/core/slide/slideToClosest.js (69)
Analyzing module swiper@6.5.0:cjs/components/core/slide/slideToClickedSlide.js (70)
Analyzing module swiper@6.5.0:cjs/components/core/loop/loopCreate.js (71)
Analyzing module swiper@6.5.0:cjs/components/core/loop/loopFix.js (72)
Analyzing module swiper@6.5.0:cjs/components/core/loop/loopDestroy.js (73)
Analyzing module swiper@6.5.0:cjs/components/core/grab-cursor/setGrabCursor.js (74)
Analyzing module swiper@6.5.0:cjs/components/core/grab-cursor/unsetGrabCursor.js (75)
Analyzing module swiper@6.5.0:cjs/components/core/manipulation/appendSlide.js (76)
Analyzing module swiper@6.5.0:cjs/components/core/manipulation/prependSlide.js (77)
Analyzing module swiper@6.5.0:cjs/components/core/manipulation/addSlide.js (78)
Analyzing module swiper@6.5.0:cjs/components/core/manipulation/removeSlide.js (79)
Analyzing module swiper@6.5.0:cjs/components/core/manipulation/removeAllSlides.js (80)
Analyzing module swiper@6.5.0:cjs/components/core/events/onTouchStart.js (81)
Analyzing module swiper@6.5.0:cjs/components/core/events/onTouchMove.js (82)
Analyzing module swiper@6.5.0:cjs/components/core/events/onTouchEnd.js (83)
Analyzing module swiper@6.5.0:cjs/components/core/events/onResize.js (84)
Analyzing module swiper@6.5.0:cjs/components/core/events/onClick.js (85)
Analyzing module swiper@6.5.0:cjs/components/core/events/onScroll.js (86)
Analyzing module swiper@6.5.0:cjs/components/core/breakpoints/setBreakpoint.js (87)
Analyzing module swiper@6.5.0:cjs/components/core/breakpoints/getBreakpoint.js (88)
Analyzing module swiper@6.5.0:cjs/components/core/classes/addClasses.js (89)
Analyzing module swiper@6.5.0:cjs/components/core/classes/removeClasses.js (90)
Analyzing module swiper@6.5.0:cjs/components/core/images/loadImage.js (91)
Analyzing module swiper@6.5.0:cjs/components/core/images/preloadImages.js (92)
Analyzed packages: 4, modules: 92, functions: 659, code size main: 1KB, dependencies: 342KB
Call edges function->function: 477, call->function: 601
Calls with zero or one callee: 805/2688 (29.95%), multiple: 48/2688 (1.79%), native or external: 1835/2688 (68.27%)
Functions with zero callers: 429/659 (65.10%), reachable functions: 24/659 (3.64%)
Analysis time: 874ms, memory usage: 161MB (without --gc)
Analysis errors: 0, warnings: 107 (show all with --warnings-unsupported)
