Analyzing module <anonymous>:gammautils.test.js (1)
Analyzing module gammautils@0.0.81:index.js (2)
Analyzing module gammautils@0.0.81:lib/arrayUtils.js (3)
Analyzing module gammautils@0.0.81:lib/consoleUtils.js (4)
Analyzing module gammautils@0.0.81:lib/cryptoUtils.js (5)
Analyzing module gammautils@0.0.81:lib/controllerUtils.js (6)
Analyzing module gammautils@0.0.81:lib/dateUtils.js (7)
Analyzing module gammautils@0.0.81:lib/errorUtils.js (8)
Analyzing module gammautils@0.0.81:lib/envUtils.js (9)
Analyzing module gammautils@0.0.81:lib/timezoneUtils.js (10)
Analyzing module gammautils@0.0.81:lib/fsUtils.js (11)
Analyzing module gammautils@0.0.81:lib/mathUtils.js (12)
Analyzing module gammautils@0.0.81:lib/numberUtils.js (13)
Analyzing module gammautils@0.0.81:lib/objectUtils.js (14)
Analyzing module gammautils@0.0.81:lib/stringUtils.js (15)
Analyzing module gammautils@0.0.81:lib/httpUtils.js (16)
Analyzing module gammautils@0.0.81:lib/booleanUtils.js (17)
Analyzing module gammautils@0.0.81:lib/recomendationUtils.js (18)
Analyzing module gammautils@0.0.81:lib/urlUtils.js (19)
Analyzing module gammautils@0.0.81:lib/validationUtils.js (20)
Analyzing module gammautils@0.0.81:lib/barcodeUtils.js (21)
Analyzing module gammautils@0.0.81:lib/regExpUtils.js (22)
Analyzing module gammautils@0.0.81:lib/mathUtilsNonStrict.js (23)
Analyzing module gammautils@0.0.81:lib/accentMap.js (24)
Analyzed packages: 2, modules: 24, functions: 233, code size main: 1KB, dependencies: 77KB
Call edges function->function: 116, call->function: 141
Calls with zero or one callee: 313/582 (53.78%), multiple: 3/582 (0.52%), native or external: 266/582 (45.70%)
Functions with zero callers: 157/233 (67.38%), reachable functions: 18/233 (7.73%)
Analysis time: 245ms, memory usage: 64MB (without --gc)
Analysis errors: 0, warnings: 33 (show all with --warnings-unsupported)
