Analyzing module <anonymous>:set-in.test.js (1)
Analyzing module set-in@1.0.0:index.js (2)
Analyzing module traverse@0.6.11:index.js (3)
Analyzing module which-typed-array@1.1.22:index.js (4)
Analyzing module typedarray.prototype.slice@1.0.5:index.js (5)
Analyzing module gopd@1.2.0:index.js (6)
Analyzing module for-each@0.3.5:index.js (7)
Analyzing module available-typed-arrays@1.0.7:index.js (8)
Analyzing module call-bind@1.0.9:index.js (9)
Analyzing module call-bound@1.0.4:index.js (10)
Analyzing module get-proto@1.0.1:index.js (11)
Analyzing module has-tostringtag@1.0.2:shams.js (12)
Analyzing module define-properties@1.2.1:index.js (13)
Analyzing module typedarray.prototype.slice@1.0.5:implementation.js (14)
Analyzing module typedarray.prototype.slice@1.0.5:polyfill.js (15)
Analyzing module typedarray.prototype.slice@1.0.5:shim.js (16)
Analyzing module gopd@1.2.0:gOPD.js (17)
Analyzing module is-callable@1.2.7:index.js (18)
Analyzing module possible-typed-array-names@1.1.0:index.js (19)
Analyzing module set-function-length@1.2.2:index.js (20)
Analyzing module es-define-property@1.0.1:index.js (21)
Analyzing module call-bind-apply-helpers@1.0.2:index.js (22)
Analyzing module call-bind-apply-helpers@1.0.2:applyBind.js (23)
Analyzing module get-intrinsic@1.3.0:index.js (24)
Analyzing module get-proto@1.0.1:Reflect.getPrototypeOf.js (25)
Analyzing module get-proto@1.0.1:Object.getPrototypeOf.js (26)
Analyzing module dunder-proto@1.0.1:get.js (27)
Analyzing module has-symbols@1.1.0:shams.js (28)
Analyzing module object-keys@1.1.1:index.js (29)
Analyzing module define-data-property@1.1.4:index.js (30)
Analyzing module has-property-descriptors@1.0.2:index.js (31)
Analyzing module es-errors@1.3.0:type.js (32)
Analyzing module es-abstract@1.24.2:2024/Get.js (33)
Analyzing module es-abstract@1.24.2:2024/GetValueFromBuffer.js (34)
Analyzing module es-abstract@1.24.2:2024/IsDetachedBuffer.js (35)
Analyzing module math-intrinsics@1.1.0:max.js (36)
Analyzing module math-intrinsics@1.1.0:min.js (37)
Analyzing module es-abstract@1.24.2:2024/Set.js (38)
Analyzing module es-abstract@1.24.2:2024/SetValueInBuffer.js (39)
Analyzing module es-abstract@1.24.2:2024/ToIntegerOrInfinity.js (40)
Analyzing module es-abstract@1.24.2:2024/ToString.js (41)
Analyzing module es-abstract@1.24.2:2024/TypedArrayElementSize.js (42)
Analyzing module es-abstract@1.24.2:2024/TypedArrayElementType.js (43)
Analyzing module es-abstract@1.24.2:2024/TypedArraySpeciesCreate.js (44)
Analyzing module es-abstract@1.24.2:2024/ValidateTypedArray.js (45)
Analyzing module typed-array-buffer@1.0.3:index.js (46)
Analyzing module typed-array-byte-offset@1.0.4:index.js (47)
Analyzing module function-bind@1.1.2:index.js (48)
Analyzing module call-bind-apply-helpers@1.0.2:functionCall.js (49)
Analyzing module call-bind-apply-helpers@1.0.2:actualApply.js (50)
Analyzing module call-bind-apply-helpers@1.0.2:functionApply.js (51)
Analyzing module es-object-atoms@1.1.2:index.js (52)
Analyzing module es-errors@1.3.0:index.js (53)
Analyzing module es-errors@1.3.0:eval.js (54)
Analyzing module es-errors@1.3.0:range.js (55)
Analyzing module es-errors@1.3.0:ref.js (56)
Analyzing module es-errors@1.3.0:syntax.js (57)
Analyzing module es-errors@1.3.0:uri.js (58)
Analyzing module math-intrinsics@1.1.0:abs.js (59)
Analyzing module math-intrinsics@1.1.0:floor.js (60)
Analyzing module math-intrinsics@1.1.0:pow.js (61)
Analyzing module math-intrinsics@1.1.0:round.js (62)
Analyzing module math-intrinsics@1.1.0:sign.js (63)
Analyzing module has-symbols@1.1.0:index.js (64)
Analyzing module hasown@2.0.4:index.js (65)
Analyzing module object-keys@1.1.1:isArguments.js (66)
Analyzing module object-keys@1.1.1:implementation.js (67)
Analyzing module object-inspect@1.13.4:index.js (68)
Analyzing module es-abstract@1.24.2:helpers/isPropertyKey.js (69)
Analyzing module es-object-atoms@1.1.2:isObject.js (70)
Analyzing module math-intrinsics@1.1.0:isInteger.js (71)
Analyzing module es-abstract@1.24.2:2024/RawBytesToNumeric.js (72)
Analyzing module is-array-buffer@3.0.5:index.js (73)
Analyzing module is-shared-array-buffer@1.0.4:index.js (74)
Analyzing module safe-array-concat@1.1.4:index.js (75)
Analyzing module es-abstract@1.24.2:2024/tables/typed-array-objects.js (76)
Analyzing module es-abstract@1.24.2:helpers/defaultEndianness.js (77)
Analyzing module array-buffer-byte-length@1.0.2:index.js (78)
Analyzing module es-abstract@1.24.2:2024/SameValue.js (79)
Analyzing module es-abstract@1.24.2:2024/IsBigIntElementType.js (80)
Analyzing module es-abstract@1.24.2:2024/NumericToRawBytes.js (81)
Analyzing module es-abstract@1.24.2:helpers/forEach.js (82)
Analyzing module es-abstract@1.24.2:2024/ToNumber.js (83)
Analyzing module es-abstract@1.24.2:2024/truncate.js (84)
Analyzing module math-intrinsics@1.1.0:isNaN.js (85)
Analyzing module math-intrinsics@1.1.0:isFinite.js (86)
Analyzing module es-abstract@1.24.2:2024/IsArray.js (87)
Analyzing module es-abstract@1.24.2:2024/SpeciesConstructor.js (88)
Analyzing module es-abstract@1.24.2:2024/TypedArrayCreateFromConstructor.js (89)
Analyzing module es-abstract@1.24.2:helpers/typedArrayConstructors.js (90)
Analyzing module es-abstract@1.24.2:2024/IsTypedArrayOutOfBounds.js (91)
Analyzing module es-abstract@1.24.2:2024/MakeTypedArrayWithBufferWitnessRecord.js (92)
Analyzing module is-typed-array@1.1.15:index.js (93)
Analyzing module reflect.getprototypeof@1.0.10:polyfill.js (94)
Analyzing module function-bind@1.1.2:implementation.js (95)
Analyzing module call-bind-apply-helpers@1.0.2:reflectApply.js (96)
Analyzing module object-inspect@1.13.4:util.inspect.js (97)
Analyzing module es-abstract@1.24.2:2024/HasOwnProperty.js (98)
Analyzing module es-abstract@1.24.2:2024/IsUnsignedElementType.js (99)
Analyzing module es-abstract@1.24.2:helpers/bytesAsFloat32.js (100)
Analyzing module es-abstract@1.24.2:helpers/bytesAsFloat64.js (101)
Analyzing module es-abstract@1.24.2:helpers/bytesAsInteger.js (102)
Analyzing module es-abstract@1.24.2:helpers/every.js (103)
Analyzing module es-abstract@1.24.2:helpers/isByteValue.js (104)
Analyzing module isarray@2.0.5:index.js (105)
Analyzing module es-abstract@1.24.2:2024/ToBigInt64.js (106)
Analyzing module es-abstract@1.24.2:2024/ToBigUint64.js (107)
Analyzing module es-abstract@1.24.2:2024/ToInt16.js (108)
Analyzing module es-abstract@1.24.2:2024/ToInt32.js (109)
Analyzing module es-abstract@1.24.2:2024/ToInt8.js (110)
Analyzing module es-abstract@1.24.2:2024/ToUint16.js (111)
Analyzing module es-abstract@1.24.2:2024/ToUint32.js (112)
Analyzing module es-abstract@1.24.2:2024/ToUint8.js (113)
Analyzing module es-abstract@1.24.2:2024/ToUint8Clamp.js (114)
Analyzing module es-abstract@1.24.2:helpers/valueToFloat32Bytes.js (115)
Analyzing module es-abstract@1.24.2:helpers/valueToFloat64Bytes.js (116)
Analyzing module es-abstract@1.24.2:helpers/integerToNBytes.js (117)
Analyzing module es-abstract@1.24.2:helpers/isPrimitive.js (118)
Analyzing module es-abstract@1.24.2:2024/ToPrimitive.js (119)
Analyzing module es-abstract@1.24.2:2024/StringToNumber.js (120)
Analyzing module es-abstract@1.24.2:2024/floor.js (121)
Analyzing module es-abstract@1.24.2:helpers/IsArray.js (122)
Analyzing module es-abstract@1.24.2:2024/IsConstructor.js (123)
Analyzing module es-abstract@1.24.2:2024/TypedArrayLength.js (124)
Analyzing module es-abstract@1.24.2:2024/IsFixedLengthArrayBuffer.js (125)
Analyzing module es-abstract@1.24.2:helpers/records/typed-array-with-buffer-witness-record.js (126)
Analyzing module typed-array-length@1.0.8:index.js (127)
Analyzing module es-abstract@1.24.2:2024/ArrayBufferByteLength.js (128)
Analyzing module reflect.getprototypeof@1.0.10:implementation.js (129)
Analyzing module es-abstract@1.24.2:2024/ToBigInt.js (130)
Analyzing module es-abstract@1.24.2:2024/BigInt/remainder.js (131)
Analyzing module es-abstract@1.24.2:helpers/modBigInt.js (132)
Analyzing module es-abstract@1.24.2:2024/modulo.js (133)
Analyzing module es-abstract@1.24.2:2024/clamp.js (134)
Analyzing module math-intrinsics@1.1.0:isNegativeZero.js (135)
Analyzing module es-abstract@1.24.2:helpers/fractionToBinaryString.js (136)
Analyzing module es-abstract@1.24.2:helpers/intToBinaryString.js (137)
Analyzing module es-abstract@1.24.2:helpers/isNaN.js (138)
Analyzing module es-to-primitive@1.3.4:es2015.js (139)
Analyzing module safe-regex-test@1.1.0:index.js (140)
Analyzing module string.prototype.trim@1.2.11:index.js (141)
Analyzing module es-abstract@1.24.2:GetIntrinsic.js (142)
Analyzing module es-abstract@1.24.2:2024/DefinePropertyOrThrow.js (143)
Analyzing module es-abstract@1.24.2:helpers/isInteger.js (144)
Analyzing module es-abstract@1.24.2:2024/IsCallable.js (145)
Analyzing module es-abstract@1.24.2:helpers/isObject.js (146)
Analyzing module which-builtin-type@1.2.1:index.js (147)
Analyzing module es-abstract@1.24.2:2024/StringToBigInt.js (148)
Analyzing module es-abstract@1.24.2:helpers/mod.js (149)
Analyzing module is-date-object@1.1.0:index.js (150)
Analyzing module is-symbol@1.1.1:index.js (151)
Analyzing module es-to-primitive@1.3.4:helpers/isPrimitive.js (152)
Analyzing module es-abstract-get@1.0.0:GetMethod.js (153)
Analyzing module is-regex@1.2.1:index.js (154)
Analyzing module es-object-atoms@1.1.2:RequireObjectCoercible.js (155)
Analyzing module string.prototype.trim@1.2.11:implementation.js (156)
Analyzing module string.prototype.trim@1.2.11:polyfill.js (157)
Analyzing module string.prototype.trim@1.2.11:shim.js (158)
Analyzing module es-abstract@1.24.2:helpers/records/property-descriptor.js (159)
Analyzing module es-abstract@1.24.2:helpers/DefineOwnProperty.js (160)
Analyzing module es-abstract@1.24.2:2024/FromPropertyDescriptor.js (161)
Analyzing module es-abstract@1.24.2:2024/IsDataDescriptor.js (162)
Analyzing module es-abstract@1.24.2:2024/ToPropertyDescriptor.js (163)
Analyzing module which-boxed-primitive@1.1.1:index.js (164)
Analyzing module which-collection@1.0.2:index.js (165)
Analyzing module is-weakref@1.1.1:index.js (166)
Analyzing module is-finalizationregistry@1.1.1:index.js (167)
Analyzing module function.prototype.name@1.2.0:index.js (168)
Analyzing module is-generator-function@1.1.2:index.js (169)
Analyzing module is-async-function@2.1.1:index.js (170)
Analyzing module math-intrinsics@1.1.0:mod.js (171)
Analyzing module es-abstract-get@1.0.0:GetV.js (172)
Analyzing module es-abstract-get@1.0.0:isPropertyKey.js (173)
Analyzing module es-abstract@1.24.2:2025/ToString.js (174)
Analyzing module es-abstract@1.24.2:helpers/fromPropertyDescriptor.js (175)
Analyzing module es-abstract@1.24.2:2024/ToBoolean.js (176)
Analyzing module is-string@1.1.1:index.js (177)
Analyzing module is-number-object@1.1.1:index.js (178)
Analyzing module is-boolean-object@1.2.2:index.js (179)
Analyzing module is-bigint@1.1.0:index.js (180)
Analyzing module is-map@2.0.3:index.js (181)
Analyzing module is-set@2.0.3:index.js (182)
Analyzing module is-weakmap@2.0.2:index.js (183)
Analyzing module is-weakset@2.0.4:index.js (184)
Analyzing module function.prototype.name@1.2.0:implementation.js (185)
Analyzing module function.prototype.name@1.2.0:polyfill.js (186)
Analyzing module function.prototype.name@1.2.0:shim.js (187)
Analyzing module generator-function@2.0.1:require.mjs (188)
Analyzing module async-function@1.0.0:require.mjs (189)
Analyzing module has-bigints@1.1.0:index.js (190)
Analyzing module functions-have-names@1.2.3:index.js (191)
Analyzing module is-document.all@1.0.0:index.js (192)
Analyzing module generator-function@2.0.1:index.js (193)
Analyzing module async-function@1.0.0:index.js (194)
Analyzed packages: 69, modules: 194, functions: 333, code size main: 1KB, dependencies: 192KB
Call edges function->function: 650, call->function: 819
Calls with zero or one callee: 701/1745 (40.17%), multiple: 75/1745 (4.30%), native or external: 969/1745 (55.53%)
Functions with zero callers: 60/333 (18.02%), reachable functions: 154/333 (46.25%)
Analysis time: 580ms, memory usage: 96MB (without --gc)
Analysis errors: 0, warnings: 100 (show all with --warnings-unsupported)
