Analyzing module <anonymous>:gedi.test.js (1)
Analyzing module gedi@1.6.3:gedi.js (2)
Analyzing module gel-js@1.11.8:gel.js (3)
Analyzing module gedi@1.6.3:pathToken.js (4)
Analyzing module gedi-paths@1.0.4:paths.js (5)
Analyzing module spec-js@1.0.0:spec.js (6)
Analyzing module gedi@1.6.3:events.js (7)
Analyzing module gedi@1.6.3:modelOperations.js (8)
Analyzing module lang-js@2.2.1:lang.js (9)
Analyzing module clean-merge@1.0.0:index.js (10)
Analyzing module gedi-paths@1.0.4:detectPath.js (11)
Analyzing module gedi@1.6.3:weakmap.js (12)
Analyzing module lang-js@2.2.1:token.js (13)
Analyzing module leak-map@1.0.2:index.js (14)
Analyzing module weak-map@1.0.8:weak-map.js (15)
Analyzed packages: 9, modules: 15, functions: 313, code size main: 1KB, dependencies: 130KB
Call edges function->function: 695, call->function: 840
Calls with zero or one callee: 431/945 (45.61%), multiple: 65/945 (6.88%), native or external: 449/945 (47.51%)
Functions with zero callers: 116/313 (37.06%), reachable functions: 165/313 (52.72%)
Analysis time: 402ms, memory usage: 90MB (without --gc)
Analysis errors: 0, warnings: 85 (show all with --warnings-unsupported)
