Analyzing module <anonymous>:worksmith.test.js (1)
Analyzing module worksmith@1.0.0:index.js (2)
Analyzing module debug@2.6.9:src/index.js (3)
Analyzing module lodash@4.18.1:lodash.js (4)
Analyzing module handlebars@4.7.9:lib/index.js (5)
Analyzing module async@0.9.2:lib/async.js (6)
Analyzing module worksmith@1.0.0:src/interpolation/index.js (7)
Analyzing module debug@2.6.9:src/browser.js (8)
Analyzing module debug@2.6.9:src/node.js (9)
Analyzing module handlebars@4.7.9:dist/cjs/handlebars.js (10)
Analyzing module handlebars@4.7.9:dist/cjs/handlebars/compiler/printer.js (11)
Analyzing module worksmith@1.0.0:src/interpolation/Parser.js (12)
Analyzing module worksmith@1.0.0:src/interpolation/Interpolator.js (13)
Analyzing module debug@2.6.9:src/debug.js (14)
Analyzing module handlebars@4.7.9:dist/cjs/handlebars.runtime.js (15)
Analyzing module handlebars@4.7.9:dist/cjs/handlebars/compiler/ast.js (16)
Analyzing module handlebars@4.7.9:dist/cjs/handlebars/compiler/base.js (17)
Analyzing module handlebars@4.7.9:dist/cjs/handlebars/compiler/compiler.js (18)
Analyzing module handlebars@4.7.9:dist/cjs/handlebars/compiler/javascript-compiler.js (19)
Analyzing module handlebars@4.7.9:dist/cjs/handlebars/compiler/visitor.js (20)
Analyzing module handlebars@4.7.9:dist/cjs/handlebars/no-conflict.js (21)
Analyzing module ms@2.0.0:index.js (22)
Analyzing module handlebars@4.7.9:dist/cjs/handlebars/base.js (23)
Analyzing module handlebars@4.7.9:dist/cjs/handlebars/safe-string.js (24)
Analyzing module handlebars@4.7.9:dist/cjs/handlebars/exception.js (25)
Analyzing module handlebars@4.7.9:dist/cjs/handlebars/utils.js (26)
Analyzing module handlebars@4.7.9:dist/cjs/handlebars/runtime.js (27)
Analyzing module handlebars@4.7.9:dist/cjs/handlebars/compiler/parser.js (28)
Analyzing module handlebars@4.7.9:dist/cjs/handlebars/compiler/whitespace-control.js (29)
Analyzing module handlebars@4.7.9:dist/cjs/handlebars/compiler/helpers.js (30)
Analyzing module handlebars@4.7.9:dist/cjs/handlebars/compiler/code-gen.js (31)
Analyzing module handlebars@4.7.9:dist/cjs/handlebars/helpers.js (32)
Analyzing module handlebars@4.7.9:dist/cjs/handlebars/decorators.js (33)
Analyzing module handlebars@4.7.9:dist/cjs/handlebars/logger.js (34)
Analyzing module handlebars@4.7.9:dist/cjs/handlebars/internal/proto-access.js (35)
Analyzing module handlebars@4.7.9:dist/cjs/handlebars/internal/wrapHelper.js (36)
Analyzing module source-map@0.6.1:source-map.js (37)
Analyzing module handlebars@4.7.9:dist/cjs/handlebars/helpers/block-helper-missing.js (38)
Analyzing module handlebars@4.7.9:dist/cjs/handlebars/helpers/each.js (39)
Analyzing module handlebars@4.7.9:dist/cjs/handlebars/helpers/helper-missing.js (40)
Analyzing module handlebars@4.7.9:dist/cjs/handlebars/helpers/if.js (41)
Analyzing module handlebars@4.7.9:dist/cjs/handlebars/helpers/log.js (42)
Analyzing module handlebars@4.7.9:dist/cjs/handlebars/helpers/lookup.js (43)
Analyzing module handlebars@4.7.9:dist/cjs/handlebars/helpers/with.js (44)
Analyzing module handlebars@4.7.9:dist/cjs/handlebars/decorators/inline.js (45)
Analyzing module source-map@0.6.1:lib/source-map-generator.js (46)
Analyzing module source-map@0.6.1:lib/source-map-consumer.js (47)
Analyzing module source-map@0.6.1:lib/source-node.js (48)
Analyzing module source-map@0.6.1:lib/base64-vlq.js (49)
Analyzing module source-map@0.6.1:lib/util.js (50)
Analyzing module source-map@0.6.1:lib/array-set.js (51)
Analyzing module source-map@0.6.1:lib/mapping-list.js (52)
Analyzing module source-map@0.6.1:lib/binary-search.js (53)
Analyzing module source-map@0.6.1:lib/quick-sort.js (54)
Analyzing module source-map@0.6.1:lib/base64.js (55)
Analyzed packages: 8, modules: 55, functions: 1458, code size main: 1KB, dependencies: 1312KB
Call edges function->function: 8937, call->function: 13002
Calls with zero or one callee: 2112/3827 (55.19%), multiple: 521/3827 (13.61%), native or external: 1194/3827 (31.20%)
Functions with zero callers: 483/1458 (33.13%), reachable functions: 523/1458 (35.87%)
Analysis time: 2496ms, memory usage: 335MB (without --gc)
Analysis errors: 0, warnings: 243 (show all with --warnings-unsupported)
