Analyzing module <anonymous>:locutus.test.js (1)
Analyzing module locutus@2.0.11:index.js (2)
Analyzing module locutus@2.0.11:c/index.js (3)
Analyzing module locutus@2.0.11:golang/index.js (4)
Analyzing module locutus@2.0.11:php/index.js (5)
Analyzing module locutus@2.0.11:python/index.js (6)
Analyzing module locutus@2.0.11:ruby/index.js (7)
Analyzing module locutus@2.0.11:c/math/index.js (8)
Analyzing module locutus@2.0.11:c/stdio/index.js (9)
Analyzing module locutus@2.0.11:golang/strings/index.js (10)
Analyzing module locutus@2.0.11:php/array/index.js (11)
Analyzing module locutus@2.0.11:php/bc/index.js (12)
Analyzing module locutus@2.0.11:php/ctype/index.js (13)
Analyzing module locutus@2.0.11:php/datetime/index.js (14)
Analyzing module locutus@2.0.11:php/exec/index.js (15)
Analyzing module locutus@2.0.11:php/filesystem/index.js (16)
Analyzing module locutus@2.0.11:php/funchand/index.js (17)
Analyzing module locutus@2.0.11:php/i18n/index.js (18)
Analyzing module locutus@2.0.11:php/info/index.js (19)
Analyzing module locutus@2.0.11:php/json/index.js (20)
Analyzing module locutus@2.0.11:php/math/index.js (21)
Analyzing module locutus@2.0.11:php/misc/index.js (22)
Analyzing module locutus@2.0.11:php/net-gopher/index.js (23)
Analyzing module locutus@2.0.11:php/network/index.js (24)
Analyzing module locutus@2.0.11:php/pcre/index.js (25)
Analyzing module locutus@2.0.11:php/strings/index.js (26)
Analyzing module locutus@2.0.11:php/url/index.js (27)
Analyzing module locutus@2.0.11:php/var/index.js (28)
Analyzing module locutus@2.0.11:php/xdiff/index.js (29)
Analyzing module locutus@2.0.11:php/xml/index.js (30)
Analyzing module locutus@2.0.11:python/string/index.js (31)
Analyzing module locutus@2.0.11:ruby/Math/index.js (32)
Analyzing module locutus@2.0.11:c/math/abs.js (33)
Analyzing module locutus@2.0.11:c/math/frexp.js (34)
Analyzing module locutus@2.0.11:c/stdio/sprintf.js (35)
Analyzing module locutus@2.0.11:golang/strings/Contains.js (36)
Analyzing module locutus@2.0.11:golang/strings/Count.js (37)
Analyzing module locutus@2.0.11:golang/strings/Index2.js (38)
Analyzing module locutus@2.0.11:golang/strings/LastIndex.js (39)
Analyzing module locutus@2.0.11:php/array/array_change_key_case.js (40)
Analyzing module locutus@2.0.11:php/array/array_chunk.js (41)
Analyzing module locutus@2.0.11:php/array/array_combine.js (42)
Analyzing module locutus@2.0.11:php/array/array_count_values.js (43)
Analyzing module locutus@2.0.11:php/array/array_diff.js (44)
Analyzing module locutus@2.0.11:php/array/array_diff_assoc.js (45)
Analyzing module locutus@2.0.11:php/array/array_diff_key.js (46)
Analyzing module locutus@2.0.11:php/array/array_diff_uassoc.js (47)
Analyzing module locutus@2.0.11:php/array/array_diff_ukey.js (48)
Analyzing module locutus@2.0.11:php/array/array_fill.js (49)
Analyzing module locutus@2.0.11:php/array/array_fill_keys.js (50)
Analyzing module locutus@2.0.11:php/array/array_filter.js (51)
Analyzing module locutus@2.0.11:php/array/array_flip.js (52)
Analyzing module locutus@2.0.11:php/array/array_intersect.js (53)
Analyzing module locutus@2.0.11:php/array/array_intersect_assoc.js (54)
Analyzing module locutus@2.0.11:php/array/array_intersect_key.js (55)
Analyzing module locutus@2.0.11:php/array/array_intersect_uassoc.js (56)
Analyzing module locutus@2.0.11:php/array/array_intersect_ukey.js (57)
Analyzing module locutus@2.0.11:php/array/array_key_exists.js (58)
Analyzing module locutus@2.0.11:php/array/array_keys.js (59)
Analyzing module locutus@2.0.11:php/array/array_map.js (60)
Analyzing module locutus@2.0.11:php/array/array_merge.js (61)
Analyzing module locutus@2.0.11:php/array/array_merge_recursive.js (62)
Analyzing module locutus@2.0.11:php/array/array_multisort.js (63)
Analyzing module locutus@2.0.11:php/array/array_pad.js (64)
Analyzing module locutus@2.0.11:php/array/array_pop.js (65)
Analyzing module locutus@2.0.11:php/array/array_product.js (66)
Analyzing module locutus@2.0.11:php/array/array_push.js (67)
Analyzing module locutus@2.0.11:php/array/array_rand.js (68)
Analyzing module locutus@2.0.11:php/array/array_reduce.js (69)
Analyzing module locutus@2.0.11:php/array/array_replace.js (70)
Analyzing module locutus@2.0.11:php/array/array_replace_recursive.js (71)
Analyzing module locutus@2.0.11:php/array/array_reverse.js (72)
Analyzing module locutus@2.0.11:php/array/array_search.js (73)
Analyzing module locutus@2.0.11:php/array/array_shift.js (74)
Analyzing module locutus@2.0.11:php/array/array_slice.js (75)
Analyzing module locutus@2.0.11:php/array/array_splice.js (76)
Analyzing module locutus@2.0.11:php/array/array_sum.js (77)
Analyzing module locutus@2.0.11:php/array/array_udiff.js (78)
Analyzing module locutus@2.0.11:php/array/array_udiff_assoc.js (79)
Analyzing module locutus@2.0.11:php/array/array_udiff_uassoc.js (80)
Analyzing module locutus@2.0.11:php/array/array_uintersect.js (81)
Analyzing module locutus@2.0.11:php/array/array_uintersect_uassoc.js (82)
Analyzing module locutus@2.0.11:php/array/array_unique.js (83)
Analyzing module locutus@2.0.11:php/array/array_unshift.js (84)
Analyzing module locutus@2.0.11:php/array/array_values.js (85)
Analyzing module locutus@2.0.11:php/array/array_walk.js (86)
Analyzing module locutus@2.0.11:php/array/array_walk_recursive.js (87)
Analyzing module locutus@2.0.11:php/array/arsort.js (88)
Analyzing module locutus@2.0.11:php/array/asort.js (89)
Analyzing module locutus@2.0.11:php/array/count.js (90)
Analyzing module locutus@2.0.11:php/array/current.js (91)
Analyzing module locutus@2.0.11:php/array/each.js (92)
Analyzing module locutus@2.0.11:php/array/end.js (93)
Analyzing module locutus@2.0.11:php/array/in_array.js (94)
Analyzing module locutus@2.0.11:php/array/key.js (95)
Analyzing module locutus@2.0.11:php/array/krsort.js (96)
Analyzing module locutus@2.0.11:php/array/ksort.js (97)
Analyzing module locutus@2.0.11:php/array/natcasesort.js (98)
Analyzing module locutus@2.0.11:php/array/natsort.js (99)
Analyzing module locutus@2.0.11:php/array/next.js (100)
Analyzing module locutus@2.0.11:php/array/pos.js (101)
Analyzing module locutus@2.0.11:php/array/prev.js (102)
Analyzing module locutus@2.0.11:php/array/range.js (103)
Analyzing module locutus@2.0.11:php/array/reset.js (104)
Analyzing module locutus@2.0.11:php/array/rsort.js (105)
Analyzing module locutus@2.0.11:php/array/shuffle.js (106)
Analyzing module locutus@2.0.11:php/array/sizeof.js (107)
Analyzing module locutus@2.0.11:php/array/sort.js (108)
Analyzing module locutus@2.0.11:php/array/uasort.js (109)
Analyzing module locutus@2.0.11:php/array/uksort.js (110)
Analyzing module locutus@2.0.11:php/array/usort.js (111)
Analyzing module locutus@2.0.11:php/bc/bcadd.js (112)
Analyzing module locutus@2.0.11:php/bc/bccomp.js (113)
Analyzing module locutus@2.0.11:php/bc/bcdiv.js (114)
Analyzing module locutus@2.0.11:php/bc/bcmul.js (115)
Analyzing module locutus@2.0.11:php/bc/bcround.js (116)
Analyzing module locutus@2.0.11:php/bc/bcscale.js (117)
Analyzing module locutus@2.0.11:php/bc/bcsub.js (118)
Analyzing module locutus@2.0.11:php/ctype/ctype_alnum.js (119)
Analyzing module locutus@2.0.11:php/ctype/ctype_alpha.js (120)
Analyzing module locutus@2.0.11:php/ctype/ctype_cntrl.js (121)
Analyzing module locutus@2.0.11:php/ctype/ctype_digit.js (122)
Analyzing module locutus@2.0.11:php/ctype/ctype_graph.js (123)
Analyzing module locutus@2.0.11:php/ctype/ctype_lower.js (124)
Analyzing module locutus@2.0.11:php/ctype/ctype_print.js (125)
Analyzing module locutus@2.0.11:php/ctype/ctype_punct.js (126)
Analyzing module locutus@2.0.11:php/ctype/ctype_space.js (127)
Analyzing module locutus@2.0.11:php/ctype/ctype_upper.js (128)
Analyzing module locutus@2.0.11:php/ctype/ctype_xdigit.js (129)
Analyzing module locutus@2.0.11:php/datetime/checkdate.js (130)
Analyzing module locutus@2.0.11:php/datetime/date.js (131)
Analyzing module locutus@2.0.11:php/datetime/date_parse.js (132)
Analyzing module locutus@2.0.11:php/datetime/getdate.js (133)
Analyzing module locutus@2.0.11:php/datetime/gettimeofday.js (134)
Analyzing module locutus@2.0.11:php/datetime/gmdate.js (135)
Analyzing module locutus@2.0.11:php/datetime/gmmktime.js (136)
Analyzing module locutus@2.0.11:php/datetime/gmstrftime.js (137)
Analyzing module locutus@2.0.11:php/datetime/idate.js (138)
Analyzing module locutus@2.0.11:php/datetime/microtime.js (139)
Analyzing module locutus@2.0.11:php/datetime/mktime.js (140)
Analyzing module locutus@2.0.11:php/datetime/strftime.js (141)
Analyzing module locutus@2.0.11:php/datetime/strptime.js (142)
Analyzing module locutus@2.0.11:php/datetime/strtotime.js (143)
Analyzing module locutus@2.0.11:php/datetime/time.js (144)
Analyzing module locutus@2.0.11:php/exec/escapeshellarg.js (145)
Analyzing module locutus@2.0.11:php/filesystem/basename.js (146)
Analyzing module locutus@2.0.11:php/filesystem/dirname.js (147)
Analyzing module locutus@2.0.11:php/filesystem/file_get_contents.js (148)
Analyzing module locutus@2.0.11:php/filesystem/pathinfo.js (149)
Analyzing module locutus@2.0.11:php/filesystem/realpath.js (150)
Analyzing module locutus@2.0.11:php/funchand/call_user_func.js (151)
Analyzing module locutus@2.0.11:php/funchand/call_user_func_array.js (152)
Analyzing module locutus@2.0.11:php/funchand/create_function.js (153)
Analyzing module locutus@2.0.11:php/funchand/function_exists.js (154)
Analyzing module locutus@2.0.11:php/funchand/get_defined_functions.js (155)
Analyzing module locutus@2.0.11:php/i18n/i18n_loc_get_default.js (156)
Analyzing module locutus@2.0.11:php/i18n/i18n_loc_set_default.js (157)
Analyzing module locutus@2.0.11:php/info/assert_options.js (158)
Analyzing module locutus@2.0.11:php/info/getenv.js (159)
Analyzing module locutus@2.0.11:php/info/ini_get.js (160)
Analyzing module locutus@2.0.11:php/info/ini_set.js (161)
Analyzing module locutus@2.0.11:php/info/set_time_limit.js (162)
Analyzing module locutus@2.0.11:php/info/version_compare.js (163)
Analyzing module locutus@2.0.11:php/json/json_decode.js (164)
Analyzing module locutus@2.0.11:php/json/json_encode.js (165)
Analyzing module locutus@2.0.11:php/json/json_last_error.js (166)
Analyzing module locutus@2.0.11:php/math/abs.js (167)
Analyzing module locutus@2.0.11:php/math/acos.js (168)
Analyzing module locutus@2.0.11:php/math/acosh.js (169)
Analyzing module locutus@2.0.11:php/math/asin.js (170)
Analyzing module locutus@2.0.11:php/math/asinh.js (171)
Analyzing module locutus@2.0.11:php/math/atan.js (172)
Analyzing module locutus@2.0.11:php/math/atan2.js (173)
Analyzing module locutus@2.0.11:php/math/atanh.js (174)
Analyzing module locutus@2.0.11:php/math/base_convert.js (175)
Analyzing module locutus@2.0.11:php/math/bindec.js (176)
Analyzing module locutus@2.0.11:php/math/ceil.js (177)
Analyzing module locutus@2.0.11:php/math/cos.js (178)
Analyzing module locutus@2.0.11:php/math/cosh.js (179)
Analyzing module locutus@2.0.11:php/math/decbin.js (180)
Analyzing module locutus@2.0.11:php/math/dechex.js (181)
Analyzing module locutus@2.0.11:php/math/decoct.js (182)
Analyzing module locutus@2.0.11:php/math/deg2rad.js (183)
Analyzing module locutus@2.0.11:php/math/exp.js (184)
Analyzing module locutus@2.0.11:php/math/expm1.js (185)
Analyzing module locutus@2.0.11:php/math/floor.js (186)
Analyzing module locutus@2.0.11:php/math/fmod.js (187)
Analyzing module locutus@2.0.11:php/math/getrandmax.js (188)
Analyzing module locutus@2.0.11:php/math/hexdec.js (189)
Analyzing module locutus@2.0.11:php/math/hypot.js (190)
Analyzing module locutus@2.0.11:php/math/is_finite.js (191)
Analyzing module locutus@2.0.11:php/math/is_infinite.js (192)
Analyzing module locutus@2.0.11:php/math/is_nan.js (193)
Analyzing module locutus@2.0.11:php/math/lcg_value.js (194)
Analyzing module locutus@2.0.11:php/math/log.js (195)
Analyzing module locutus@2.0.11:php/math/log10.js (196)
Analyzing module locutus@2.0.11:php/math/log1p.js (197)
Analyzing module locutus@2.0.11:php/math/max.js (198)
Analyzing module locutus@2.0.11:php/math/min.js (199)
Analyzing module locutus@2.0.11:php/math/mt_getrandmax.js (200)
Analyzing module locutus@2.0.11:php/math/mt_rand.js (201)
Analyzing module locutus@2.0.11:php/math/octdec.js (202)
Analyzing module locutus@2.0.11:php/math/pi.js (203)
Analyzing module locutus@2.0.11:php/math/pow.js (204)
Analyzing module locutus@2.0.11:php/math/rad2deg.js (205)
Analyzing module locutus@2.0.11:php/math/rand.js (206)
Analyzing module locutus@2.0.11:php/math/round.js (207)
Analyzing module locutus@2.0.11:php/math/sin.js (208)
Analyzing module locutus@2.0.11:php/math/sinh.js (209)
Analyzing module locutus@2.0.11:php/math/sqrt.js (210)
Analyzing module locutus@2.0.11:php/math/tan.js (211)
Analyzing module locutus@2.0.11:php/math/tanh.js (212)
Analyzing module locutus@2.0.11:php/misc/pack.js (213)
Analyzing module locutus@2.0.11:php/misc/uniqid.js (214)
Analyzing module locutus@2.0.11:php/net-gopher/gopher_parsedir.js (215)
Analyzing module locutus@2.0.11:php/network/inet_ntop.js (216)
Analyzing module locutus@2.0.11:php/network/inet_pton.js (217)
Analyzing module locutus@2.0.11:php/network/ip2long.js (218)
Analyzing module locutus@2.0.11:php/network/long2ip.js (219)
Analyzing module locutus@2.0.11:php/network/setcookie.js (220)
Analyzing module locutus@2.0.11:php/network/setrawcookie.js (221)
Analyzing module locutus@2.0.11:php/pcre/preg_quote.js (222)
Analyzing module locutus@2.0.11:php/pcre/sql_regcase.js (223)
Analyzing module locutus@2.0.11:php/pcre/preg_match.js (224)
Analyzing module locutus@2.0.11:php/strings/addcslashes.js (225)
Analyzing module locutus@2.0.11:php/strings/addslashes.js (226)
Analyzing module locutus@2.0.11:php/strings/bin2hex.js (227)
Analyzing module locutus@2.0.11:php/strings/chop.js (228)
Analyzing module locutus@2.0.11:php/strings/chr.js (229)
Analyzing module locutus@2.0.11:php/strings/chunk_split.js (230)
Analyzing module locutus@2.0.11:php/strings/convert_cyr_string.js (231)
Analyzing module locutus@2.0.11:php/strings/convert_uuencode.js (232)
Analyzing module locutus@2.0.11:php/strings/count_chars.js (233)
Analyzing module locutus@2.0.11:php/strings/crc32.js (234)
Analyzing module locutus@2.0.11:php/strings/echo.js (235)
Analyzing module locutus@2.0.11:php/strings/explode.js (236)
Analyzing module locutus@2.0.11:php/strings/get_html_translation_table.js (237)
Analyzing module locutus@2.0.11:php/strings/hex2bin.js (238)
Analyzing module locutus@2.0.11:php/strings/html_entity_decode.js (239)
Analyzing module locutus@2.0.11:php/strings/htmlentities.js (240)
Analyzing module locutus@2.0.11:php/strings/htmlspecialchars.js (241)
Analyzing module locutus@2.0.11:php/strings/htmlspecialchars_decode.js (242)
Analyzing module locutus@2.0.11:php/strings/implode.js (243)
Analyzing module locutus@2.0.11:php/strings/join.js (244)
Analyzing module locutus@2.0.11:php/strings/lcfirst.js (245)
Analyzing module locutus@2.0.11:php/strings/levenshtein.js (246)
Analyzing module locutus@2.0.11:php/strings/localeconv.js (247)
Analyzing module locutus@2.0.11:php/strings/ltrim.js (248)
Analyzing module locutus@2.0.11:php/strings/md5.js (249)
Analyzing module locutus@2.0.11:php/strings/md5_file.js (250)
Analyzing module locutus@2.0.11:php/strings/metaphone.js (251)
Analyzing module locutus@2.0.11:php/strings/money_format.js (252)
Analyzing module locutus@2.0.11:php/strings/nl2br.js (253)
Analyzing module locutus@2.0.11:php/strings/nl_langinfo.js (254)
Analyzing module locutus@2.0.11:php/strings/number_format.js (255)
Analyzing module locutus@2.0.11:php/strings/ord.js (256)
Analyzing module locutus@2.0.11:php/strings/parse_str.js (257)
Analyzing module locutus@2.0.11:php/strings/printf.js (258)
Analyzing module locutus@2.0.11:php/strings/quoted_printable_decode.js (259)
Analyzing module locutus@2.0.11:php/strings/quoted_printable_encode.js (260)
Analyzing module locutus@2.0.11:php/strings/quotemeta.js (261)
Analyzing module locutus@2.0.11:php/strings/rtrim.js (262)
Analyzing module locutus@2.0.11:php/strings/setlocale.js (263)
Analyzing module locutus@2.0.11:php/strings/sha1.js (264)
Analyzing module locutus@2.0.11:php/strings/sha1_file.js (265)
Analyzing module locutus@2.0.11:php/strings/similar_text.js (266)
Analyzing module locutus@2.0.11:php/strings/soundex.js (267)
Analyzing module locutus@2.0.11:php/strings/split.js (268)
Analyzing module locutus@2.0.11:php/strings/sprintf.js (269)
Analyzing module locutus@2.0.11:php/strings/sscanf.js (270)
Analyzing module locutus@2.0.11:php/strings/str_getcsv.js (271)
Analyzing module locutus@2.0.11:php/strings/str_ireplace.js (272)
Analyzing module locutus@2.0.11:php/strings/str_pad.js (273)
Analyzing module locutus@2.0.11:php/strings/str_repeat.js (274)
Analyzing module locutus@2.0.11:php/strings/str_replace.js (275)
Analyzing module locutus@2.0.11:php/strings/str_rot13.js (276)
Analyzing module locutus@2.0.11:php/strings/str_shuffle.js (277)
Analyzing module locutus@2.0.11:php/strings/str_split.js (278)
Analyzing module locutus@2.0.11:php/strings/str_word_count.js (279)
Analyzing module locutus@2.0.11:php/strings/strcasecmp.js (280)
Analyzing module locutus@2.0.11:php/strings/strchr.js (281)
Analyzing module locutus@2.0.11:php/strings/strcmp.js (282)
Analyzing module locutus@2.0.11:php/strings/strcoll.js (283)
Analyzing module locutus@2.0.11:php/strings/strcspn.js (284)
Analyzing module locutus@2.0.11:php/strings/strip_tags.js (285)
Analyzing module locutus@2.0.11:php/strings/stripos.js (286)
Analyzing module locutus@2.0.11:php/strings/stripslashes.js (287)
Analyzing module locutus@2.0.11:php/strings/stristr.js (288)
Analyzing module locutus@2.0.11:php/strings/strlen.js (289)
Analyzing module locutus@2.0.11:php/strings/strnatcasecmp.js (290)
Analyzing module locutus@2.0.11:php/strings/strnatcmp.js (291)
Analyzing module locutus@2.0.11:php/strings/strncasecmp.js (292)
Analyzing module locutus@2.0.11:php/strings/strncmp.js (293)
Analyzing module locutus@2.0.11:php/strings/strpbrk.js (294)
Analyzing module locutus@2.0.11:php/strings/strpos.js (295)
Analyzing module locutus@2.0.11:php/strings/strrchr.js (296)
Analyzing module locutus@2.0.11:php/strings/strrev.js (297)
Analyzing module locutus@2.0.11:php/strings/strripos.js (298)
Analyzing module locutus@2.0.11:php/strings/strrpos.js (299)
Analyzing module locutus@2.0.11:php/strings/strspn.js (300)
Analyzing module locutus@2.0.11:php/strings/strstr.js (301)
Analyzing module locutus@2.0.11:php/strings/strtok.js (302)
Analyzing module locutus@2.0.11:php/strings/strtolower.js (303)
Analyzing module locutus@2.0.11:php/strings/strtoupper.js (304)
Analyzing module locutus@2.0.11:php/strings/strtr.js (305)
Analyzing module locutus@2.0.11:php/strings/substr.js (306)
Analyzing module locutus@2.0.11:php/strings/substr_compare.js (307)
Analyzing module locutus@2.0.11:php/strings/substr_count.js (308)
Analyzing module locutus@2.0.11:php/strings/substr_replace.js (309)
Analyzing module locutus@2.0.11:php/strings/trim.js (310)
Analyzing module locutus@2.0.11:php/strings/ucfirst.js (311)
Analyzing module locutus@2.0.11:php/strings/ucwords.js (312)
Analyzing module locutus@2.0.11:php/strings/vprintf.js (313)
Analyzing module locutus@2.0.11:php/strings/vsprintf.js (314)
Analyzing module locutus@2.0.11:php/strings/wordwrap.js (315)
Analyzing module locutus@2.0.11:php/url/base64_decode.js (316)
Analyzing module locutus@2.0.11:php/url/base64_encode.js (317)
Analyzing module locutus@2.0.11:php/url/http_build_query.js (318)
Analyzing module locutus@2.0.11:php/url/parse_url.js (319)
Analyzing module locutus@2.0.11:php/url/rawurldecode.js (320)
Analyzing module locutus@2.0.11:php/url/rawurlencode.js (321)
Analyzing module locutus@2.0.11:php/url/urldecode.js (322)
Analyzing module locutus@2.0.11:php/url/urlencode.js (323)
Analyzing module locutus@2.0.11:php/var/boolval.js (324)
Analyzing module locutus@2.0.11:php/var/doubleval.js (325)
Analyzing module locutus@2.0.11:php/var/empty.js (326)
Analyzing module locutus@2.0.11:php/var/floatval.js (327)
Analyzing module locutus@2.0.11:php/var/gettype.js (328)
Analyzing module locutus@2.0.11:php/var/intval.js (329)
Analyzing module locutus@2.0.11:php/var/is_array.js (330)
Analyzing module locutus@2.0.11:php/var/is_binary.js (331)
Analyzing module locutus@2.0.11:php/var/is_bool.js (332)
Analyzing module locutus@2.0.11:php/var/is_buffer.js (333)
Analyzing module locutus@2.0.11:php/var/is_callable.js (334)
Analyzing module locutus@2.0.11:php/var/is_double.js (335)
Analyzing module locutus@2.0.11:php/var/is_float.js (336)
Analyzing module locutus@2.0.11:php/var/is_int.js (337)
Analyzing module locutus@2.0.11:php/var/is_integer.js (338)
Analyzing module locutus@2.0.11:php/var/is_long.js (339)
Analyzing module locutus@2.0.11:php/var/is_null.js (340)
Analyzing module locutus@2.0.11:php/var/is_numeric.js (341)
Analyzing module locutus@2.0.11:php/var/is_object.js (342)
Analyzing module locutus@2.0.11:php/var/is_real.js (343)
Analyzing module locutus@2.0.11:php/var/is_scalar.js (344)
Analyzing module locutus@2.0.11:php/var/is_string.js (345)
Analyzing module locutus@2.0.11:php/var/is_unicode.js (346)
Analyzing module locutus@2.0.11:php/var/isset.js (347)
Analyzing module locutus@2.0.11:php/var/print_r.js (348)
Analyzing module locutus@2.0.11:php/var/serialize.js (349)
Analyzing module locutus@2.0.11:php/var/strval.js (350)
Analyzing module locutus@2.0.11:php/var/unserialize.js (351)
Analyzing module locutus@2.0.11:php/var/var_dump.js (352)
Analyzing module locutus@2.0.11:php/var/var_export.js (353)
Analyzing module locutus@2.0.11:php/xdiff/xdiff_string_diff.js (354)
Analyzing module locutus@2.0.11:php/xdiff/xdiff_string_patch.js (355)
Analyzing module locutus@2.0.11:php/xml/utf8_decode.js (356)
Analyzing module locutus@2.0.11:php/xml/utf8_encode.js (357)
Analyzing module locutus@2.0.11:python/string/capwords.js (358)
Analyzing module locutus@2.0.11:python/string/ascii_letters.js (359)
Analyzing module locutus@2.0.11:python/string/ascii_lowercase.js (360)
Analyzing module locutus@2.0.11:python/string/ascii_uppercase.js (361)
Analyzing module locutus@2.0.11:ruby/Math/acos.js (362)
Analyzing module locutus@2.0.11:php/_helpers/_bc.js (363)
Analyzing module locutus@2.0.11:php/_helpers/_phpCastString.js (364)
Analyzed packages: 2, modules: 364, functions: 770, code size main: 1KB, dependencies: 666KB
Call edges function->function: 694, call->function: 1000
Calls with zero or one callee: 1488/3270 (45.50%), multiple: 75/3270 (2.29%), native or external: 1707/3270 (52.20%)
Functions with zero callers: 365/770 (47.40%), reachable functions: 3/770 (0.39%)
Analysis time: 1182ms, memory usage: 185MB (without --gc)
Analysis errors: 0, warnings: 203 (show all with --warnings-unsupported)
