Analyzing module <anonymous>:confucious.test.js (1)
Analyzing module confucious@0.0.12:index.js (2)
Analyzing module confucious@0.0.12:confucious.js (3)
Analyzing module yargs@3.32.0:index.js (4)
Analyzing module extend@3.0.2:index.js (5)
Analyzing module yargs@3.32.0:lib/completion.js (6)
Analyzing module yargs@3.32.0:lib/parser.js (7)
Analyzing module yargs@3.32.0:lib/tokenize-arg-string.js (8)
Analyzing module yargs@3.32.0:lib/usage.js (9)
Analyzing module yargs@3.32.0:lib/validation.js (10)
Analyzing module y18n@3.2.2:index.js (11)
Analyzing module window-size@0.1.4:index.js (12)
Analyzing module os-locale@1.4.0:index.js (13)
Analyzing module camelcase@2.1.1:index.js (14)
Analyzing module cliui@3.2.0:index.js (15)
Analyzing module decamelize@1.2.0:index.js (16)
Analyzing module string-width@1.0.2:index.js (17)
Analyzing module lcid@1.0.0:index.js (18)
Analyzing module strip-ansi@3.0.1:index.js (19)
Analyzing module wrap-ansi@2.1.0:index.js (20)
Analyzing module code-point-at@1.1.0:index.js (21)
Analyzing module is-fullwidth-code-point@1.0.0:index.js (22)
Analyzing module invert-kv@1.0.0:index.js (23)
Analyzing module ansi-regex@2.1.1:index.js (24)
Analyzing module number-is-nan@1.0.1:index.js (25)
Analyzed packages: 19, modules: 25, functions: 303, code size main: 1KB, dependencies: 83KB
Call edges function->function: 370, call->function: 461
Calls with zero or one callee: 568/970 (58.56%), multiple: 1/970 (0.10%), native or external: 401/970 (41.34%)
Functions with zero callers: 49/303 (16.17%), reachable functions: 20/303 (6.60%)
Analysis time: 303ms, memory usage: 72MB (without --gc)
Analysis errors: 0, warnings: 142 (show all with --warnings-unsupported)
