Analyzing module <anonymous>:sds.test.js (1)
Analyzing module sds@3.2.0:js/main.js (2)
Analyzing module noon@2.15.0:js/main.js (3)
Analyzing module sds@3.2.0:js/tools.js (4)
Analyzing module sds@3.2.0:js/find.js (5)
Analyzing module sds@3.2.0:js/get.js (6)
Analyzing module sds@3.2.0:js/set.js (7)
Analyzing module sds@3.2.0:js/del.js (8)
Analyzing module sds@3.2.0:js/regexp.js (9)
Analyzing module sds@3.2.0:js/collect.js (10)
Analyzing module noon@2.15.0:js/save.js (11)
Analyzing module noon@2.15.0:js/load.js (12)
Analyzing module noon@2.15.0:js/parse.js (13)
Analyzing module noon@2.15.0:js/stringify.js (14)
Analyzing module lodash.defaults@4.2.0:index.js (15)
Analyzing module js-yaml@3.15.2:index.js (16)
Analyzing module klor@1.8.0:js/klor.js (17)
Analyzing module js-yaml@3.15.2:lib/js-yaml.js (18)
Analyzing module klor@1.8.0:js/kolor.js (19)
Analyzing module js-yaml@3.15.2:lib/js-yaml/loader.js (20)
Analyzing module js-yaml@3.15.2:lib/js-yaml/dumper.js (21)
Analyzing module js-yaml@3.15.2:lib/js-yaml/type.js (22)
Analyzing module js-yaml@3.15.2:lib/js-yaml/schema.js (23)
Analyzing module js-yaml@3.15.2:lib/js-yaml/schema/failsafe.js (24)
Analyzing module js-yaml@3.15.2:lib/js-yaml/schema/json.js (25)
Analyzing module js-yaml@3.15.2:lib/js-yaml/schema/core.js (26)
Analyzing module js-yaml@3.15.2:lib/js-yaml/schema/default_safe.js (27)
Analyzing module js-yaml@3.15.2:lib/js-yaml/schema/default_full.js (28)
Analyzing module js-yaml@3.15.2:lib/js-yaml/exception.js (29)
Analyzing module js-yaml@3.15.2:lib/js-yaml/common.js (30)
Analyzing module js-yaml@3.15.2:lib/js-yaml/mark.js (31)
Analyzing module js-yaml@3.15.2:lib/js-yaml/type/str.js (32)
Analyzing module js-yaml@3.15.2:lib/js-yaml/type/seq.js (33)
Analyzing module js-yaml@3.15.2:lib/js-yaml/type/map.js (34)
Analyzing module js-yaml@3.15.2:lib/js-yaml/type/null.js (35)
Analyzing module js-yaml@3.15.2:lib/js-yaml/type/bool.js (36)
Analyzing module js-yaml@3.15.2:lib/js-yaml/type/int.js (37)
Analyzing module js-yaml@3.15.2:lib/js-yaml/type/float.js (38)
Analyzing module js-yaml@3.15.2:lib/js-yaml/type/timestamp.js (39)
Analyzing module js-yaml@3.15.2:lib/js-yaml/type/merge.js (40)
Analyzing module js-yaml@3.15.2:lib/js-yaml/type/binary.js (41)
Analyzing module js-yaml@3.15.2:lib/js-yaml/type/omap.js (42)
Analyzing module js-yaml@3.15.2:lib/js-yaml/type/pairs.js (43)
Analyzing module js-yaml@3.15.2:lib/js-yaml/type/set.js (44)
Analyzing module js-yaml@3.15.2:lib/js-yaml/type/js/undefined.js (45)
Analyzing module js-yaml@3.15.2:lib/js-yaml/type/js/regexp.js (46)
Analyzing module js-yaml@3.15.2:lib/js-yaml/type/js/function.js (47)
Analyzing module esprima@4.0.1:dist/esprima.js (48)
Analyzed packages: 7, modules: 48, functions: 778, code size main: 1KB, dependencies: 668KB
Call edges function->function: 1753, call->function: 2537
Calls with zero or one callee: 2516/3419 (73.59%), multiple: 59/3419 (1.73%), native or external: 844/3419 (24.69%)
Functions with zero callers: 140/778 (17.99%), reachable functions: 4/778 (0.51%)
Analysis time: 1118ms, memory usage: 209MB (without --gc)
Analysis errors: 0, warnings: 75 (show all with --warnings-unsupported)
