Analyzing module <anonymous>:simpl-schema.test.js (1)
Analyzing module simpl-schema@1.10.0:dist/main.js (2)
Analyzing module simpl-schema@1.10.0:dist/SimpleSchema.js (3)
Analyzing module simpl-schema@1.10.0:dist/clean.js (4)
Analyzing module clone@2.1.2:clone.js (5)
Analyzing module message-box@0.2.7:dist/MessageBox.js (6)
Analyzing module mongo-object@0.1.4:dist/mongo-object.js (7)
Analyzing module simpl-schema@1.10.0:dist/humanize.js (8)
Analyzing module simpl-schema@1.10.0:dist/ValidationContext.js (9)
Analyzing module simpl-schema@1.10.0:dist/SimpleSchemaGroup.js (10)
Analyzing module simpl-schema@1.10.0:dist/regExp.js (11)
Analyzing module simpl-schema@1.10.0:dist/expandShorthand.js (12)
Analyzing module simpl-schema@1.10.0:dist/utility/index.js (13)
Analyzing module simpl-schema@1.10.0:dist/defaultMessages.js (14)
Analyzing module simpl-schema@1.10.0:dist/clean/convertToProperType.js (15)
Analyzing module simpl-schema@1.10.0:dist/clean/setAutoValues.js (16)
Analyzing module simpl-schema@1.10.0:dist/validation/typeValidator/index.js (17)
Analyzing module lodash.template@4.18.1:index.js (18)
Analyzing module message-box@0.2.7:dist/merge.js (19)
Analyzing module simpl-schema@1.10.0:dist/doValidation.js (20)
Analyzing module simpl-schema@1.10.0:dist/utility/appendAffectedKey.js (21)
Analyzing module simpl-schema@1.10.0:dist/utility/dateToDateString.js (22)
Analyzing module simpl-schema@1.10.0:dist/utility/forEachKeyAncestor.js (23)
Analyzing module simpl-schema@1.10.0:dist/utility/getKeysWithValueInObj.js (24)
Analyzing module simpl-schema@1.10.0:dist/utility/getLastPartOfKey.js (25)
Analyzing module simpl-schema@1.10.0:dist/utility/getParentOfKey.js (26)
Analyzing module simpl-schema@1.10.0:dist/utility/isEmptyObject.js (27)
Analyzing module simpl-schema@1.10.0:dist/utility/isObjectWeShouldTraverse.js (28)
Analyzing module simpl-schema@1.10.0:dist/utility/looksLikeModifier.js (29)
Analyzing module simpl-schema@1.10.0:dist/utility/merge.js (30)
Analyzing module simpl-schema@1.10.0:dist/clean/getPositionsForAutoValue.js (31)
Analyzing module simpl-schema@1.10.0:dist/clean/AutoValueRunner.js (32)
Analyzing module simpl-schema@1.10.0:dist/validation/typeValidator/doDateChecks.js (33)
Analyzing module simpl-schema@1.10.0:dist/validation/typeValidator/doNumberChecks.js (34)
Analyzing module simpl-schema@1.10.0:dist/validation/typeValidator/doStringChecks.js (35)
Analyzing module simpl-schema@1.10.0:dist/validation/typeValidator/doArrayChecks.js (36)
Analyzing module lodash._reinterpolate@3.0.0:index.js (37)
Analyzing module lodash.templatesettings@4.2.0:index.js (38)
Analyzing module simpl-schema@1.10.0:dist/validation/requiredValidator.js (39)
Analyzing module simpl-schema@1.10.0:dist/validation/allowedValuesValidator.js (40)
Analyzed packages: 8, modules: 40, functions: 535, code size main: 1KB, dependencies: 246KB
Call edges function->function: 559, call->function: 637
Calls with zero or one callee: 819/1639 (49.97%), multiple: 46/1639 (2.81%), native or external: 774/1639 (47.22%)
Functions with zero callers: 138/535 (25.79%), reachable functions: 79/535 (14.77%)
Analysis time: 505ms, memory usage: 107MB (without --gc)
Analysis errors: 0, warnings: 158 (show all with --warnings-unsupported)
