Analyzing module <anonymous>:supermixer.test.js (1)
Analyzing module supermixer@1.0.3:dist/index.js (2)
Analyzing module supermixer@1.0.3:dist/mixer.js (3)
Analyzing module lodash@3.10.1:object/forOwn.js (4)
Analyzing module lodash@3.10.1:object/forIn.js (5)
Analyzing module lodash@3.10.1:lang/cloneDeep.js (6)
Analyzing module lodash@3.10.1:lang/isObject.js (7)
Analyzing module lodash@3.10.1:lang/isUndefined.js (8)
Analyzing module lodash@3.10.1:internal/baseForOwn.js (9)
Analyzing module lodash@3.10.1:internal/createForOwn.js (10)
Analyzing module lodash@3.10.1:internal/baseFor.js (11)
Analyzing module lodash@3.10.1:internal/createForIn.js (12)
Analyzing module lodash@3.10.1:internal/baseClone.js (13)
Analyzing module lodash@3.10.1:internal/bindCallback.js (14)
Analyzing module lodash@3.10.1:object/keys.js (15)
Analyzing module lodash@3.10.1:internal/createBaseFor.js (16)
Analyzing module lodash@3.10.1:object/keysIn.js (17)
Analyzing module lodash@3.10.1:internal/arrayCopy.js (18)
Analyzing module lodash@3.10.1:internal/arrayEach.js (19)
Analyzing module lodash@3.10.1:internal/baseAssign.js (20)
Analyzing module lodash@3.10.1:internal/initCloneArray.js (21)
Analyzing module lodash@3.10.1:internal/initCloneByTag.js (22)
Analyzing module lodash@3.10.1:internal/initCloneObject.js (23)
Analyzing module lodash@3.10.1:lang/isArray.js (24)
Analyzing module lodash@3.10.1:utility/identity.js (25)
Analyzing module lodash@3.10.1:internal/getNative.js (26)
Analyzing module lodash@3.10.1:internal/isArrayLike.js (27)
Analyzing module lodash@3.10.1:internal/shimKeys.js (28)
Analyzing module lodash@3.10.1:internal/toObject.js (29)
Analyzing module lodash@3.10.1:lang/isArguments.js (30)
Analyzing module lodash@3.10.1:internal/isIndex.js (31)
Analyzing module lodash@3.10.1:internal/isLength.js (32)
Analyzing module lodash@3.10.1:internal/baseCopy.js (33)
Analyzing module lodash@3.10.1:internal/bufferClone.js (34)
Analyzing module lodash@3.10.1:internal/isObjectLike.js (35)
Analyzing module lodash@3.10.1:lang/isNative.js (36)
Analyzing module lodash@3.10.1:internal/getLength.js (37)
Analyzing module lodash@3.10.1:lang/isFunction.js (38)
Analyzing module lodash@3.10.1:internal/baseProperty.js (39)
Analyzed packages: 3, modules: 39, functions: 51, code size main: 1KB, dependencies: 36KB
Call edges function->function: 91, call->function: 107
Calls with zero or one callee: 94/194 (48.45%), multiple: 8/194 (4.12%), native or external: 92/194 (47.42%)
Functions with zero callers: 2/51 (3.92%), reachable functions: 49/51 (96.08%)
Analysis time: 148ms, memory usage: 56MB (without --gc)
Analysis errors: 0, warnings: 15 (show all with --warnings-unsupported)
