Analyzing module <anonymous>:mout.test.js (1)
Analyzing module mout@1.0.0:index.js (2)
Analyzing module mout@1.0.0:array.js (3)
Analyzing module mout@1.0.0:collection.js (4)
Analyzing module mout@1.0.0:date.js (5)
Analyzing module mout@1.0.0:function.js (6)
Analyzing module mout@1.0.0:lang.js (7)
Analyzing module mout@1.0.0:math.js (8)
Analyzing module mout@1.0.0:number.js (9)
Analyzing module mout@1.0.0:object.js (10)
Analyzing module mout@1.0.0:queryString.js (11)
Analyzing module mout@1.0.0:random.js (12)
Analyzing module mout@1.0.0:string.js (13)
Analyzing module mout@1.0.0:time.js (14)
Analyzing module mout@1.0.0:array/append.js (15)
Analyzing module mout@1.0.0:array/collect.js (16)
Analyzing module mout@1.0.0:array/combine.js (17)
Analyzing module mout@1.0.0:array/compact.js (18)
Analyzing module mout@1.0.0:array/contains.js (19)
Analyzing module mout@1.0.0:array/difference.js (20)
Analyzing module mout@1.0.0:array/equals.js (21)
Analyzing module mout@1.0.0:array/every.js (22)
Analyzing module mout@1.0.0:array/filter.js (23)
Analyzing module mout@1.0.0:array/find.js (24)
Analyzing module mout@1.0.0:array/findIndex.js (25)
Analyzing module mout@1.0.0:array/findLast.js (26)
Analyzing module mout@1.0.0:array/findLastIndex.js (27)
Analyzing module mout@1.0.0:array/flatten.js (28)
Analyzing module mout@1.0.0:array/forEach.js (29)
Analyzing module mout@1.0.0:array/groupBy.js (30)
Analyzing module mout@1.0.0:array/indexOf.js (31)
Analyzing module mout@1.0.0:array/indicesOf.js (32)
Analyzing module mout@1.0.0:array/insert.js (33)
Analyzing module mout@1.0.0:array/intersection.js (34)
Analyzing module mout@1.0.0:array/invoke.js (35)
Analyzing module mout@1.0.0:array/join.js (36)
Analyzing module mout@1.0.0:array/last.js (37)
Analyzing module mout@1.0.0:array/lastIndexOf.js (38)
Analyzing module mout@1.0.0:array/map.js (39)
Analyzing module mout@1.0.0:array/max.js (40)
Analyzing module mout@1.0.0:array/min.js (41)
Analyzing module mout@1.0.0:array/pick.js (42)
Analyzing module mout@1.0.0:array/pluck.js (43)
Analyzing module mout@1.0.0:array/range.js (44)
Analyzing module mout@1.0.0:array/reduce.js (45)
Analyzing module mout@1.0.0:array/reduceRight.js (46)
Analyzing module mout@1.0.0:array/reject.js (47)
Analyzing module mout@1.0.0:array/remove.js (48)
Analyzing module mout@1.0.0:array/removeAll.js (49)
Analyzing module mout@1.0.0:array/reverse.js (50)
Analyzing module mout@1.0.0:array/shuffle.js (51)
Analyzing module mout@1.0.0:array/slice.js (52)
Analyzing module mout@1.0.0:array/some.js (53)
Analyzing module mout@1.0.0:array/sort.js (54)
Analyzing module mout@1.0.0:array/sortBy.js (55)
Analyzing module mout@1.0.0:array/split.js (56)
Analyzing module mout@1.0.0:array/take.js (57)
Analyzing module mout@1.0.0:array/toLookup.js (58)
Analyzing module mout@1.0.0:array/union.js (59)
Analyzing module mout@1.0.0:array/unique.js (60)
Analyzing module mout@1.0.0:array/xor.js (61)
Analyzing module mout@1.0.0:array/zip.js (62)
Analyzing module mout@1.0.0:collection/contains.js (63)
Analyzing module mout@1.0.0:collection/every.js (64)
Analyzing module mout@1.0.0:collection/filter.js (65)
Analyzing module mout@1.0.0:collection/find.js (66)
Analyzing module mout@1.0.0:collection/forEach.js (67)
Analyzing module mout@1.0.0:collection/make_.js (68)
Analyzing module mout@1.0.0:collection/map.js (69)
Analyzing module mout@1.0.0:collection/max.js (70)
Analyzing module mout@1.0.0:collection/min.js (71)
Analyzing module mout@1.0.0:collection/pluck.js (72)
Analyzing module mout@1.0.0:collection/reduce.js (73)
Analyzing module mout@1.0.0:collection/reject.js (74)
Analyzing module mout@1.0.0:collection/size.js (75)
Analyzing module mout@1.0.0:collection/some.js (76)
Analyzing module mout@1.0.0:date/dayOfTheYear.js (77)
Analyzing module mout@1.0.0:date/diff.js (78)
Analyzing module mout@1.0.0:date/i18n_.js (79)
Analyzing module mout@1.0.0:date/isLeapYear.js (80)
Analyzing module mout@1.0.0:date/isSame.js (81)
Analyzing module mout@1.0.0:date/parseIso.js (82)
Analyzing module mout@1.0.0:date/quarter.js (83)
Analyzing module mout@1.0.0:date/startOf.js (84)
Analyzing module mout@1.0.0:date/strftime.js (85)
Analyzing module mout@1.0.0:date/timezoneAbbr.js (86)
Analyzing module mout@1.0.0:date/timezoneOffset.js (87)
Analyzing module mout@1.0.0:date/totalDaysInMonth.js (88)
Analyzing module mout@1.0.0:date/totalDaysInYear.js (89)
Analyzing module mout@1.0.0:date/weekOfTheYear.js (90)
Analyzing module mout@1.0.0:function/after.js (91)
Analyzing module mout@1.0.0:function/awaitDelay.js (92)
Analyzing module mout@1.0.0:function/bind.js (93)
Analyzing module mout@1.0.0:function/compose.js (94)
Analyzing module mout@1.0.0:function/constant.js (95)
Analyzing module mout@1.0.0:function/debounce.js (96)
Analyzing module mout@1.0.0:function/func.js (97)
Analyzing module mout@1.0.0:function/identity.js (98)
Analyzing module mout@1.0.0:function/makeIterator_.js (99)
Analyzing module mout@1.0.0:function/memoize.js (100)
Analyzing module mout@1.0.0:function/partial.js (101)
Analyzing module mout@1.0.0:function/prop.js (102)
Analyzing module mout@1.0.0:function/series.js (103)
Analyzing module mout@1.0.0:function/throttle.js (104)
Analyzing module mout@1.0.0:function/timeout.js (105)
Analyzing module mout@1.0.0:function/times.js (106)
Analyzing module mout@1.0.0:function/wrap.js (107)
Analyzing module mout@1.0.0:lang/GLOBAL.js (108)
Analyzing module mout@1.0.0:lang/clone.js (109)
Analyzing module mout@1.0.0:lang/createObject.js (110)
Analyzing module mout@1.0.0:lang/ctorApply.js (111)
Analyzing module mout@1.0.0:lang/deepClone.js (112)
Analyzing module mout@1.0.0:lang/deepEquals.js (113)
Analyzing module mout@1.0.0:lang/defaults.js (114)
Analyzing module mout@1.0.0:lang/inheritPrototype.js (115)
Analyzing module mout@1.0.0:lang/is.js (116)
Analyzing module mout@1.0.0:lang/isArguments.js (117)
Analyzing module mout@1.0.0:lang/isArray.js (118)
Analyzing module mout@1.0.0:lang/isBoolean.js (119)
Analyzing module mout@1.0.0:lang/isDate.js (120)
Analyzing module mout@1.0.0:lang/isEmpty.js (121)
Analyzing module mout@1.0.0:lang/isFinite.js (122)
Analyzing module mout@1.0.0:lang/isFunction.js (123)
Analyzing module mout@1.0.0:lang/isInteger.js (124)
Analyzing module mout@1.0.0:lang/isKind.js (125)
Analyzing module mout@1.0.0:lang/isNaN.js (126)
Analyzing module mout@1.0.0:lang/isNull.js (127)
Analyzing module mout@1.0.0:lang/isNumber.js (128)
Analyzing module mout@1.0.0:lang/isObject.js (129)
Analyzing module mout@1.0.0:lang/isPlainObject.js (130)
Analyzing module mout@1.0.0:lang/isPrimitive.js (131)
Analyzing module mout@1.0.0:lang/isRegExp.js (132)
Analyzing module mout@1.0.0:lang/isString.js (133)
Analyzing module mout@1.0.0:lang/isUndefined.js (134)
Analyzing module mout@1.0.0:lang/isnt.js (135)
Analyzing module mout@1.0.0:lang/kindOf.js (136)
Analyzing module mout@1.0.0:lang/toArray.js (137)
Analyzing module mout@1.0.0:lang/toNumber.js (138)
Analyzing module mout@1.0.0:lang/toString.js (139)
Analyzing module mout@1.0.0:math/ceil.js (140)
Analyzing module mout@1.0.0:math/clamp.js (141)
Analyzing module mout@1.0.0:math/countSteps.js (142)
Analyzing module mout@1.0.0:math/floor.js (143)
Analyzing module mout@1.0.0:math/inRange.js (144)
Analyzing module mout@1.0.0:math/isNear.js (145)
Analyzing module mout@1.0.0:math/lerp.js (146)
Analyzing module mout@1.0.0:math/loop.js (147)
Analyzing module mout@1.0.0:math/map.js (148)
Analyzing module mout@1.0.0:math/norm.js (149)
Analyzing module mout@1.0.0:math/overflow.js (150)
Analyzing module mout@1.0.0:math/round.js (151)
Analyzing module mout@1.0.0:number/MAX_INT.js (152)
Analyzing module mout@1.0.0:number/MAX_SAFE_INTEGER.js (153)
Analyzing module mout@1.0.0:number/MAX_UINT.js (154)
Analyzing module mout@1.0.0:number/MIN_INT.js (155)
Analyzing module mout@1.0.0:number/abbreviate.js (156)
Analyzing module mout@1.0.0:number/currencyFormat.js (157)
Analyzing module mout@1.0.0:number/enforcePrecision.js (158)
Analyzing module mout@1.0.0:number/isNaN.js (159)
Analyzing module mout@1.0.0:number/nth.js (160)
Analyzing module mout@1.0.0:number/ordinal.js (161)
Analyzing module mout@1.0.0:number/pad.js (162)
Analyzing module mout@1.0.0:number/rol.js (163)
Analyzing module mout@1.0.0:number/ror.js (164)
Analyzing module mout@1.0.0:number/sign.js (165)
Analyzing module mout@1.0.0:number/toInt.js (166)
Analyzing module mout@1.0.0:number/toUInt.js (167)
Analyzing module mout@1.0.0:number/toUInt31.js (168)
Analyzing module mout@1.0.0:object/bindAll.js (169)
Analyzing module mout@1.0.0:object/contains.js (170)
Analyzing module mout@1.0.0:object/deepFillIn.js (171)
Analyzing module mout@1.0.0:object/deepMatches.js (172)
Analyzing module mout@1.0.0:object/deepMixIn.js (173)
Analyzing module mout@1.0.0:object/equals.js (174)
Analyzing module mout@1.0.0:object/every.js (175)
Analyzing module mout@1.0.0:object/fillIn.js (176)
Analyzing module mout@1.0.0:object/filter.js (177)
Analyzing module mout@1.0.0:object/find.js (178)
Analyzing module mout@1.0.0:object/flatten.js (179)
Analyzing module mout@1.0.0:object/forIn.js (180)
Analyzing module mout@1.0.0:object/forOwn.js (181)
Analyzing module mout@1.0.0:object/functions.js (182)
Analyzing module mout@1.0.0:object/get.js (183)
Analyzing module mout@1.0.0:object/has.js (184)
Analyzing module mout@1.0.0:object/hasOwn.js (185)
Analyzing module mout@1.0.0:object/keys.js (186)
Analyzing module mout@1.0.0:object/map.js (187)
Analyzing module mout@1.0.0:object/matches.js (188)
Analyzing module mout@1.0.0:object/max.js (189)
Analyzing module mout@1.0.0:object/merge.js (190)
Analyzing module mout@1.0.0:object/min.js (191)
Analyzing module mout@1.0.0:object/mixIn.js (192)
Analyzing module mout@1.0.0:object/namespace.js (193)
Analyzing module mout@1.0.0:object/omit.js (194)
Analyzing module mout@1.0.0:object/pick.js (195)
Analyzing module mout@1.0.0:object/pluck.js (196)
Analyzing module mout@1.0.0:object/reduce.js (197)
Analyzing module mout@1.0.0:object/reject.js (198)
Analyzing module mout@1.0.0:object/result.js (199)
Analyzing module mout@1.0.0:object/set.js (200)
Analyzing module mout@1.0.0:object/size.js (201)
Analyzing module mout@1.0.0:object/some.js (202)
Analyzing module mout@1.0.0:object/unset.js (203)
Analyzing module mout@1.0.0:object/values.js (204)
Analyzing module mout@1.0.0:queryString/contains.js (205)
Analyzing module mout@1.0.0:queryString/decode.js (206)
Analyzing module mout@1.0.0:queryString/encode.js (207)
Analyzing module mout@1.0.0:queryString/getParam.js (208)
Analyzing module mout@1.0.0:queryString/getQuery.js (209)
Analyzing module mout@1.0.0:queryString/parse.js (210)
Analyzing module mout@1.0.0:queryString/setParam.js (211)
Analyzing module mout@1.0.0:random/choice.js (212)
Analyzing module mout@1.0.0:random/guid.js (213)
Analyzing module mout@1.0.0:random/rand.js (214)
Analyzing module mout@1.0.0:random/randBit.js (215)
Analyzing module mout@1.0.0:random/randBool.js (216)
Analyzing module mout@1.0.0:random/randHex.js (217)
Analyzing module mout@1.0.0:random/randInt.js (218)
Analyzing module mout@1.0.0:random/randSign.js (219)
Analyzing module mout@1.0.0:random/randString.js (220)
Analyzing module mout@1.0.0:random/random.js (221)
Analyzing module mout@1.0.0:string/WHITE_SPACES.js (222)
Analyzing module mout@1.0.0:string/camelCase.js (223)
Analyzing module mout@1.0.0:string/contains.js (224)
Analyzing module mout@1.0.0:string/crop.js (225)
Analyzing module mout@1.0.0:string/endsWith.js (226)
Analyzing module mout@1.0.0:string/escapeHtml.js (227)
Analyzing module mout@1.0.0:string/escapeRegExp.js (228)
Analyzing module mout@1.0.0:string/escapeUnicode.js (229)
Analyzing module mout@1.0.0:string/hyphenate.js (230)
Analyzing module mout@1.0.0:string/insert.js (231)
Analyzing module mout@1.0.0:string/interpolate.js (232)
Analyzing module mout@1.0.0:string/lowerCase.js (233)
Analyzing module mout@1.0.0:string/lpad.js (234)
Analyzing module mout@1.0.0:string/ltrim.js (235)
Analyzing module mout@1.0.0:string/makePath.js (236)
Analyzing module mout@1.0.0:string/normalizeLineBreaks.js (237)
Analyzing module mout@1.0.0:string/pascalCase.js (238)
Analyzing module mout@1.0.0:string/properCase.js (239)
Analyzing module mout@1.0.0:string/removeNonASCII.js (240)
Analyzing module mout@1.0.0:string/removeNonWord.js (241)
Analyzing module mout@1.0.0:string/repeat.js (242)
Analyzing module mout@1.0.0:string/replace.js (243)
Analyzing module mout@1.0.0:string/replaceAccents.js (244)
Analyzing module mout@1.0.0:string/rpad.js (245)
Analyzing module mout@1.0.0:string/rtrim.js (246)
Analyzing module mout@1.0.0:string/sentenceCase.js (247)
Analyzing module mout@1.0.0:string/slugify.js (248)
Analyzing module mout@1.0.0:string/startsWith.js (249)
Analyzing module mout@1.0.0:string/stripHtmlTags.js (250)
Analyzing module mout@1.0.0:string/trim.js (251)
Analyzing module mout@1.0.0:string/truncate.js (252)
Analyzing module mout@1.0.0:string/typecast.js (253)
Analyzing module mout@1.0.0:string/unCamelCase.js (254)
Analyzing module mout@1.0.0:string/underscore.js (255)
Analyzing module mout@1.0.0:string/unescapeHtml.js (256)
Analyzing module mout@1.0.0:string/unescapeUnicode.js (257)
Analyzing module mout@1.0.0:string/unhyphenate.js (258)
Analyzing module mout@1.0.0:string/upperCase.js (259)
Analyzing module mout@1.0.0:time/convert.js (260)
Analyzing module mout@1.0.0:time/now.js (261)
Analyzing module mout@1.0.0:time/parseMs.js (262)
Analyzing module mout@1.0.0:time/toTimeString.js (263)
Analyzing module mout@1.0.0:date/i18n/en-US.js (264)
Analyzed packages: 2, modules: 264, functions: 353, code size main: 1KB, dependencies: 142KB
Call edges function->function: 1026, call->function: 1114
Calls with zero or one callee: 525/1381 (38.02%), multiple: 35/1381 (2.53%), native or external: 821/1381 (59.45%)
Functions with zero callers: 136/353 (38.53%), reachable functions: 100/353 (28.33%)
Analysis time: 511ms, memory usage: 76MB (without --gc)
Analysis errors: 0, warnings: 52 (show all with --warnings-unsupported)
