Analyzing module <anonymous>:merge-deep.test.js (1)
Analyzing module merge-deep@3.0.0:index.js (2)
Analyzing module merge-deep@3.0.0:utils.js (3)
Analyzing module lazy-cache@1.0.4:index.js (4)
Analyzing module arr-union@3.1.0:index.js (5)
Analyzing module clone-deep@0.2.4:index.js (6)
Analyzing module kind-of@3.2.2:index.js (7)
Analyzing module clone-deep@0.2.4:utils.js (8)
Analyzing module is-buffer@1.1.6:index.js (9)
Analyzing module is-plain-object@2.0.4:index.js (10)
Analyzing module shallow-clone@0.1.2:index.js (11)
Analyzing module for-own@0.1.5:index.js (12)
Analyzing module isobject@3.0.1:index.js (13)
Analyzing module shallow-clone@0.1.2:utils.js (14)
Analyzing module for-in@1.0.2:index.js (15)
Analyzing module lazy-cache@0.2.7:index.js (16)
Analyzing module is-extendable@0.1.1:index.js (17)
Analyzing module mixin-object@2.0.1:index.js (18)
Analyzing module kind-of@2.0.1:index.js (19)
Analyzing module for-in@0.1.8:index.js (20)
Analyzed packages: 17, modules: 20, functions: 40, code size main: 1KB, dependencies: 16KB
Call edges function->function: 33, call->function: 37
Calls with zero or one callee: 70/117 (59.83%), multiple: 0/117 (0.00%), native or external: 47/117 (40.17%)
Functions with zero callers: 16/40 (40.00%), reachable functions: 7/40 (17.50%)
Analysis time: 110ms, memory usage: 36MB (without --gc)
Analysis errors: 0, warnings: 13 (show all with --warnings-unsupported)
