Analyzing module <anonymous>:fast-json-patch.test.js (1)
Analyzing module fast-json-patch@2.0.4:lib/duplex.js (2)
Analyzing module deep-equal@1.1.2:index.js (3)
Analyzing module fast-json-patch@2.0.4:lib/helpers.js (4)
Analyzing module fast-json-patch@2.0.4:lib/core.js (5)
Analyzing module object-keys@1.1.1:index.js (6)
Analyzing module is-arguments@1.1.1:index.js (7)
Analyzing module object-is@1.1.6:index.js (8)
Analyzing module is-regex@1.2.1:index.js (9)
Analyzing module regexp.prototype.flags@1.5.4:index.js (10)
Analyzing module is-date-object@1.1.0:index.js (11)
Analyzing module object-keys@1.1.1:isArguments.js (12)
Analyzing module object-keys@1.1.1:implementation.js (13)
Analyzing module has-tostringtag@1.0.2:shams.js (14)
Analyzing module call-bind@1.0.9:callBound.js (15)
Analyzing module define-properties@1.2.1:index.js (16)
Analyzing module call-bind@1.0.9:index.js (17)
Analyzing module object-is@1.1.6:implementation.js (18)
Analyzing module object-is@1.1.6:polyfill.js (19)
Analyzing module object-is@1.1.6:shim.js (20)
Analyzing module call-bound@1.0.4:index.js (21)
Analyzing module hasown@2.0.4:index.js (22)
Analyzing module gopd@1.2.0:index.js (23)
Analyzing module regexp.prototype.flags@1.5.4:implementation.js (24)
Analyzing module regexp.prototype.flags@1.5.4:polyfill.js (25)
Analyzing module regexp.prototype.flags@1.5.4:shim.js (26)
Analyzing module has-symbols@1.1.0:shams.js (27)
Analyzing module get-intrinsic@1.3.0:index.js (28)
Analyzing module define-data-property@1.1.4:index.js (29)
Analyzing module has-property-descriptors@1.0.2:index.js (30)
Analyzing module set-function-length@1.2.2:index.js (31)
Analyzing module es-define-property@1.0.1:index.js (32)
Analyzing module call-bind-apply-helpers@1.0.2:index.js (33)
Analyzing module call-bind-apply-helpers@1.0.2:applyBind.js (34)
Analyzing module function-bind@1.1.2:index.js (35)
Analyzing module gopd@1.2.0:gOPD.js (36)
Analyzing module set-function-name@2.0.2:index.js (37)
Analyzing module es-errors@1.3.0:type.js (38)
Analyzing module es-errors@1.3.0:index.js (39)
Analyzing module get-proto@1.0.1:index.js (40)
Analyzing module es-object-atoms@1.1.2:index.js (41)
Analyzing module es-errors@1.3.0:eval.js (42)
Analyzing module es-errors@1.3.0:range.js (43)
Analyzing module es-errors@1.3.0:ref.js (44)
Analyzing module es-errors@1.3.0:syntax.js (45)
Analyzing module es-errors@1.3.0:uri.js (46)
Analyzing module math-intrinsics@1.1.0:abs.js (47)
Analyzing module math-intrinsics@1.1.0:floor.js (48)
Analyzing module math-intrinsics@1.1.0:max.js (49)
Analyzing module math-intrinsics@1.1.0:min.js (50)
Analyzing module math-intrinsics@1.1.0:pow.js (51)
Analyzing module math-intrinsics@1.1.0:round.js (52)
Analyzing module math-intrinsics@1.1.0:sign.js (53)
Analyzing module has-symbols@1.1.0:index.js (54)
Analyzing module get-proto@1.0.1:Object.getPrototypeOf.js (55)
Analyzing module get-proto@1.0.1:Reflect.getPrototypeOf.js (56)
Analyzing module call-bind-apply-helpers@1.0.2:functionApply.js (57)
Analyzing module call-bind-apply-helpers@1.0.2:functionCall.js (58)
Analyzing module call-bind-apply-helpers@1.0.2:actualApply.js (59)
Analyzing module function-bind@1.1.2:implementation.js (60)
Analyzing module functions-have-names@1.2.3:index.js (61)
Analyzing module dunder-proto@1.0.1:get.js (62)
Analyzing module math-intrinsics@1.1.0:isNaN.js (63)
Analyzing module call-bind-apply-helpers@1.0.2:reflectApply.js (64)
Analyzed packages: 30, modules: 64, functions: 121, code size main: 1KB, dependencies: 77KB
Call edges function->function: 166, call->function: 257
Calls with zero or one callee: 232/523 (44.36%), multiple: 24/523 (4.59%), native or external: 267/523 (51.05%)
Functions with zero callers: 37/121 (30.58%), reachable functions: 69/121 (57.02%)
Analysis time: 279ms, memory usage: 74MB (without --gc)
Analysis errors: 0, warnings: 49 (show all with --warnings-unsupported)
