Analyzing module <anonymous>:nedb.test.js (1)
Analyzing module nedb@1.8.0:index.js (2)
Analyzing module nedb@1.8.0:lib/datastore.js (3)
Analyzing module nedb@1.8.0:lib/customUtils.js (4)
Analyzing module nedb@1.8.0:lib/model.js (5)
Analyzing module async@0.2.10:lib/async.js (6)
Analyzing module nedb@1.8.0:lib/executor.js (7)
Analyzing module nedb@1.8.0:lib/indexes.js (8)
Analyzing module underscore@1.4.4:underscore.js (9)
Analyzing module nedb@1.8.0:lib/persistence.js (10)
Analyzing module nedb@1.8.0:lib/cursor.js (11)
Analyzing module binary-search-tree@0.2.5:index.js (12)
Analyzing module nedb@1.8.0:lib/storage.js (13)
Analyzing module binary-search-tree@0.2.5:lib/bst.js (14)
Analyzing module binary-search-tree@0.2.5:lib/avltree.js (15)
Analyzing module mkdirp@0.5.6:index.js (16)
Analyzing module binary-search-tree@0.2.5:lib/customUtils.js (17)
Analyzed packages: 6, modules: 17, functions: 609, code size main: 1KB, dependencies: 178KB
Call edges function->function: 1244, call->function: 1695
Calls with zero or one callee: 625/1370 (45.62%), multiple: 211/1370 (15.40%), native or external: 534/1370 (38.98%)
Functions with zero callers: 188/609 (30.87%), reachable functions: 355/609 (58.29%)
Analysis time: 478ms, memory usage: 91MB (without --gc)
Analysis errors: 0, warnings: 113 (show all with --warnings-unsupported)
