Analyzing module <anonymous>:node-forge.test.js (1)
Analyzing module node-forge@0.9.0:lib/index.js (2)
Analyzing module node-forge@0.9.0:lib/forge.js (3)
Analyzing module node-forge@0.9.0:lib/aes.js (4)
Analyzing module node-forge@0.9.0:lib/aesCipherSuites.js (5)
Analyzing module node-forge@0.9.0:lib/asn1.js (6)
Analyzing module node-forge@0.9.0:lib/cipher.js (7)
Analyzing module node-forge@0.9.0:lib/debug.js (8)
Analyzing module node-forge@0.9.0:lib/des.js (9)
Analyzing module node-forge@0.9.0:lib/ed25519.js (10)
Analyzing module node-forge@0.9.0:lib/hmac.js (11)
Analyzing module node-forge@0.9.0:lib/kem.js (12)
Analyzing module node-forge@0.9.0:lib/log.js (13)
Analyzing module node-forge@0.9.0:lib/md.all.js (14)
Analyzing module node-forge@0.9.0:lib/mgf1.js (15)
Analyzing module node-forge@0.9.0:lib/pbkdf2.js (16)
Analyzing module node-forge@0.9.0:lib/pem.js (17)
Analyzing module node-forge@0.9.0:lib/pkcs1.js (18)
Analyzing module node-forge@0.9.0:lib/pkcs12.js (19)
Analyzing module node-forge@0.9.0:lib/pkcs7.js (20)
Analyzing module node-forge@0.9.0:lib/pki.js (21)
Analyzing module node-forge@0.9.0:lib/prime.js (22)
Analyzing module node-forge@0.9.0:lib/prng.js (23)
Analyzing module node-forge@0.9.0:lib/pss.js (24)
Analyzing module node-forge@0.9.0:lib/random.js (25)
Analyzing module node-forge@0.9.0:lib/rc2.js (26)
Analyzing module node-forge@0.9.0:lib/ssh.js (27)
Analyzing module node-forge@0.9.0:lib/task.js (28)
Analyzing module node-forge@0.9.0:lib/tls.js (29)
Analyzing module node-forge@0.9.0:lib/util.js (30)
Analyzing module node-forge@0.9.0:lib/cipherModes.js (31)
Analyzing module node-forge@0.9.0:lib/oids.js (32)
Analyzing module node-forge@0.9.0:lib/jsbn.js (33)
Analyzing module node-forge@0.9.0:lib/sha512.js (34)
Analyzing module node-forge@0.9.0:lib/asn1-validator.js (35)
Analyzing module node-forge@0.9.0:lib/md.js (36)
Analyzing module node-forge@0.9.0:lib/md5.js (37)
Analyzing module node-forge@0.9.0:lib/sha1.js (38)
Analyzing module node-forge@0.9.0:lib/sha256.js (39)
Analyzing module node-forge@0.9.0:lib/pkcs7asn1.js (40)
Analyzing module node-forge@0.9.0:lib/pbe.js (41)
Analyzing module node-forge@0.9.0:lib/rsa.js (42)
Analyzing module node-forge@0.9.0:lib/x509.js (43)
Analyzing module node-forge@0.9.0:lib/baseN.js (44)
Analyzing module node-forge@0.9.0:lib/mgf.js (45)
Analyzed packages: 2, modules: 45, functions: 845, code size main: 1KB, dependencies: 854KB
Call edges function->function: 2200, call->function: 3470
Calls with zero or one callee: 3516/4818 (72.98%), multiple: 114/4818 (2.37%), native or external: 1188/4818 (24.66%)
Functions with zero callers: 240/845 (28.40%), reachable functions: 219/845 (25.92%)
Analysis time: 1371ms, memory usage: 234MB (without --gc)
Analysis errors: 0, warnings: 254 (show all with --warnings-unsupported)
