Analyzing module <anonymous>:tsed-core.test.js (1)
Analyzing module @tsed/core@5.62.3:lib/index.js (2)
Analyzing module tslib@1.11.0:tslib.js (3)
Analyzing module source-map-support@0.5.19:source-map-support.js (4)
Analyzing module reflect-metadata@0.1.14:Reflect.js (5)
Analyzing module @tsed/core@5.62.3:lib/interfaces/index.js (6)
Analyzing module @tsed/core@5.62.3:lib/utils/index.js (7)
Analyzing module @tsed/core@5.62.3:lib/class/Metadata.js (8)
Analyzing module @tsed/core@5.62.3:lib/class/Hooks.js (9)
Analyzing module @tsed/core@5.62.3:lib/class/Registry.js (10)
Analyzing module @tsed/core@5.62.3:lib/class/ProxyMap.js (11)
Analyzing module @tsed/core@5.62.3:lib/class/ProxyRegistry.js (12)
Analyzing module @tsed/core@5.62.3:lib/class/Store.js (13)
Analyzing module @tsed/core@5.62.3:lib/class/Storable.js (14)
Analyzing module @tsed/core@5.62.3:lib/class/Entity.js (15)
Analyzing module @tsed/core@5.62.3:lib/decorators/index.js (16)
Analyzing module source-map@0.6.1:source-map.js (17)
Analyzing module buffer-from@1.1.2:index.js (18)
Analyzing module @tsed/core@5.62.3:lib/interfaces/Type.js (19)
Analyzing module @tsed/core@5.62.3:lib/interfaces/Env.js (20)
Analyzing module @tsed/core@5.62.3:lib/utils/applyBefore.js (21)
Analyzing module @tsed/core@5.62.3:lib/utils/catchError.js (22)
Analyzing module @tsed/core@5.62.3:lib/utils/DecoratorUtils.js (23)
Analyzing module @tsed/core@5.62.3:lib/utils/deepExtends.js (24)
Analyzing module @tsed/core@5.62.3:lib/utils/deepClone.js (25)
Analyzing module @tsed/core@5.62.3:lib/utils/deepMerge.js (26)
Analyzing module @tsed/core@5.62.3:lib/utils/getValue.js (27)
Analyzing module @tsed/core@5.62.3:lib/utils/setValue.js (28)
Analyzing module @tsed/core@5.62.3:lib/utils/cleanObject.js (29)
Analyzing module @tsed/core@5.62.3:lib/utils/ObjectUtils.js (30)
Analyzing module @tsed/core@5.62.3:lib/utils/uniq.js (31)
Analyzing module @tsed/core@5.62.3:lib/decorators/deprecated.js (32)
Analyzing module @tsed/core@5.62.3:lib/decorators/configurable.js (33)
Analyzing module @tsed/core@5.62.3:lib/decorators/enumerable.js (34)
Analyzing module @tsed/core@5.62.3:lib/decorators/writable.js (35)
Analyzing module @tsed/core@5.62.3:lib/decorators/readOnly.js (36)
Analyzing module @tsed/core@5.62.3:lib/decorators/notConfigurable.js (37)
Analyzing module @tsed/core@5.62.3:lib/decorators/notEnumerable.js (38)
Analyzing module @tsed/core@5.62.3:lib/decorators/storeSet.js (39)
Analyzing module @tsed/core@5.62.3:lib/decorators/storeMerge.js (40)
Analyzing module @tsed/core@5.62.3:lib/decorators/storeFn.js (41)
Analyzing module source-map@0.6.1:lib/source-map-generator.js (42)
Analyzing module source-map@0.6.1:lib/source-map-consumer.js (43)
Analyzing module source-map@0.6.1:lib/source-node.js (44)
Analyzing module source-map@0.6.1:lib/base64-vlq.js (45)
Analyzing module source-map@0.6.1:lib/util.js (46)
Analyzing module source-map@0.6.1:lib/array-set.js (47)
Analyzing module source-map@0.6.1:lib/mapping-list.js (48)
Analyzing module source-map@0.6.1:lib/binary-search.js (49)
Analyzing module source-map@0.6.1:lib/quick-sort.js (50)
Analyzing module source-map@0.6.1:lib/base64.js (51)
Analyzed packages: 7, modules: 51, functions: 510, code size main: 1KB, dependencies: 255KB
Call edges function->function: 527, call->function: 687
Calls with zero or one callee: 892/1451 (61.47%), multiple: 27/1451 (1.86%), native or external: 532/1451 (36.66%)
Functions with zero callers: 232/510 (45.49%), reachable functions: 38/510 (7.45%)
Analysis time: 456ms, memory usage: 87MB (without --gc)
Analysis errors: 0, warnings: 81 (show all with --warnings-unsupported)
