Analyzing module <anonymous>:deeply.test.js (1)
Analyzing module deeply@3.0.0:index.js (2)
Analyzing module deeply@3.0.0:flags.js (3)
Analyzing module deeply@3.0.0:adapters.js (4)
Analyzing module deeply@3.0.0:mutable.js (5)
Analyzing module deeply@3.0.0:immutable.js (6)
Analyzing module deeply@3.0.0:adapters/array.js (7)
Analyzing module deeply@3.0.0:adapters/date.js (8)
Analyzing module deeply@3.0.0:adapters/object.js (9)
Analyzing module deeply@3.0.0:extra/arrays_combine.js (10)
Analyzing module deeply@3.0.0:extra/arrays_append.js (11)
Analyzing module deeply@3.0.0:extra/arrays_append_unique.js (12)
Analyzing module deeply@3.0.0:extra/functions_clone.js (13)
Analyzing module deeply@3.0.0:extra/functions_extend.js (14)
Analyzing module deeply@3.0.0:merge.js (15)
Analyzing module deeply@3.0.0:lib/reduce_object.js (16)
Analyzing module fulcon@2.0.0:index.js (17)
Analyzing module precise-typeof@2.0.1:index.js (18)
Analyzed packages: 4, modules: 18, functions: 25, code size main: 1KB, dependencies: 14KB
Call edges function->function: 20, call->function: 21
Calls with zero or one callee: 32/91 (35.16%), multiple: 1/91 (1.10%), native or external: 58/91 (63.74%)
Functions with zero callers: 9/25 (36.00%), reachable functions: 9/25 (36.00%)
Analysis time: 92ms, memory usage: 40MB (without --gc)
Analysis errors: 0, warnings: 2 (show all with --warnings-unsupported)
