Analyzing module <anonymous>:decal.test.js (1)
Analyzing module decal@2.0.0:src/index.js (2)
Analyzing module decal@2.0.0:src/core/Array.js (3)
Analyzing module decal@2.0.0:src/core/Class.js (4)
Analyzing module decal@2.0.0:src/core/CoreObject.js (5)
Analyzing module decal@2.0.0:src/core/Object.js (6)
Analyzing module decal@2.0.0:src/data/Adapter.js (7)
Analyzing module decal@2.0.0:src/data/attr.js (8)
Analyzing module decal@2.0.0:src/data/belongsTo.js (9)
Analyzing module decal@2.0.0:src/data/Collection.js (10)
Analyzing module decal@2.0.0:src/data/hasMany.js (11)
Analyzing module decal@2.0.0:src/data/hasOne.js (12)
Analyzing module decal@2.0.0:src/data/Model.js (13)
Analyzing module decal@2.0.0:src/data/Store.js (14)
Analyzing module decal@2.0.0:src/utils/alias.js (15)
Analyzing module decal@2.0.0:src/utils/assert.js (16)
Analyzing module decal@2.0.0:src/utils/bindFunction.js (17)
Analyzing module decal@2.0.0:src/utils/clone.js (18)
Analyzing module decal@2.0.0:src/utils/computed.js (19)
Analyzing module decal@2.0.0:src/utils/createDescriptor.js (20)
Analyzing module decal@2.0.0:src/utils/error.js (21)
Analyzing module decal@2.0.0:src/utils/expandProps.js (22)
Analyzing module decal@2.0.0:src/utils/extend.js (23)
Analyzing module decal@2.0.0:src/utils/flatten.js (24)
Analyzing module decal@2.0.0:src/utils/get.js (25)
Analyzing module decal@2.0.0:src/utils/getObjKeyPair.js (26)
Analyzing module decal@2.0.0:src/utils/intersect.js (27)
Analyzing module decal@2.0.0:src/utils/isFunction.js (28)
Analyzing module decal@2.0.0:src/utils/isObject.js (29)
Analyzing module decal@2.0.0:src/utils/merge.js (30)
Analyzing module decal@2.0.0:src/utils/params.js (31)
Analyzing module decal@2.0.0:src/utils/set.js (32)
Analyzing module decal@2.0.0:src/utils/trim.js (33)
Analyzing module decal@2.0.0:src/utils/warn.js (34)
Analyzing module decal@2.0.0:src/utils/PromiseQueue.js (35)
Analyzed packages: 2, modules: 35, functions: 231, code size main: 1KB, dependencies: 76KB
Call edges function->function: 2140, call->function: 3227
Calls with zero or one callee: 313/688 (45.49%), multiple: 135/688 (19.62%), native or external: 240/688 (34.88%)
Functions with zero callers: 39/231 (16.88%), reachable functions: 147/231 (63.64%)
Analysis time: 573ms, memory usage: 117MB (without --gc)
Analysis errors: 0, warnings: 157 (show all with --warnings-unsupported)
