Analyzing module <anonymous>:mathjs.test.js (1)
Analyzing module mathjs@7.4.0:main/es5/index.js (2)
Analyzing module mathjs@7.4.0:lib/entry/mainAny.js (3)
Analyzing module mathjs@7.4.0:lib/entry/configReadonly.js (4)
Analyzing module mathjs@7.4.0:lib/entry/pureFunctionsAny.generated.js (5)
Analyzing module mathjs@7.4.0:lib/entry/impureFunctionsAny.generated.js (6)
Analyzing module mathjs@7.4.0:lib/entry/typeChecks.js (7)
Analyzing module mathjs@7.4.0:lib/error/IndexError.js (8)
Analyzing module mathjs@7.4.0:lib/error/DimensionError.js (9)
Analyzing module mathjs@7.4.0:lib/error/ArgumentsError.js (10)
Analyzing module mathjs@7.4.0:lib/entry/dependenciesAny.generated.js (11)
Analyzing module mathjs@7.4.0:lib/factoriesAny.js (12)
Analyzing module mathjs@7.4.0:lib/core/create.js (13)
Analyzing module mathjs@7.4.0:lib/utils/factory.js (14)
Analyzing module mathjs@7.4.0:lib/core/config.js (15)
Analyzing module mathjs@7.4.0:lib/core/function/config.js (16)
Analyzing module mathjs@7.4.0:lib/expression/embeddedDocs/embeddedDocs.js (17)
Analyzing module mathjs@7.4.0:lib/utils/is.js (18)
Analyzing module mathjs@7.4.0:lib/entry/dependenciesAny/dependenciesTyped.generated.js (19)
Analyzing module mathjs@7.4.0:lib/entry/dependenciesAny/dependenciesResultSet.generated.js (20)
Analyzing module mathjs@7.4.0:lib/entry/dependenciesAny/dependenciesBigNumberClass.generated.js (21)
Analyzing module mathjs@7.4.0:lib/entry/dependenciesAny/dependenciesComplexClass.generated.js (22)
Analyzing module mathjs@7.4.0:lib/entry/dependenciesAny/dependenciesFractionClass.generated.js (23)
Analyzing module mathjs@7.4.0:lib/entry/dependenciesAny/dependenciesRangeClass.generated.js (24)
Analyzing module mathjs@7.4.0:lib/entry/dependenciesAny/dependenciesMatrixClass.generated.js (25)
Analyzing module mathjs@7.4.0:lib/entry/dependenciesAny/dependenciesDenseMatrixClass.generated.js (26)
Analyzing module mathjs@7.4.0:lib/entry/dependenciesAny/dependenciesClone.generated.js (27)
Analyzing module mathjs@7.4.0:lib/entry/dependenciesAny/dependenciesIsInteger.generated.js (28)
Analyzing module mathjs@7.4.0:lib/entry/dependenciesAny/dependenciesIsNegative.generated.js (29)
Analyzing module mathjs@7.4.0:lib/entry/dependenciesAny/dependenciesIsNumeric.generated.js (30)
Analyzing module mathjs@7.4.0:lib/entry/dependenciesAny/dependenciesHasNumericValue.generated.js (31)
Analyzing module mathjs@7.4.0:lib/entry/dependenciesAny/dependenciesIsPositive.generated.js (32)
Analyzing module mathjs@7.4.0:lib/entry/dependenciesAny/dependenciesIsZero.generated.js (33)
Analyzing module mathjs@7.4.0:lib/entry/dependenciesAny/dependenciesIsNaN.generated.js (34)
Analyzing module mathjs@7.4.0:lib/entry/dependenciesAny/dependenciesTypeOf.generated.js (35)
Analyzing module mathjs@7.4.0:lib/entry/dependenciesAny/dependenciesEqualScalar.generated.js (36)
Analyzing module mathjs@7.4.0:lib/entry/dependenciesAny/dependenciesSparseMatrixClass.generated.js (37)
Analyzing module mathjs@7.4.0:lib/entry/dependenciesAny/dependenciesNumber.generated.js (38)
Analyzing module mathjs@7.4.0:lib/entry/dependenciesAny/dependenciesString.generated.js (39)
Analyzing module mathjs@7.4.0:lib/entry/dependenciesAny/dependenciesBoolean.generated.js (40)
Analyzing module mathjs@7.4.0:lib/entry/dependenciesAny/dependenciesBignumber.generated.js (41)
Analyzing module mathjs@7.4.0:lib/entry/dependenciesAny/dependenciesComplex.generated.js (42)
Analyzing module mathjs@7.4.0:lib/entry/dependenciesAny/dependenciesFraction.generated.js (43)
Analyzing module mathjs@7.4.0:lib/entry/dependenciesAny/dependenciesMatrix.generated.js (44)
Analyzing module mathjs@7.4.0:lib/entry/dependenciesAny/dependenciesSplitUnit.generated.js (45)
Analyzing module mathjs@7.4.0:lib/entry/dependenciesAny/dependenciesUnaryMinus.generated.js (46)
Analyzing module mathjs@7.4.0:lib/entry/dependenciesAny/dependenciesUnaryPlus.generated.js (47)
Analyzing module mathjs@7.4.0:lib/entry/dependenciesAny/dependenciesAbs.generated.js (48)
Analyzing module mathjs@7.4.0:lib/entry/dependenciesAny/dependenciesApply.generated.js (49)
Analyzing module mathjs@7.4.0:lib/entry/dependenciesAny/dependenciesAddScalar.generated.js (50)
Analyzing module mathjs@7.4.0:lib/entry/dependenciesAny/dependenciesCbrt.generated.js (51)
Analyzing module mathjs@7.4.0:lib/entry/dependenciesAny/dependenciesCeil.generated.js (52)
Analyzing module mathjs@7.4.0:lib/entry/dependenciesAny/dependenciesCube.generated.js (53)
Analyzing module mathjs@7.4.0:lib/entry/dependenciesAny/dependenciesExp.generated.js (54)
Analyzing module mathjs@7.4.0:lib/entry/dependenciesAny/dependenciesExpm1.generated.js (55)
Analyzing module mathjs@7.4.0:lib/entry/dependenciesAny/dependenciesFix.generated.js (56)
Analyzing module mathjs@7.4.0:lib/entry/dependenciesAny/dependenciesFloor.generated.js (57)
Analyzing module mathjs@7.4.0:lib/entry/dependenciesAny/dependenciesGcd.generated.js (58)
Analyzing module mathjs@7.4.0:lib/entry/dependenciesAny/dependenciesLcm.generated.js (59)
Analyzing module mathjs@7.4.0:lib/entry/dependenciesAny/dependenciesLog10.generated.js (60)
Analyzing module mathjs@7.4.0:lib/entry/dependenciesAny/dependenciesLog2.generated.js (61)
Analyzing module mathjs@7.4.0:lib/entry/dependenciesAny/dependenciesMod.generated.js (62)
Analyzing module mathjs@7.4.0:lib/entry/dependenciesAny/dependenciesMultiplyScalar.generated.js (63)
Analyzing module mathjs@7.4.0:lib/entry/dependenciesAny/dependenciesMultiply.generated.js (64)
Analyzing module mathjs@7.4.0:lib/entry/dependenciesAny/dependenciesNthRoot.generated.js (65)
Analyzing module mathjs@7.4.0:lib/entry/dependenciesAny/dependenciesSign.generated.js (66)
Analyzing module mathjs@7.4.0:lib/entry/dependenciesAny/dependenciesSqrt.generated.js (67)
Analyzing module mathjs@7.4.0:lib/entry/dependenciesAny/dependenciesSquare.generated.js (68)
Analyzing module mathjs@7.4.0:lib/entry/dependenciesAny/dependenciesSubtract.generated.js (69)
Analyzing module mathjs@7.4.0:lib/entry/dependenciesAny/dependenciesXgcd.generated.js (70)
Analyzing module mathjs@7.4.0:lib/entry/dependenciesAny/dependenciesDotMultiply.generated.js (71)
Analyzing module mathjs@7.4.0:lib/entry/dependenciesAny/dependenciesBitAnd.generated.js (72)
Analyzing module mathjs@7.4.0:lib/entry/dependenciesAny/dependenciesBitNot.generated.js (73)
Analyzing module mathjs@7.4.0:lib/entry/dependenciesAny/dependenciesBitOr.generated.js (74)
Analyzing module mathjs@7.4.0:lib/entry/dependenciesAny/dependenciesBitXor.generated.js (75)
Analyzing module mathjs@7.4.0:lib/entry/dependenciesAny/dependenciesArg.generated.js (76)
Analyzing module mathjs@7.4.0:lib/entry/dependenciesAny/dependenciesConj.generated.js (77)
Analyzing module mathjs@7.4.0:lib/entry/dependenciesAny/dependenciesIm.generated.js (78)
Analyzing module mathjs@7.4.0:lib/entry/dependenciesAny/dependenciesRe.generated.js (79)
Analyzing module mathjs@7.4.0:lib/entry/dependenciesAny/dependenciesNot.generated.js (80)
Analyzing module mathjs@7.4.0:lib/entry/dependenciesAny/dependenciesOr.generated.js (81)
Analyzing module mathjs@7.4.0:lib/entry/dependenciesAny/dependenciesXor.generated.js (82)
Analyzing module mathjs@7.4.0:lib/entry/dependenciesAny/dependenciesConcat.generated.js (83)
Analyzing module mathjs@7.4.0:lib/entry/dependenciesAny/dependenciesColumn.generated.js (84)
Analyzing module mathjs@7.4.0:lib/entry/dependenciesAny/dependenciesCross.generated.js (85)
Analyzing module mathjs@7.4.0:lib/entry/dependenciesAny/dependenciesDiag.generated.js (86)
Analyzing module mathjs@7.4.0:lib/entry/dependenciesAny/dependenciesFilter.generated.js (87)
Analyzing module mathjs@7.4.0:lib/entry/dependenciesAny/dependenciesFlatten.generated.js (88)
Analyzing module mathjs@7.4.0:lib/entry/dependenciesAny/dependenciesForEach.generated.js (89)
Analyzing module mathjs@7.4.0:lib/entry/dependenciesAny/dependenciesGetMatrixDataType.generated.js (90)
Analyzing module mathjs@7.4.0:lib/entry/dependenciesAny/dependenciesIdentity.generated.js (91)
Analyzing module mathjs@7.4.0:lib/entry/dependenciesAny/dependenciesKron.generated.js (92)
Analyzing module mathjs@7.4.0:lib/entry/dependenciesAny/dependenciesMap.generated.js (93)
Analyzing module mathjs@7.4.0:lib/entry/dependenciesAny/dependenciesDiff.generated.js (94)
Analyzing module mathjs@7.4.0:lib/entry/dependenciesAny/dependenciesOnes.generated.js (95)
Analyzing module mathjs@7.4.0:lib/entry/dependenciesAny/dependenciesRange.generated.js (96)
Analyzing module mathjs@7.4.0:lib/entry/dependenciesAny/dependenciesReshape.generated.js (97)
Analyzing module mathjs@7.4.0:lib/entry/dependenciesAny/dependenciesResize.generated.js (98)
Analyzing module mathjs@7.4.0:lib/entry/dependenciesAny/dependenciesRotationMatrix.generated.js (99)
Analyzing module mathjs@7.4.0:lib/entry/dependenciesAny/dependenciesRow.generated.js (100)
Analyzing module mathjs@7.4.0:lib/entry/dependenciesAny/dependenciesSize.generated.js (101)
Analyzing module mathjs@7.4.0:lib/entry/dependenciesAny/dependenciesSqueeze.generated.js (102)
Analyzing module mathjs@7.4.0:lib/entry/dependenciesAny/dependenciesSubset.generated.js (103)
Analyzing module mathjs@7.4.0:lib/entry/dependenciesAny/dependenciesTranspose.generated.js (104)
Analyzing module mathjs@7.4.0:lib/entry/dependenciesAny/dependenciesCtranspose.generated.js (105)
Analyzing module mathjs@7.4.0:lib/entry/dependenciesAny/dependenciesZeros.generated.js (106)
Analyzing module mathjs@7.4.0:lib/entry/dependenciesAny/dependenciesErf.generated.js (107)
Analyzing module mathjs@7.4.0:lib/entry/dependenciesAny/dependenciesMode.generated.js (108)
Analyzing module mathjs@7.4.0:lib/entry/dependenciesAny/dependenciesProd.generated.js (109)
Analyzing module mathjs@7.4.0:lib/entry/dependenciesAny/dependenciesFormat.generated.js (110)
Analyzing module mathjs@7.4.0:lib/entry/dependenciesAny/dependenciesBin.generated.js (111)
Analyzing module mathjs@7.4.0:lib/entry/dependenciesAny/dependenciesOct.generated.js (112)
Analyzing module mathjs@7.4.0:lib/entry/dependenciesAny/dependenciesHex.generated.js (113)
Analyzing module mathjs@7.4.0:lib/entry/dependenciesAny/dependenciesPrint.generated.js (114)
Analyzing module mathjs@7.4.0:lib/entry/dependenciesAny/dependenciesTo.generated.js (115)
Analyzing module mathjs@7.4.0:lib/entry/dependenciesAny/dependenciesIsPrime.generated.js (116)
Analyzing module mathjs@7.4.0:lib/entry/dependenciesAny/dependenciesNumeric.generated.js (117)
Analyzing module mathjs@7.4.0:lib/entry/dependenciesAny/dependenciesDivideScalar.generated.js (118)
Analyzing module mathjs@7.4.0:lib/entry/dependenciesAny/dependenciesPow.generated.js (119)
Analyzing module mathjs@7.4.0:lib/entry/dependenciesAny/dependenciesRound.generated.js (120)
Analyzing module mathjs@7.4.0:lib/entry/dependenciesAny/dependenciesLog.generated.js (121)
Analyzing module mathjs@7.4.0:lib/entry/dependenciesAny/dependenciesLog1p.generated.js (122)
Analyzing module mathjs@7.4.0:lib/entry/dependenciesAny/dependenciesNthRoots.generated.js (123)
Analyzing module mathjs@7.4.0:lib/entry/dependenciesAny/dependenciesDotPow.generated.js (124)
Analyzing module mathjs@7.4.0:lib/entry/dependenciesAny/dependenciesDotDivide.generated.js (125)
Analyzing module mathjs@7.4.0:lib/entry/dependenciesAny/dependenciesLsolve.generated.js (126)
Analyzing module mathjs@7.4.0:lib/entry/dependenciesAny/dependenciesUsolve.generated.js (127)
Analyzing module mathjs@7.4.0:lib/entry/dependenciesAny/dependenciesLsolveAll.generated.js (128)
Analyzing module mathjs@7.4.0:lib/entry/dependenciesAny/dependenciesUsolveAll.generated.js (129)
Analyzing module mathjs@7.4.0:lib/entry/dependenciesAny/dependenciesLeftShift.generated.js (130)
Analyzing module mathjs@7.4.0:lib/entry/dependenciesAny/dependenciesRightArithShift.generated.js (131)
Analyzing module mathjs@7.4.0:lib/entry/dependenciesAny/dependenciesRightLogShift.generated.js (132)
Analyzing module mathjs@7.4.0:lib/entry/dependenciesAny/dependenciesAnd.generated.js (133)
Analyzing module mathjs@7.4.0:lib/entry/dependenciesAny/dependenciesCompare.generated.js (134)
Analyzing module mathjs@7.4.0:lib/entry/dependenciesAny/dependenciesCompareNatural.generated.js (135)
Analyzing module mathjs@7.4.0:lib/entry/dependenciesAny/dependenciesCompareText.generated.js (136)
Analyzing module mathjs@7.4.0:lib/entry/dependenciesAny/dependenciesEqual.generated.js (137)
Analyzing module mathjs@7.4.0:lib/entry/dependenciesAny/dependenciesEqualText.generated.js (138)
Analyzing module mathjs@7.4.0:lib/entry/dependenciesAny/dependenciesSmaller.generated.js (139)
Analyzing module mathjs@7.4.0:lib/entry/dependenciesAny/dependenciesSmallerEq.generated.js (140)
Analyzing module mathjs@7.4.0:lib/entry/dependenciesAny/dependenciesLarger.generated.js (141)
Analyzing module mathjs@7.4.0:lib/entry/dependenciesAny/dependenciesLargerEq.generated.js (142)
Analyzing module mathjs@7.4.0:lib/entry/dependenciesAny/dependenciesDeepEqual.generated.js (143)
Analyzing module mathjs@7.4.0:lib/entry/dependenciesAny/dependenciesUnequal.generated.js (144)
Analyzing module mathjs@7.4.0:lib/entry/dependenciesAny/dependenciesPartitionSelect.generated.js (145)
Analyzing module mathjs@7.4.0:lib/entry/dependenciesAny/dependenciesSort.generated.js (146)
Analyzing module mathjs@7.4.0:lib/entry/dependenciesAny/dependenciesMax.generated.js (147)
Analyzing module mathjs@7.4.0:lib/entry/dependenciesAny/dependenciesMin.generated.js (148)
Analyzing module mathjs@7.4.0:lib/entry/dependenciesAny/dependenciesImmutableDenseMatrixClass.generated.js (149)
Analyzing module mathjs@7.4.0:lib/entry/dependenciesAny/dependenciesIndexClass.generated.js (150)
Analyzing module mathjs@7.4.0:lib/entry/dependenciesAny/dependenciesFibonacciHeapClass.generated.js (151)
Analyzing module mathjs@7.4.0:lib/entry/dependenciesAny/dependenciesSpaClass.generated.js (152)
Analyzing module mathjs@7.4.0:lib/entry/dependenciesAny/dependenciesUnitClass.generated.js (153)
Analyzing module mathjs@7.4.0:lib/entry/dependenciesAny/dependenciesUnitFunction.generated.js (154)
Analyzing module mathjs@7.4.0:lib/entry/dependenciesAny/dependenciesSparse.generated.js (155)
Analyzing module mathjs@7.4.0:lib/entry/dependenciesAny/dependenciesCreateUnit.generated.js (156)
Analyzing module mathjs@7.4.0:lib/entry/dependenciesAny/dependenciesAcos.generated.js (157)
Analyzing module mathjs@7.4.0:lib/entry/dependenciesAny/dependenciesAcosh.generated.js (158)
Analyzing module mathjs@7.4.0:lib/entry/dependenciesAny/dependenciesAcot.generated.js (159)
Analyzing module mathjs@7.4.0:lib/entry/dependenciesAny/dependenciesAcoth.generated.js (160)
Analyzing module mathjs@7.4.0:lib/entry/dependenciesAny/dependenciesAcsc.generated.js (161)
Analyzing module mathjs@7.4.0:lib/entry/dependenciesAny/dependenciesAcsch.generated.js (162)
Analyzing module mathjs@7.4.0:lib/entry/dependenciesAny/dependenciesAsec.generated.js (163)
Analyzing module mathjs@7.4.0:lib/entry/dependenciesAny/dependenciesAsech.generated.js (164)
Analyzing module mathjs@7.4.0:lib/entry/dependenciesAny/dependenciesAsin.generated.js (165)
Analyzing module mathjs@7.4.0:lib/entry/dependenciesAny/dependenciesAsinh.generated.js (166)
Analyzing module mathjs@7.4.0:lib/entry/dependenciesAny/dependenciesAtan.generated.js (167)
Analyzing module mathjs@7.4.0:lib/entry/dependenciesAny/dependenciesAtan2.generated.js (168)
Analyzing module mathjs@7.4.0:lib/entry/dependenciesAny/dependenciesAtanh.generated.js (169)
Analyzing module mathjs@7.4.0:lib/entry/dependenciesAny/dependenciesCos.generated.js (170)
Analyzing module mathjs@7.4.0:lib/entry/dependenciesAny/dependenciesCosh.generated.js (171)
Analyzing module mathjs@7.4.0:lib/entry/dependenciesAny/dependenciesCot.generated.js (172)
Analyzing module mathjs@7.4.0:lib/entry/dependenciesAny/dependenciesCoth.generated.js (173)
Analyzing module mathjs@7.4.0:lib/entry/dependenciesAny/dependenciesCsc.generated.js (174)
Analyzing module mathjs@7.4.0:lib/entry/dependenciesAny/dependenciesCsch.generated.js (175)
Analyzing module mathjs@7.4.0:lib/entry/dependenciesAny/dependenciesSec.generated.js (176)
Analyzing module mathjs@7.4.0:lib/entry/dependenciesAny/dependenciesSech.generated.js (177)
Analyzing module mathjs@7.4.0:lib/entry/dependenciesAny/dependenciesSin.generated.js (178)
Analyzing module mathjs@7.4.0:lib/entry/dependenciesAny/dependenciesSinh.generated.js (179)
Analyzing module mathjs@7.4.0:lib/entry/dependenciesAny/dependenciesTan.generated.js (180)
Analyzing module mathjs@7.4.0:lib/entry/dependenciesAny/dependenciesTanh.generated.js (181)
Analyzing module mathjs@7.4.0:lib/entry/dependenciesAny/dependenciesSetCartesian.generated.js (182)
Analyzing module mathjs@7.4.0:lib/entry/dependenciesAny/dependenciesSetDifference.generated.js (183)
Analyzing module mathjs@7.4.0:lib/entry/dependenciesAny/dependenciesSetDistinct.generated.js (184)
Analyzing module mathjs@7.4.0:lib/entry/dependenciesAny/dependenciesSetIntersect.generated.js (185)
Analyzing module mathjs@7.4.0:lib/entry/dependenciesAny/dependenciesSetIsSubset.generated.js (186)
Analyzing module mathjs@7.4.0:lib/entry/dependenciesAny/dependenciesSetMultiplicity.generated.js (187)
Analyzing module mathjs@7.4.0:lib/entry/dependenciesAny/dependenciesSetPowerset.generated.js (188)
Analyzing module mathjs@7.4.0:lib/entry/dependenciesAny/dependenciesSetSize.generated.js (189)
Analyzing module mathjs@7.4.0:lib/entry/dependenciesAny/dependenciesSetSymDifference.generated.js (190)
Analyzing module mathjs@7.4.0:lib/entry/dependenciesAny/dependenciesSetUnion.generated.js (191)
Analyzing module mathjs@7.4.0:lib/entry/dependenciesAny/dependenciesAdd.generated.js (192)
Analyzing module mathjs@7.4.0:lib/entry/dependenciesAny/dependenciesHypot.generated.js (193)
Analyzing module mathjs@7.4.0:lib/entry/dependenciesAny/dependenciesNorm.generated.js (194)
Analyzing module mathjs@7.4.0:lib/entry/dependenciesAny/dependenciesDot.generated.js (195)
Analyzing module mathjs@7.4.0:lib/entry/dependenciesAny/dependenciesTrace.generated.js (196)
Analyzing module mathjs@7.4.0:lib/entry/dependenciesAny/dependenciesIndex.generated.js (197)
Analyzing module mathjs@7.4.0:lib/entry/dependenciesAny/dependenciesNode.generated.js (198)
Analyzing module mathjs@7.4.0:lib/entry/dependenciesAny/dependenciesAccessorNode.generated.js (199)
Analyzing module mathjs@7.4.0:lib/entry/dependenciesAny/dependenciesArrayNode.generated.js (200)
Analyzing module mathjs@7.4.0:lib/entry/dependenciesAny/dependenciesAssignmentNode.generated.js (201)
Analyzing module mathjs@7.4.0:lib/entry/dependenciesAny/dependenciesBlockNode.generated.js (202)
Analyzing module mathjs@7.4.0:lib/entry/dependenciesAny/dependenciesConditionalNode.generated.js (203)
Analyzing module mathjs@7.4.0:lib/entry/dependenciesAny/dependenciesConstantNode.generated.js (204)
Analyzing module mathjs@7.4.0:lib/entry/dependenciesAny/dependenciesFunctionAssignmentNode.generated.js (205)
Analyzing module mathjs@7.4.0:lib/entry/dependenciesAny/dependenciesIndexNode.generated.js (206)
Analyzing module mathjs@7.4.0:lib/entry/dependenciesAny/dependenciesObjectNode.generated.js (207)
Analyzing module mathjs@7.4.0:lib/entry/dependenciesAny/dependenciesOperatorNode.generated.js (208)
Analyzing module mathjs@7.4.0:lib/entry/dependenciesAny/dependenciesParenthesisNode.generated.js (209)
Analyzing module mathjs@7.4.0:lib/entry/dependenciesAny/dependenciesRangeNode.generated.js (210)
Analyzing module mathjs@7.4.0:lib/entry/dependenciesAny/dependenciesRelationalNode.generated.js (211)
Analyzing module mathjs@7.4.0:lib/entry/dependenciesAny/dependenciesSymbolNode.generated.js (212)
Analyzing module mathjs@7.4.0:lib/entry/dependenciesAny/dependenciesFunctionNode.generated.js (213)
Analyzing module mathjs@7.4.0:lib/entry/dependenciesAny/dependenciesParse.generated.js (214)
Analyzing module mathjs@7.4.0:lib/entry/dependenciesAny/dependenciesCompile.generated.js (215)
Analyzing module mathjs@7.4.0:lib/entry/dependenciesAny/dependenciesEvaluate.generated.js (216)
Analyzing module mathjs@7.4.0:lib/entry/dependenciesAny/dependenciesParserClass.generated.js (217)
Analyzing module mathjs@7.4.0:lib/entry/dependenciesAny/dependenciesParser.generated.js (218)
Analyzing module mathjs@7.4.0:lib/entry/dependenciesAny/dependenciesLup.generated.js (219)
Analyzing module mathjs@7.4.0:lib/entry/dependenciesAny/dependenciesQr.generated.js (220)
Analyzing module mathjs@7.4.0:lib/entry/dependenciesAny/dependenciesSlu.generated.js (221)
Analyzing module mathjs@7.4.0:lib/entry/dependenciesAny/dependenciesLusolve.generated.js (222)
Analyzing module mathjs@7.4.0:lib/entry/dependenciesAny/dependenciesHelpClass.generated.js (223)
Analyzing module mathjs@7.4.0:lib/entry/dependenciesAny/dependenciesChainClass.generated.js (224)
Analyzing module mathjs@7.4.0:lib/entry/dependenciesAny/dependenciesHelp.generated.js (225)
Analyzing module mathjs@7.4.0:lib/entry/dependenciesAny/dependenciesChain.generated.js (226)
Analyzing module mathjs@7.4.0:lib/entry/dependenciesAny/dependenciesDet.generated.js (227)
Analyzing module mathjs@7.4.0:lib/entry/dependenciesAny/dependenciesInv.generated.js (228)
Analyzing module mathjs@7.4.0:lib/entry/dependenciesAny/dependenciesEigs.generated.js (229)
Analyzing module mathjs@7.4.0:lib/entry/dependenciesAny/dependenciesExpm.generated.js (230)
Analyzing module mathjs@7.4.0:lib/entry/dependenciesAny/dependenciesSqrtm.generated.js (231)
Analyzing module mathjs@7.4.0:lib/entry/dependenciesAny/dependenciesDivide.generated.js (232)
Analyzing module mathjs@7.4.0:lib/entry/dependenciesAny/dependenciesDistance.generated.js (233)
Analyzing module mathjs@7.4.0:lib/entry/dependenciesAny/dependenciesIntersect.generated.js (234)
Analyzing module mathjs@7.4.0:lib/entry/dependenciesAny/dependenciesSum.generated.js (235)
Analyzing module mathjs@7.4.0:lib/entry/dependenciesAny/dependenciesMean.generated.js (236)
Analyzing module mathjs@7.4.0:lib/entry/dependenciesAny/dependenciesMedian.generated.js (237)
Analyzing module mathjs@7.4.0:lib/entry/dependenciesAny/dependenciesMad.generated.js (238)
Analyzing module mathjs@7.4.0:lib/entry/dependenciesAny/dependenciesVariance.generated.js (239)
Analyzing module mathjs@7.4.0:lib/entry/dependenciesAny/dependenciesQuantileSeq.generated.js (240)
Analyzing module mathjs@7.4.0:lib/entry/dependenciesAny/dependenciesStd.generated.js (241)
Analyzing module mathjs@7.4.0:lib/entry/dependenciesAny/dependenciesCombinations.generated.js (242)
Analyzing module mathjs@7.4.0:lib/entry/dependenciesAny/dependenciesCombinationsWithRep.generated.js (243)
Analyzing module mathjs@7.4.0:lib/entry/dependenciesAny/dependenciesGamma.generated.js (244)
Analyzing module mathjs@7.4.0:lib/entry/dependenciesAny/dependenciesFactorial.generated.js (245)
Analyzing module mathjs@7.4.0:lib/entry/dependenciesAny/dependenciesKldivergence.generated.js (246)
Analyzing module mathjs@7.4.0:lib/entry/dependenciesAny/dependenciesMultinomial.generated.js (247)
Analyzing module mathjs@7.4.0:lib/entry/dependenciesAny/dependenciesPermutations.generated.js (248)
Analyzing module mathjs@7.4.0:lib/entry/dependenciesAny/dependenciesPickRandom.generated.js (249)
Analyzing module mathjs@7.4.0:lib/entry/dependenciesAny/dependenciesRandom.generated.js (250)
Analyzing module mathjs@7.4.0:lib/entry/dependenciesAny/dependenciesRandomInt.generated.js (251)
Analyzing module mathjs@7.4.0:lib/entry/dependenciesAny/dependenciesStirlingS2.generated.js (252)
Analyzing module mathjs@7.4.0:lib/entry/dependenciesAny/dependenciesBellNumbers.generated.js (253)
Analyzing module mathjs@7.4.0:lib/entry/dependenciesAny/dependenciesCatalan.generated.js (254)
Analyzing module mathjs@7.4.0:lib/entry/dependenciesAny/dependenciesComposition.generated.js (255)
Analyzing module mathjs@7.4.0:lib/entry/dependenciesAny/dependenciesSimplify.generated.js (256)
Analyzing module mathjs@7.4.0:lib/entry/dependenciesAny/dependenciesDerivative.generated.js (257)
Analyzing module mathjs@7.4.0:lib/entry/dependenciesAny/dependenciesRationalize.generated.js (258)
Analyzing module mathjs@7.4.0:lib/entry/dependenciesAny/dependenciesReviver.generated.js (259)
Analyzing module mathjs@7.4.0:lib/entry/dependenciesAny/dependenciesReplacer.generated.js (260)
Analyzing module mathjs@7.4.0:lib/entry/dependenciesAny/dependenciesE.generated.js (261)
Analyzing module mathjs@7.4.0:lib/entry/dependenciesAny/dependenciesUppercaseE.generated.js (262)
Analyzing module mathjs@7.4.0:lib/entry/dependenciesAny/dependenciesFalse.generated.js (263)
Analyzing module mathjs@7.4.0:lib/entry/dependenciesAny/dependenciesI.generated.js (264)
Analyzing module mathjs@7.4.0:lib/entry/dependenciesAny/dependenciesInfinity.generated.js (265)
Analyzing module mathjs@7.4.0:lib/entry/dependenciesAny/dependenciesLN10.generated.js (266)
Analyzing module mathjs@7.4.0:lib/entry/dependenciesAny/dependenciesLN2.generated.js (267)
Analyzing module mathjs@7.4.0:lib/entry/dependenciesAny/dependenciesLOG10E.generated.js (268)
Analyzing module mathjs@7.4.0:lib/entry/dependenciesAny/dependenciesLOG2E.generated.js (269)
Analyzing module mathjs@7.4.0:lib/entry/dependenciesAny/dependenciesNaN.generated.js (270)
Analyzing module mathjs@7.4.0:lib/entry/dependenciesAny/dependenciesNull.generated.js (271)
Analyzing module mathjs@7.4.0:lib/entry/dependenciesAny/dependenciesPhi.generated.js (272)
Analyzing module mathjs@7.4.0:lib/entry/dependenciesAny/dependenciesPi.generated.js (273)
Analyzing module mathjs@7.4.0:lib/entry/dependenciesAny/dependenciesUppercasePi.generated.js (274)
Analyzing module mathjs@7.4.0:lib/entry/dependenciesAny/dependenciesSQRT1_2.generated.js (275)
Analyzing module mathjs@7.4.0:lib/entry/dependenciesAny/dependenciesSQRT2.generated.js (276)
Analyzing module mathjs@7.4.0:lib/entry/dependenciesAny/dependenciesTau.generated.js (277)
Analyzing module mathjs@7.4.0:lib/entry/dependenciesAny/dependenciesTrue.generated.js (278)
Analyzing module mathjs@7.4.0:lib/entry/dependenciesAny/dependenciesVersion.generated.js (279)
Analyzing module mathjs@7.4.0:lib/entry/dependenciesAny/dependenciesAtomicMass.generated.js (280)
Analyzing module mathjs@7.4.0:lib/entry/dependenciesAny/dependenciesAvogadro.generated.js (281)
Analyzing module mathjs@7.4.0:lib/entry/dependenciesAny/dependenciesBohrMagneton.generated.js (282)
Analyzing module mathjs@7.4.0:lib/entry/dependenciesAny/dependenciesBohrRadius.generated.js (283)
Analyzing module mathjs@7.4.0:lib/entry/dependenciesAny/dependenciesBoltzmann.generated.js (284)
Analyzing module mathjs@7.4.0:lib/entry/dependenciesAny/dependenciesClassicalElectronRadius.generated.js (285)
Analyzing module mathjs@7.4.0:lib/entry/dependenciesAny/dependenciesConductanceQuantum.generated.js (286)
Analyzing module mathjs@7.4.0:lib/entry/dependenciesAny/dependenciesCoulomb.generated.js (287)
Analyzing module mathjs@7.4.0:lib/entry/dependenciesAny/dependenciesDeuteronMass.generated.js (288)
Analyzing module mathjs@7.4.0:lib/entry/dependenciesAny/dependenciesEfimovFactor.generated.js (289)
Analyzing module mathjs@7.4.0:lib/entry/dependenciesAny/dependenciesElectricConstant.generated.js (290)
Analyzing module mathjs@7.4.0:lib/entry/dependenciesAny/dependenciesElectronMass.generated.js (291)
Analyzing module mathjs@7.4.0:lib/entry/dependenciesAny/dependenciesElementaryCharge.generated.js (292)
Analyzing module mathjs@7.4.0:lib/entry/dependenciesAny/dependenciesFaraday.generated.js (293)
Analyzing module mathjs@7.4.0:lib/entry/dependenciesAny/dependenciesFermiCoupling.generated.js (294)
Analyzing module mathjs@7.4.0:lib/entry/dependenciesAny/dependenciesFineStructure.generated.js (295)
Analyzing module mathjs@7.4.0:lib/entry/dependenciesAny/dependenciesFirstRadiation.generated.js (296)
Analyzing module mathjs@7.4.0:lib/entry/dependenciesAny/dependenciesGasConstant.generated.js (297)
Analyzing module mathjs@7.4.0:lib/entry/dependenciesAny/dependenciesGravitationConstant.generated.js (298)
Analyzing module mathjs@7.4.0:lib/entry/dependenciesAny/dependenciesGravity.generated.js (299)
Analyzing module mathjs@7.4.0:lib/entry/dependenciesAny/dependenciesHartreeEnergy.generated.js (300)
Analyzing module mathjs@7.4.0:lib/entry/dependenciesAny/dependenciesInverseConductanceQuantum.generated.js (301)
Analyzing module mathjs@7.4.0:lib/entry/dependenciesAny/dependenciesKlitzing.generated.js (302)
Analyzing module mathjs@7.4.0:lib/entry/dependenciesAny/dependenciesLoschmidt.generated.js (303)
Analyzing module mathjs@7.4.0:lib/entry/dependenciesAny/dependenciesMagneticConstant.generated.js (304)
Analyzing module mathjs@7.4.0:lib/entry/dependenciesAny/dependenciesMagneticFluxQuantum.generated.js (305)
Analyzing module mathjs@7.4.0:lib/entry/dependenciesAny/dependenciesMolarMass.generated.js (306)
Analyzing module mathjs@7.4.0:lib/entry/dependenciesAny/dependenciesMolarMassC12.generated.js (307)
Analyzing module mathjs@7.4.0:lib/entry/dependenciesAny/dependenciesMolarPlanckConstant.generated.js (308)
Analyzing module mathjs@7.4.0:lib/entry/dependenciesAny/dependenciesMolarVolume.generated.js (309)
Analyzing module mathjs@7.4.0:lib/entry/dependenciesAny/dependenciesNeutronMass.generated.js (310)
Analyzing module mathjs@7.4.0:lib/entry/dependenciesAny/dependenciesNuclearMagneton.generated.js (311)
Analyzing module mathjs@7.4.0:lib/entry/dependenciesAny/dependenciesPlanckCharge.generated.js (312)
Analyzing module mathjs@7.4.0:lib/entry/dependenciesAny/dependenciesPlanckConstant.generated.js (313)
Analyzing module mathjs@7.4.0:lib/entry/dependenciesAny/dependenciesPlanckLength.generated.js (314)
Analyzing module mathjs@7.4.0:lib/entry/dependenciesAny/dependenciesPlanckMass.generated.js (315)
Analyzing module mathjs@7.4.0:lib/entry/dependenciesAny/dependenciesPlanckTemperature.generated.js (316)
Analyzing module mathjs@7.4.0:lib/entry/dependenciesAny/dependenciesPlanckTime.generated.js (317)
Analyzing module mathjs@7.4.0:lib/entry/dependenciesAny/dependenciesProtonMass.generated.js (318)
Analyzing module mathjs@7.4.0:lib/entry/dependenciesAny/dependenciesQuantumOfCirculation.generated.js (319)
Analyzing module mathjs@7.4.0:lib/entry/dependenciesAny/dependenciesReducedPlanckConstant.generated.js (320)
Analyzing module mathjs@7.4.0:lib/entry/dependenciesAny/dependenciesRydberg.generated.js (321)
Analyzing module mathjs@7.4.0:lib/entry/dependenciesAny/dependenciesSackurTetrode.generated.js (322)
Analyzing module mathjs@7.4.0:lib/entry/dependenciesAny/dependenciesSecondRadiation.generated.js (323)
Analyzing module mathjs@7.4.0:lib/entry/dependenciesAny/dependenciesSpeedOfLight.generated.js (324)
Analyzing module mathjs@7.4.0:lib/entry/dependenciesAny/dependenciesStefanBoltzmann.generated.js (325)
Analyzing module mathjs@7.4.0:lib/entry/dependenciesAny/dependenciesThomsonCrossSection.generated.js (326)
Analyzing module mathjs@7.4.0:lib/entry/dependenciesAny/dependenciesVacuumImpedance.generated.js (327)
Analyzing module mathjs@7.4.0:lib/entry/dependenciesAny/dependenciesWeakMixingAngle.generated.js (328)
Analyzing module mathjs@7.4.0:lib/entry/dependenciesAny/dependenciesWienDisplacement.generated.js (329)
Analyzing module mathjs@7.4.0:lib/entry/dependenciesAny/dependenciesApplyTransform.generated.js (330)
Analyzing module mathjs@7.4.0:lib/entry/dependenciesAny/dependenciesColumnTransform.generated.js (331)
Analyzing module mathjs@7.4.0:lib/entry/dependenciesAny/dependenciesFilterTransform.generated.js (332)
Analyzing module mathjs@7.4.0:lib/entry/dependenciesAny/dependenciesForEachTransform.generated.js (333)
Analyzing module mathjs@7.4.0:lib/entry/dependenciesAny/dependenciesIndexTransform.generated.js (334)
Analyzing module mathjs@7.4.0:lib/entry/dependenciesAny/dependenciesMapTransform.generated.js (335)
Analyzing module mathjs@7.4.0:lib/entry/dependenciesAny/dependenciesMaxTransform.generated.js (336)
Analyzing module mathjs@7.4.0:lib/entry/dependenciesAny/dependenciesMeanTransform.generated.js (337)
Analyzing module mathjs@7.4.0:lib/entry/dependenciesAny/dependenciesMinTransform.generated.js (338)
Analyzing module mathjs@7.4.0:lib/entry/dependenciesAny/dependenciesRangeTransform.generated.js (339)
Analyzing module mathjs@7.4.0:lib/entry/dependenciesAny/dependenciesRowTransform.generated.js (340)
Analyzing module mathjs@7.4.0:lib/entry/dependenciesAny/dependenciesSubsetTransform.generated.js (341)
Analyzing module mathjs@7.4.0:lib/entry/dependenciesAny/dependenciesConcatTransform.generated.js (342)
Analyzing module mathjs@7.4.0:lib/entry/dependenciesAny/dependenciesDiffTransform.generated.js (343)
Analyzing module mathjs@7.4.0:lib/entry/dependenciesAny/dependenciesStdTransform.generated.js (344)
Analyzing module mathjs@7.4.0:lib/entry/dependenciesAny/dependenciesSumTransform.generated.js (345)
Analyzing module mathjs@7.4.0:lib/entry/dependenciesAny/dependenciesVarianceTransform.generated.js (346)
Analyzing module mathjs@7.4.0:lib/entry/allFactoriesAny.js (347)
Analyzing module mathjs@7.4.0:lib/core/function/typed.js (348)
Analyzing module mathjs@7.4.0:lib/type/resultset/ResultSet.js (349)
Analyzing module mathjs@7.4.0:lib/type/bignumber/BigNumber.js (350)
Analyzing module mathjs@7.4.0:lib/type/complex/Complex.js (351)
Analyzing module mathjs@7.4.0:lib/type/fraction/Fraction.js (352)
Analyzing module mathjs@7.4.0:lib/type/matrix/Range.js (353)
Analyzing module mathjs@7.4.0:lib/type/matrix/Matrix.js (354)
Analyzing module mathjs@7.4.0:lib/type/matrix/DenseMatrix.js (355)
Analyzing module mathjs@7.4.0:lib/function/utils/clone.js (356)
Analyzing module mathjs@7.4.0:lib/function/utils/isInteger.js (357)
Analyzing module mathjs@7.4.0:lib/function/utils/isNegative.js (358)
Analyzing module mathjs@7.4.0:lib/function/utils/isNumeric.js (359)
Analyzing module mathjs@7.4.0:lib/function/utils/hasNumericValue.js (360)
Analyzing module mathjs@7.4.0:lib/function/utils/isPositive.js (361)
Analyzing module mathjs@7.4.0:lib/function/utils/isZero.js (362)
Analyzing module mathjs@7.4.0:lib/function/utils/isNaN.js (363)
Analyzing module mathjs@7.4.0:lib/function/utils/typeOf.js (364)
Analyzing module mathjs@7.4.0:lib/function/relational/equalScalar.js (365)
Analyzing module mathjs@7.4.0:lib/type/matrix/SparseMatrix.js (366)
Analyzing module mathjs@7.4.0:lib/type/number.js (367)
Analyzing module mathjs@7.4.0:lib/type/string.js (368)
Analyzing module mathjs@7.4.0:lib/type/boolean.js (369)
Analyzing module mathjs@7.4.0:lib/type/bignumber/function/bignumber.js (370)
Analyzing module mathjs@7.4.0:lib/type/complex/function/complex.js (371)
Analyzing module mathjs@7.4.0:lib/type/fraction/function/fraction.js (372)
Analyzing module mathjs@7.4.0:lib/type/matrix/function/matrix.js (373)
Analyzing module mathjs@7.4.0:lib/type/unit/function/splitUnit.js (374)
Analyzing module mathjs@7.4.0:lib/function/arithmetic/unaryMinus.js (375)
Analyzing module mathjs@7.4.0:lib/function/arithmetic/unaryPlus.js (376)
Analyzing module mathjs@7.4.0:lib/function/arithmetic/abs.js (377)
Analyzing module mathjs@7.4.0:lib/function/matrix/apply.js (378)
Analyzing module mathjs@7.4.0:lib/function/arithmetic/addScalar.js (379)
Analyzing module mathjs@7.4.0:lib/function/arithmetic/cbrt.js (380)
Analyzing module mathjs@7.4.0:lib/function/arithmetic/ceil.js (381)
Analyzing module mathjs@7.4.0:lib/function/arithmetic/cube.js (382)
Analyzing module mathjs@7.4.0:lib/function/arithmetic/exp.js (383)
Analyzing module mathjs@7.4.0:lib/function/arithmetic/expm1.js (384)
Analyzing module mathjs@7.4.0:lib/function/arithmetic/fix.js (385)
Analyzing module mathjs@7.4.0:lib/function/arithmetic/floor.js (386)
Analyzing module mathjs@7.4.0:lib/function/arithmetic/gcd.js (387)
Analyzing module mathjs@7.4.0:lib/function/arithmetic/lcm.js (388)
Analyzing module mathjs@7.4.0:lib/function/arithmetic/log10.js (389)
Analyzing module mathjs@7.4.0:lib/function/arithmetic/log2.js (390)
Analyzing module mathjs@7.4.0:lib/function/arithmetic/mod.js (391)
Analyzing module mathjs@7.4.0:lib/function/arithmetic/multiplyScalar.js (392)
Analyzing module mathjs@7.4.0:lib/function/arithmetic/multiply.js (393)
Analyzing module mathjs@7.4.0:lib/function/arithmetic/nthRoot.js (394)
Analyzing module mathjs@7.4.0:lib/function/arithmetic/sign.js (395)
Analyzing module mathjs@7.4.0:lib/function/arithmetic/sqrt.js (396)
Analyzing module mathjs@7.4.0:lib/function/arithmetic/square.js (397)
Analyzing module mathjs@7.4.0:lib/function/arithmetic/subtract.js (398)
Analyzing module mathjs@7.4.0:lib/function/arithmetic/xgcd.js (399)
Analyzing module mathjs@7.4.0:lib/function/arithmetic/dotMultiply.js (400)
Analyzing module mathjs@7.4.0:lib/function/bitwise/bitAnd.js (401)
Analyzing module mathjs@7.4.0:lib/function/bitwise/bitNot.js (402)
Analyzing module mathjs@7.4.0:lib/function/bitwise/bitOr.js (403)
Analyzing module mathjs@7.4.0:lib/function/bitwise/bitXor.js (404)
Analyzing module mathjs@7.4.0:lib/function/complex/arg.js (405)
Analyzing module mathjs@7.4.0:lib/function/complex/conj.js (406)
Analyzing module mathjs@7.4.0:lib/function/complex/im.js (407)
Analyzing module mathjs@7.4.0:lib/function/complex/re.js (408)
Analyzing module mathjs@7.4.0:lib/function/logical/not.js (409)
Analyzing module mathjs@7.4.0:lib/function/logical/or.js (410)
Analyzing module mathjs@7.4.0:lib/function/logical/xor.js (411)
Analyzing module mathjs@7.4.0:lib/function/matrix/concat.js (412)
Analyzing module mathjs@7.4.0:lib/function/matrix/column.js (413)
Analyzing module mathjs@7.4.0:lib/function/matrix/cross.js (414)
Analyzing module mathjs@7.4.0:lib/function/matrix/diag.js (415)
Analyzing module mathjs@7.4.0:lib/function/matrix/filter.js (416)
Analyzing module mathjs@7.4.0:lib/function/matrix/flatten.js (417)
Analyzing module mathjs@7.4.0:lib/function/matrix/forEach.js (418)
Analyzing module mathjs@7.4.0:lib/function/matrix/getMatrixDataType.js (419)
Analyzing module mathjs@7.4.0:lib/function/matrix/identity.js (420)
Analyzing module mathjs@7.4.0:lib/function/matrix/kron.js (421)
Analyzing module mathjs@7.4.0:lib/function/matrix/map.js (422)
Analyzing module mathjs@7.4.0:lib/function/matrix/diff.js (423)
Analyzing module mathjs@7.4.0:lib/function/matrix/ones.js (424)
Analyzing module mathjs@7.4.0:lib/function/matrix/range.js (425)
Analyzing module mathjs@7.4.0:lib/function/matrix/reshape.js (426)
Analyzing module mathjs@7.4.0:lib/function/matrix/resize.js (427)
Analyzing module mathjs@7.4.0:lib/function/matrix/rotationMatrix.js (428)
Analyzing module mathjs@7.4.0:lib/function/matrix/row.js (429)
Analyzing module mathjs@7.4.0:lib/function/matrix/size.js (430)
Analyzing module mathjs@7.4.0:lib/function/matrix/squeeze.js (431)
Analyzing module mathjs@7.4.0:lib/function/matrix/subset.js (432)
Analyzing module mathjs@7.4.0:lib/function/matrix/transpose.js (433)
Analyzing module mathjs@7.4.0:lib/function/matrix/ctranspose.js (434)
Analyzing module mathjs@7.4.0:lib/function/matrix/zeros.js (435)
Analyzing module mathjs@7.4.0:lib/function/special/erf.js (436)
Analyzing module mathjs@7.4.0:lib/function/statistics/mode.js (437)
Analyzing module mathjs@7.4.0:lib/function/statistics/prod.js (438)
Analyzing module mathjs@7.4.0:lib/function/string/format.js (439)
Analyzing module mathjs@7.4.0:lib/function/string/bin.js (440)
Analyzing module mathjs@7.4.0:lib/function/string/oct.js (441)
Analyzing module mathjs@7.4.0:lib/function/string/hex.js (442)
Analyzing module mathjs@7.4.0:lib/function/string/print.js (443)
Analyzing module mathjs@7.4.0:lib/function/unit/to.js (444)
Analyzing module mathjs@7.4.0:lib/function/utils/isPrime.js (445)
Analyzing module mathjs@7.4.0:lib/function/utils/numeric.js (446)
Analyzing module mathjs@7.4.0:lib/function/arithmetic/divideScalar.js (447)
Analyzing module mathjs@7.4.0:lib/function/arithmetic/pow.js (448)
Analyzing module mathjs@7.4.0:lib/function/arithmetic/round.js (449)
Analyzing module mathjs@7.4.0:lib/function/arithmetic/log.js (450)
Analyzing module mathjs@7.4.0:lib/function/arithmetic/log1p.js (451)
Analyzing module mathjs@7.4.0:lib/function/arithmetic/nthRoots.js (452)
Analyzing module mathjs@7.4.0:lib/function/arithmetic/dotPow.js (453)
Analyzing module mathjs@7.4.0:lib/function/arithmetic/dotDivide.js (454)
Analyzing module mathjs@7.4.0:lib/function/algebra/solver/lsolve.js (455)
Analyzing module mathjs@7.4.0:lib/function/algebra/solver/usolve.js (456)
Analyzing module mathjs@7.4.0:lib/function/algebra/solver/lsolveAll.js (457)
Analyzing module mathjs@7.4.0:lib/function/algebra/solver/usolveAll.js (458)
Analyzing module mathjs@7.4.0:lib/function/bitwise/leftShift.js (459)
Analyzing module mathjs@7.4.0:lib/function/bitwise/rightArithShift.js (460)
Analyzing module mathjs@7.4.0:lib/function/bitwise/rightLogShift.js (461)
Analyzing module mathjs@7.4.0:lib/function/logical/and.js (462)
Analyzing module mathjs@7.4.0:lib/function/relational/compare.js (463)
Analyzing module mathjs@7.4.0:lib/function/relational/compareNatural.js (464)
Analyzing module mathjs@7.4.0:lib/function/relational/compareText.js (465)
Analyzing module mathjs@7.4.0:lib/function/relational/equal.js (466)
Analyzing module mathjs@7.4.0:lib/function/relational/equalText.js (467)
Analyzing module mathjs@7.4.0:lib/function/relational/smaller.js (468)
Analyzing module mathjs@7.4.0:lib/function/relational/smallerEq.js (469)
Analyzing module mathjs@7.4.0:lib/function/relational/larger.js (470)
Analyzing module mathjs@7.4.0:lib/function/relational/largerEq.js (471)
Analyzing module mathjs@7.4.0:lib/function/relational/deepEqual.js (472)
Analyzing module mathjs@7.4.0:lib/function/relational/unequal.js (473)
Analyzing module mathjs@7.4.0:lib/function/matrix/partitionSelect.js (474)
Analyzing module mathjs@7.4.0:lib/function/matrix/sort.js (475)
Analyzing module mathjs@7.4.0:lib/function/statistics/max.js (476)
Analyzing module mathjs@7.4.0:lib/function/statistics/min.js (477)
Analyzing module mathjs@7.4.0:lib/type/matrix/ImmutableDenseMatrix.js (478)
Analyzing module mathjs@7.4.0:lib/type/matrix/MatrixIndex.js (479)
Analyzing module mathjs@7.4.0:lib/type/matrix/FibonacciHeap.js (480)
Analyzing module mathjs@7.4.0:lib/type/matrix/Spa.js (481)
Analyzing module mathjs@7.4.0:lib/type/unit/Unit.js (482)
Analyzing module mathjs@7.4.0:lib/type/unit/function/unit.js (483)
Analyzing module mathjs@7.4.0:lib/type/matrix/function/sparse.js (484)
Analyzing module mathjs@7.4.0:lib/type/unit/function/createUnit.js (485)
Analyzing module mathjs@7.4.0:lib/function/trigonometry/acos.js (486)
Analyzing module mathjs@7.4.0:lib/function/trigonometry/acosh.js (487)
Analyzing module mathjs@7.4.0:lib/function/trigonometry/acot.js (488)
Analyzing module mathjs@7.4.0:lib/function/trigonometry/acoth.js (489)
Analyzing module mathjs@7.4.0:lib/function/trigonometry/acsc.js (490)
Analyzing module mathjs@7.4.0:lib/function/trigonometry/acsch.js (491)
Analyzing module mathjs@7.4.0:lib/function/trigonometry/asec.js (492)
Analyzing module mathjs@7.4.0:lib/function/trigonometry/asech.js (493)
Analyzing module mathjs@7.4.0:lib/function/trigonometry/asin.js (494)
Analyzing module mathjs@7.4.0:lib/function/trigonometry/asinh.js (495)
Analyzing module mathjs@7.4.0:lib/function/trigonometry/atan.js (496)
Analyzing module mathjs@7.4.0:lib/function/trigonometry/atan2.js (497)
Analyzing module mathjs@7.4.0:lib/function/trigonometry/atanh.js (498)
Analyzing module mathjs@7.4.0:lib/function/trigonometry/cos.js (499)
Analyzing module mathjs@7.4.0:lib/function/trigonometry/cosh.js (500)
Analyzing module mathjs@7.4.0:lib/function/trigonometry/cot.js (501)
Analyzing module mathjs@7.4.0:lib/function/trigonometry/coth.js (502)
Analyzing module mathjs@7.4.0:lib/function/trigonometry/csc.js (503)
Analyzing module mathjs@7.4.0:lib/function/trigonometry/csch.js (504)
Analyzing module mathjs@7.4.0:lib/function/trigonometry/sec.js (505)
Analyzing module mathjs@7.4.0:lib/function/trigonometry/sech.js (506)
Analyzing module mathjs@7.4.0:lib/function/trigonometry/sin.js (507)
Analyzing module mathjs@7.4.0:lib/function/trigonometry/sinh.js (508)
Analyzing module mathjs@7.4.0:lib/function/trigonometry/tan.js (509)
Analyzing module mathjs@7.4.0:lib/function/trigonometry/tanh.js (510)
Analyzing module mathjs@7.4.0:lib/function/set/setCartesian.js (511)
Analyzing module mathjs@7.4.0:lib/function/set/setDifference.js (512)
Analyzing module mathjs@7.4.0:lib/function/set/setDistinct.js (513)
Analyzing module mathjs@7.4.0:lib/function/set/setIntersect.js (514)
Analyzing module mathjs@7.4.0:lib/function/set/setIsSubset.js (515)
Analyzing module mathjs@7.4.0:lib/function/set/setMultiplicity.js (516)
Analyzing module mathjs@7.4.0:lib/function/set/setPowerset.js (517)
Analyzing module mathjs@7.4.0:lib/function/set/setSize.js (518)
Analyzing module mathjs@7.4.0:lib/function/set/setSymDifference.js (519)
Analyzing module mathjs@7.4.0:lib/function/set/setUnion.js (520)
Analyzing module mathjs@7.4.0:lib/function/arithmetic/add.js (521)
Analyzing module mathjs@7.4.0:lib/function/arithmetic/hypot.js (522)
Analyzing module mathjs@7.4.0:lib/function/arithmetic/norm.js (523)
Analyzing module mathjs@7.4.0:lib/function/matrix/dot.js (524)
Analyzing module mathjs@7.4.0:lib/function/matrix/trace.js (525)
Analyzing module mathjs@7.4.0:lib/type/matrix/function/index.js (526)
Analyzing module mathjs@7.4.0:lib/expression/node/Node.js (527)
Analyzing module mathjs@7.4.0:lib/expression/node/AccessorNode.js (528)
Analyzing module mathjs@7.4.0:lib/expression/node/ArrayNode.js (529)
Analyzing module mathjs@7.4.0:lib/expression/node/AssignmentNode.js (530)
Analyzing module mathjs@7.4.0:lib/expression/node/BlockNode.js (531)
Analyzing module mathjs@7.4.0:lib/expression/node/ConditionalNode.js (532)
Analyzing module mathjs@7.4.0:lib/expression/node/ConstantNode.js (533)
Analyzing module mathjs@7.4.0:lib/expression/node/FunctionAssignmentNode.js (534)
Analyzing module mathjs@7.4.0:lib/expression/node/IndexNode.js (535)
Analyzing module mathjs@7.4.0:lib/expression/node/ObjectNode.js (536)
Analyzing module mathjs@7.4.0:lib/expression/node/OperatorNode.js (537)
Analyzing module mathjs@7.4.0:lib/expression/node/ParenthesisNode.js (538)
Analyzing module mathjs@7.4.0:lib/expression/node/RangeNode.js (539)
Analyzing module mathjs@7.4.0:lib/expression/node/RelationalNode.js (540)
Analyzing module mathjs@7.4.0:lib/expression/node/SymbolNode.js (541)
Analyzing module mathjs@7.4.0:lib/expression/node/FunctionNode.js (542)
Analyzing module mathjs@7.4.0:lib/expression/parse.js (543)
Analyzing module mathjs@7.4.0:lib/expression/function/compile.js (544)
Analyzing module mathjs@7.4.0:lib/expression/function/evaluate.js (545)
Analyzing module mathjs@7.4.0:lib/expression/Parser.js (546)
Analyzing module mathjs@7.4.0:lib/expression/function/parser.js (547)
Analyzing module mathjs@7.4.0:lib/function/algebra/decomposition/lup.js (548)
Analyzing module mathjs@7.4.0:lib/function/algebra/decomposition/qr.js (549)
Analyzing module mathjs@7.4.0:lib/function/algebra/decomposition/slu.js (550)
Analyzing module mathjs@7.4.0:lib/function/algebra/solver/lusolve.js (551)
Analyzing module mathjs@7.4.0:lib/expression/Help.js (552)
Analyzing module mathjs@7.4.0:lib/type/chain/Chain.js (553)
Analyzing module mathjs@7.4.0:lib/expression/function/help.js (554)
Analyzing module mathjs@7.4.0:lib/type/chain/function/chain.js (555)
Analyzing module mathjs@7.4.0:lib/function/matrix/det.js (556)
Analyzing module mathjs@7.4.0:lib/function/matrix/inv.js (557)
Analyzing module mathjs@7.4.0:lib/function/matrix/eigs.js (558)
Analyzing module mathjs@7.4.0:lib/function/matrix/expm.js (559)
Analyzing module mathjs@7.4.0:lib/function/matrix/sqrtm.js (560)
Analyzing module mathjs@7.4.0:lib/function/arithmetic/divide.js (561)
Analyzing module mathjs@7.4.0:lib/function/geometry/distance.js (562)
Analyzing module mathjs@7.4.0:lib/function/geometry/intersect.js (563)
Analyzing module mathjs@7.4.0:lib/function/statistics/sum.js (564)
Analyzing module mathjs@7.4.0:lib/function/statistics/mean.js (565)
Analyzing module mathjs@7.4.0:lib/function/statistics/median.js (566)
Analyzing module mathjs@7.4.0:lib/function/statistics/mad.js (567)
Analyzing module mathjs@7.4.0:lib/function/statistics/variance.js (568)
Analyzing module mathjs@7.4.0:lib/function/statistics/quantileSeq.js (569)
Analyzing module mathjs@7.4.0:lib/function/statistics/std.js (570)
Analyzing module mathjs@7.4.0:lib/function/probability/combinations.js (571)
Analyzing module mathjs@7.4.0:lib/function/probability/combinationsWithRep.js (572)
Analyzing module mathjs@7.4.0:lib/function/probability/gamma.js (573)
Analyzing module mathjs@7.4.0:lib/function/probability/factorial.js (574)
Analyzing module mathjs@7.4.0:lib/function/probability/kldivergence.js (575)
Analyzing module mathjs@7.4.0:lib/function/probability/multinomial.js (576)
Analyzing module mathjs@7.4.0:lib/function/probability/permutations.js (577)
Analyzing module mathjs@7.4.0:lib/function/probability/pickRandom.js (578)
Analyzing module mathjs@7.4.0:lib/function/probability/random.js (579)
Analyzing module mathjs@7.4.0:lib/function/probability/randomInt.js (580)
Analyzing module mathjs@7.4.0:lib/function/combinatorics/stirlingS2.js (581)
Analyzing module mathjs@7.4.0:lib/function/combinatorics/bellNumbers.js (582)
Analyzing module mathjs@7.4.0:lib/function/combinatorics/catalan.js (583)
Analyzing module mathjs@7.4.0:lib/function/combinatorics/composition.js (584)
Analyzing module mathjs@7.4.0:lib/function/algebra/simplify.js (585)
Analyzing module mathjs@7.4.0:lib/function/algebra/derivative.js (586)
Analyzing module mathjs@7.4.0:lib/function/algebra/rationalize.js (587)
Analyzing module mathjs@7.4.0:lib/json/reviver.js (588)
Analyzing module mathjs@7.4.0:lib/json/replacer.js (589)
Analyzing module mathjs@7.4.0:lib/constants.js (590)
Analyzing module mathjs@7.4.0:lib/type/unit/physicalConstants.js (591)
Analyzing module mathjs@7.4.0:lib/expression/transform/apply.transform.js (592)
Analyzing module mathjs@7.4.0:lib/expression/transform/column.transform.js (593)
Analyzing module mathjs@7.4.0:lib/expression/transform/filter.transform.js (594)
Analyzing module mathjs@7.4.0:lib/expression/transform/forEach.transform.js (595)
Analyzing module mathjs@7.4.0:lib/expression/transform/index.transform.js (596)
Analyzing module mathjs@7.4.0:lib/expression/transform/map.transform.js (597)
Analyzing module mathjs@7.4.0:lib/expression/transform/max.transform.js (598)
Analyzing module mathjs@7.4.0:lib/expression/transform/mean.transform.js (599)
Analyzing module mathjs@7.4.0:lib/expression/transform/min.transform.js (600)
Analyzing module mathjs@7.4.0:lib/expression/transform/range.transform.js (601)
Analyzing module mathjs@7.4.0:lib/expression/transform/row.transform.js (602)
Analyzing module mathjs@7.4.0:lib/expression/transform/subset.transform.js (603)
Analyzing module mathjs@7.4.0:lib/expression/transform/concat.transform.js (604)
Analyzing module mathjs@7.4.0:lib/expression/transform/diff.transform.js (605)
Analyzing module mathjs@7.4.0:lib/expression/transform/std.transform.js (606)
Analyzing module mathjs@7.4.0:lib/expression/transform/sum.transform.js (607)
Analyzing module mathjs@7.4.0:lib/expression/transform/variance.transform.js (608)
Analyzing module mathjs@7.4.0:lib/utils/polyfills.js (609)
Analyzing module mathjs@7.4.0:lib/utils/object.js (610)
Analyzing module mathjs@7.4.0:lib/utils/emitter.js (611)
Analyzing module mathjs@7.4.0:lib/core/function/import.js (612)
Analyzing module mathjs@7.4.0:lib/utils/array.js (613)
Analyzing module mathjs@7.4.0:lib/expression/embeddedDocs/construction/bignumber.js (614)
Analyzing module mathjs@7.4.0:lib/expression/embeddedDocs/function/utils/typeOf.js (615)
Analyzing module mathjs@7.4.0:lib/expression/embeddedDocs/function/utils/isZero.js (616)
Analyzing module mathjs@7.4.0:lib/expression/embeddedDocs/function/utils/isPrime.js (617)
Analyzing module mathjs@7.4.0:lib/expression/embeddedDocs/function/utils/isPositive.js (618)
Analyzing module mathjs@7.4.0:lib/expression/embeddedDocs/function/utils/isNumeric.js (619)
Analyzing module mathjs@7.4.0:lib/expression/embeddedDocs/function/utils/hasNumericValue.js (620)
Analyzing module mathjs@7.4.0:lib/expression/embeddedDocs/function/utils/isNegative.js (621)
Analyzing module mathjs@7.4.0:lib/expression/embeddedDocs/function/utils/isInteger.js (622)
Analyzing module mathjs@7.4.0:lib/expression/embeddedDocs/function/utils/isNaN.js (623)
Analyzing module mathjs@7.4.0:lib/expression/embeddedDocs/function/utils/format.js (624)
Analyzing module mathjs@7.4.0:lib/expression/embeddedDocs/function/utils/bin.js (625)
Analyzing module mathjs@7.4.0:lib/expression/embeddedDocs/function/utils/oct.js (626)
Analyzing module mathjs@7.4.0:lib/expression/embeddedDocs/function/utils/hex.js (627)
Analyzing module mathjs@7.4.0:lib/expression/embeddedDocs/function/utils/clone.js (628)
Analyzing module mathjs@7.4.0:lib/expression/embeddedDocs/function/units/to.js (629)
Analyzing module mathjs@7.4.0:lib/expression/embeddedDocs/function/trigonometry/tanh.js (630)
Analyzing module mathjs@7.4.0:lib/expression/embeddedDocs/function/trigonometry/tan.js (631)
Analyzing module mathjs@7.4.0:lib/expression/embeddedDocs/function/trigonometry/sinh.js (632)
Analyzing module mathjs@7.4.0:lib/expression/embeddedDocs/function/trigonometry/sech.js (633)
Analyzing module mathjs@7.4.0:lib/expression/embeddedDocs/function/trigonometry/sec.js (634)
Analyzing module mathjs@7.4.0:lib/expression/embeddedDocs/function/trigonometry/csch.js (635)
Analyzing module mathjs@7.4.0:lib/expression/embeddedDocs/function/trigonometry/csc.js (636)
Analyzing module mathjs@7.4.0:lib/expression/embeddedDocs/function/trigonometry/coth.js (637)
Analyzing module mathjs@7.4.0:lib/expression/embeddedDocs/function/trigonometry/cot.js (638)
Analyzing module mathjs@7.4.0:lib/expression/embeddedDocs/function/trigonometry/cosh.js (639)
Analyzing module mathjs@7.4.0:lib/expression/embeddedDocs/function/trigonometry/cos.js (640)
Analyzing module mathjs@7.4.0:lib/expression/embeddedDocs/function/trigonometry/atan2.js (641)
Analyzing module mathjs@7.4.0:lib/expression/embeddedDocs/function/trigonometry/atanh.js (642)
Analyzing module mathjs@7.4.0:lib/expression/embeddedDocs/function/trigonometry/atan.js (643)
Analyzing module mathjs@7.4.0:lib/expression/embeddedDocs/function/trigonometry/asinh.js (644)
Analyzing module mathjs@7.4.0:lib/expression/embeddedDocs/function/trigonometry/asin.js (645)
Analyzing module mathjs@7.4.0:lib/expression/embeddedDocs/function/trigonometry/asech.js (646)
Analyzing module mathjs@7.4.0:lib/expression/embeddedDocs/function/trigonometry/asec.js (647)
Analyzing module mathjs@7.4.0:lib/expression/embeddedDocs/function/trigonometry/acsch.js (648)
Analyzing module mathjs@7.4.0:lib/expression/embeddedDocs/function/trigonometry/acsc.js (649)
Analyzing module mathjs@7.4.0:lib/expression/embeddedDocs/function/trigonometry/acoth.js (650)
Analyzing module mathjs@7.4.0:lib/expression/embeddedDocs/function/trigonometry/acot.js (651)
Analyzing module mathjs@7.4.0:lib/expression/embeddedDocs/function/trigonometry/acosh.js (652)
Analyzing module mathjs@7.4.0:lib/expression/embeddedDocs/function/trigonometry/acos.js (653)
Analyzing module mathjs@7.4.0:lib/expression/embeddedDocs/function/statistics/sum.js (654)
Analyzing module mathjs@7.4.0:lib/expression/embeddedDocs/function/statistics/std.js (655)
Analyzing module mathjs@7.4.0:lib/expression/embeddedDocs/function/statistics/quantileSeq.js (656)
Analyzing module mathjs@7.4.0:lib/expression/embeddedDocs/function/statistics/prod.js (657)
Analyzing module mathjs@7.4.0:lib/expression/embeddedDocs/function/statistics/mode.js (658)
Analyzing module mathjs@7.4.0:lib/expression/embeddedDocs/function/statistics/min.js (659)
Analyzing module mathjs@7.4.0:lib/expression/embeddedDocs/function/statistics/median.js (660)
Analyzing module mathjs@7.4.0:lib/expression/embeddedDocs/function/statistics/mean.js (661)
Analyzing module mathjs@7.4.0:lib/expression/embeddedDocs/function/statistics/max.js (662)
Analyzing module mathjs@7.4.0:lib/expression/embeddedDocs/function/statistics/mad.js (663)
Analyzing module mathjs@7.4.0:lib/expression/embeddedDocs/function/special/erf.js (664)
Analyzing module mathjs@7.4.0:lib/expression/embeddedDocs/function/set/setUnion.js (665)
Analyzing module mathjs@7.4.0:lib/expression/embeddedDocs/function/set/setSymDifference.js (666)
Analyzing module mathjs@7.4.0:lib/expression/embeddedDocs/function/set/setSize.js (667)
Analyzing module mathjs@7.4.0:lib/expression/embeddedDocs/function/set/setPowerset.js (668)
Analyzing module mathjs@7.4.0:lib/expression/embeddedDocs/function/set/setMultiplicity.js (669)
Analyzing module mathjs@7.4.0:lib/expression/embeddedDocs/function/set/setIsSubset.js (670)
Analyzing module mathjs@7.4.0:lib/expression/embeddedDocs/function/set/setIntersect.js (671)
Analyzing module mathjs@7.4.0:lib/expression/embeddedDocs/function/set/setDistinct.js (672)
Analyzing module mathjs@7.4.0:lib/expression/embeddedDocs/function/set/setDifference.js (673)
Analyzing module mathjs@7.4.0:lib/expression/embeddedDocs/function/set/setCartesian.js (674)
Analyzing module mathjs@7.4.0:lib/expression/embeddedDocs/function/relational/unequal.js (675)
Analyzing module mathjs@7.4.0:lib/expression/embeddedDocs/function/relational/smallerEq.js (676)
Analyzing module mathjs@7.4.0:lib/expression/embeddedDocs/function/relational/smaller.js (677)
Analyzing module mathjs@7.4.0:lib/expression/embeddedDocs/function/relational/largerEq.js (678)
Analyzing module mathjs@7.4.0:lib/expression/embeddedDocs/function/relational/larger.js (679)
Analyzing module mathjs@7.4.0:lib/expression/embeddedDocs/function/relational/equalText.js (680)
Analyzing module mathjs@7.4.0:lib/expression/embeddedDocs/function/relational/equal.js (681)
Analyzing module mathjs@7.4.0:lib/expression/embeddedDocs/function/relational/deepEqual.js (682)
Analyzing module mathjs@7.4.0:lib/expression/embeddedDocs/function/relational/compareText.js (683)
Analyzing module mathjs@7.4.0:lib/expression/embeddedDocs/function/relational/compareNatural.js (684)
Analyzing module mathjs@7.4.0:lib/expression/embeddedDocs/function/relational/compare.js (685)
Analyzing module mathjs@7.4.0:lib/expression/embeddedDocs/function/probability/randomInt.js (686)
Analyzing module mathjs@7.4.0:lib/expression/embeddedDocs/function/probability/random.js (687)
Analyzing module mathjs@7.4.0:lib/expression/embeddedDocs/function/probability/pickRandom.js (688)
Analyzing module mathjs@7.4.0:lib/expression/embeddedDocs/function/probability/permutations.js (689)
Analyzing module mathjs@7.4.0:lib/expression/embeddedDocs/function/probability/multinomial.js (690)
Analyzing module mathjs@7.4.0:lib/expression/embeddedDocs/function/probability/kldivergence.js (691)
Analyzing module mathjs@7.4.0:lib/expression/embeddedDocs/function/probability/gamma.js (692)
Analyzing module mathjs@7.4.0:lib/expression/embeddedDocs/function/probability/factorial.js (693)
Analyzing module mathjs@7.4.0:lib/expression/embeddedDocs/function/probability/combinations.js (694)
Analyzing module mathjs@7.4.0:lib/expression/embeddedDocs/function/probability/combinationsWithRep.js (695)
Analyzing module mathjs@7.4.0:lib/expression/embeddedDocs/function/matrix/zeros.js (696)
Analyzing module mathjs@7.4.0:lib/expression/embeddedDocs/function/matrix/transpose.js (697)
Analyzing module mathjs@7.4.0:lib/expression/embeddedDocs/function/matrix/trace.js (698)
Analyzing module mathjs@7.4.0:lib/expression/embeddedDocs/function/matrix/subset.js (699)
Analyzing module mathjs@7.4.0:lib/expression/embeddedDocs/function/matrix/squeeze.js (700)
Analyzing module mathjs@7.4.0:lib/expression/embeddedDocs/function/matrix/sort.js (701)
Analyzing module mathjs@7.4.0:lib/expression/embeddedDocs/function/matrix/size.js (702)
Analyzing module mathjs@7.4.0:lib/expression/embeddedDocs/function/matrix/diff.js (703)
Analyzing module mathjs@7.4.0:lib/expression/embeddedDocs/function/matrix/reshape.js (704)
Analyzing module mathjs@7.4.0:lib/expression/embeddedDocs/function/matrix/resize.js (705)
Analyzing module mathjs@7.4.0:lib/expression/embeddedDocs/function/matrix/range.js (706)
Analyzing module mathjs@7.4.0:lib/expression/embeddedDocs/function/matrix/partitionSelect.js (707)
Analyzing module mathjs@7.4.0:lib/expression/embeddedDocs/function/matrix/ones.js (708)
Analyzing module mathjs@7.4.0:lib/expression/embeddedDocs/function/matrix/map.js (709)
Analyzing module mathjs@7.4.0:lib/expression/embeddedDocs/function/matrix/kron.js (710)
Analyzing module mathjs@7.4.0:lib/expression/embeddedDocs/function/matrix/inv.js (711)
Analyzing module mathjs@7.4.0:lib/expression/embeddedDocs/function/matrix/forEach.js (712)
Analyzing module mathjs@7.4.0:lib/expression/embeddedDocs/function/matrix/flatten.js (713)
Analyzing module mathjs@7.4.0:lib/expression/embeddedDocs/function/matrix/filter.js (714)
Analyzing module mathjs@7.4.0:lib/expression/embeddedDocs/function/matrix/identity.js (715)
Analyzing module mathjs@7.4.0:lib/expression/embeddedDocs/function/matrix/getMatrixDataType.js (716)
Analyzing module mathjs@7.4.0:lib/expression/embeddedDocs/function/matrix/dot.js (717)
Analyzing module mathjs@7.4.0:lib/expression/embeddedDocs/function/matrix/diag.js (718)
Analyzing module mathjs@7.4.0:lib/expression/embeddedDocs/function/matrix/det.js (719)
Analyzing module mathjs@7.4.0:lib/expression/embeddedDocs/function/matrix/ctranspose.js (720)
Analyzing module mathjs@7.4.0:lib/expression/embeddedDocs/function/matrix/cross.js (721)
Analyzing module mathjs@7.4.0:lib/expression/embeddedDocs/function/matrix/concat.js (722)
Analyzing module mathjs@7.4.0:lib/expression/embeddedDocs/function/logical/xor.js (723)
Analyzing module mathjs@7.4.0:lib/expression/embeddedDocs/function/logical/or.js (724)
Analyzing module mathjs@7.4.0:lib/expression/embeddedDocs/function/logical/not.js (725)
Analyzing module mathjs@7.4.0:lib/expression/embeddedDocs/function/logical/and.js (726)
Analyzing module mathjs@7.4.0:lib/expression/embeddedDocs/function/geometry/intersect.js (727)
Analyzing module mathjs@7.4.0:lib/expression/embeddedDocs/function/geometry/distance.js (728)
Analyzing module mathjs@7.4.0:lib/expression/embeddedDocs/function/expression/help.js (729)
Analyzing module mathjs@7.4.0:lib/expression/embeddedDocs/function/expression/evaluate.js (730)
Analyzing module mathjs@7.4.0:lib/expression/embeddedDocs/function/complex/im.js (731)
Analyzing module mathjs@7.4.0:lib/expression/embeddedDocs/function/complex/re.js (732)
Analyzing module mathjs@7.4.0:lib/expression/embeddedDocs/function/complex/conj.js (733)
Analyzing module mathjs@7.4.0:lib/expression/embeddedDocs/function/complex/arg.js (734)
Analyzing module mathjs@7.4.0:lib/expression/embeddedDocs/core/typed.js (735)
Analyzing module mathjs@7.4.0:lib/expression/embeddedDocs/core/import.js (736)
Analyzing module mathjs@7.4.0:lib/expression/embeddedDocs/core/config.js (737)
Analyzing module mathjs@7.4.0:lib/expression/embeddedDocs/function/combinatorics/stirlingS2.js (738)
Analyzing module mathjs@7.4.0:lib/expression/embeddedDocs/function/combinatorics/composition.js (739)
Analyzing module mathjs@7.4.0:lib/expression/embeddedDocs/function/combinatorics/catalan.js (740)
Analyzing module mathjs@7.4.0:lib/expression/embeddedDocs/function/combinatorics/bellNumbers.js (741)
Analyzing module mathjs@7.4.0:lib/expression/embeddedDocs/function/bitwise/rightLogShift.js (742)
Analyzing module mathjs@7.4.0:lib/expression/embeddedDocs/function/bitwise/rightArithShift.js (743)
Analyzing module mathjs@7.4.0:lib/expression/embeddedDocs/function/bitwise/leftShift.js (744)
Analyzing module mathjs@7.4.0:lib/expression/embeddedDocs/function/bitwise/bitXor.js (745)
Analyzing module mathjs@7.4.0:lib/expression/embeddedDocs/function/bitwise/bitOr.js (746)
Analyzing module mathjs@7.4.0:lib/expression/embeddedDocs/function/bitwise/bitNot.js (747)
Analyzing module mathjs@7.4.0:lib/expression/embeddedDocs/function/bitwise/bitAnd.js (748)
Analyzing module mathjs@7.4.0:lib/expression/embeddedDocs/function/arithmetic/xgcd.js (749)
Analyzing module mathjs@7.4.0:lib/expression/embeddedDocs/function/arithmetic/unaryPlus.js (750)
Analyzing module mathjs@7.4.0:lib/expression/embeddedDocs/function/arithmetic/unaryMinus.js (751)
Analyzing module mathjs@7.4.0:lib/expression/embeddedDocs/function/arithmetic/square.js (752)
Analyzing module mathjs@7.4.0:lib/expression/embeddedDocs/function/arithmetic/sqrtm.js (753)
Analyzing module mathjs@7.4.0:lib/expression/embeddedDocs/function/arithmetic/sqrt.js (754)
Analyzing module mathjs@7.4.0:lib/expression/embeddedDocs/function/arithmetic/sign.js (755)
Analyzing module mathjs@7.4.0:lib/expression/embeddedDocs/function/arithmetic/round.js (756)
Analyzing module mathjs@7.4.0:lib/expression/embeddedDocs/function/arithmetic/pow.js (757)
Analyzing module mathjs@7.4.0:lib/expression/embeddedDocs/function/arithmetic/nthRoots.js (758)
Analyzing module mathjs@7.4.0:lib/expression/embeddedDocs/function/arithmetic/nthRoot.js (759)
Analyzing module mathjs@7.4.0:lib/expression/embeddedDocs/function/arithmetic/norm.js (760)
Analyzing module mathjs@7.4.0:lib/expression/embeddedDocs/function/arithmetic/multiply.js (761)
Analyzing module mathjs@7.4.0:lib/expression/embeddedDocs/function/arithmetic/mod.js (762)
Analyzing module mathjs@7.4.0:lib/expression/embeddedDocs/function/arithmetic/log10.js (763)
Analyzing module mathjs@7.4.0:lib/expression/embeddedDocs/function/arithmetic/log1p.js (764)
Analyzing module mathjs@7.4.0:lib/expression/embeddedDocs/function/arithmetic/log2.js (765)
Analyzing module mathjs@7.4.0:lib/expression/embeddedDocs/function/arithmetic/log.js (766)
Analyzing module mathjs@7.4.0:lib/expression/embeddedDocs/function/arithmetic/lcm.js (767)
Analyzing module mathjs@7.4.0:lib/expression/embeddedDocs/function/arithmetic/hypot.js (768)
Analyzing module mathjs@7.4.0:lib/expression/embeddedDocs/function/arithmetic/gcd.js (769)
Analyzing module mathjs@7.4.0:lib/expression/embeddedDocs/function/arithmetic/floor.js (770)
Analyzing module mathjs@7.4.0:lib/expression/embeddedDocs/function/arithmetic/fix.js (771)
Analyzing module mathjs@7.4.0:lib/expression/embeddedDocs/function/arithmetic/expm1.js (772)
Analyzing module mathjs@7.4.0:lib/expression/embeddedDocs/function/arithmetic/expm.js (773)
Analyzing module mathjs@7.4.0:lib/expression/embeddedDocs/function/matrix/eigs.js (774)
Analyzing module mathjs@7.4.0:lib/expression/embeddedDocs/function/arithmetic/exp.js (775)
Analyzing module mathjs@7.4.0:lib/expression/embeddedDocs/function/arithmetic/dotMultiply.js (776)
Analyzing module mathjs@7.4.0:lib/expression/embeddedDocs/function/arithmetic/dotDivide.js (777)
Analyzing module mathjs@7.4.0:lib/expression/embeddedDocs/function/arithmetic/divide.js (778)
Analyzing module mathjs@7.4.0:lib/expression/embeddedDocs/function/arithmetic/cube.js (779)
Analyzing module mathjs@7.4.0:lib/expression/embeddedDocs/function/arithmetic/ceil.js (780)
Analyzing module mathjs@7.4.0:lib/expression/embeddedDocs/function/arithmetic/cbrt.js (781)
Analyzing module mathjs@7.4.0:lib/expression/embeddedDocs/function/arithmetic/add.js (782)
Analyzing module mathjs@7.4.0:lib/expression/embeddedDocs/function/arithmetic/abs.js (783)
Analyzing module mathjs@7.4.0:lib/expression/embeddedDocs/function/algebra/qr.js (784)
Analyzing module mathjs@7.4.0:lib/expression/embeddedDocs/function/algebra/usolve.js (785)
Analyzing module mathjs@7.4.0:lib/expression/embeddedDocs/function/algebra/usolveAll.js (786)
Analyzing module mathjs@7.4.0:lib/expression/embeddedDocs/function/algebra/slu.js (787)
Analyzing module mathjs@7.4.0:lib/expression/embeddedDocs/function/algebra/rationalize.js (788)
Analyzing module mathjs@7.4.0:lib/expression/embeddedDocs/function/algebra/simplify.js (789)
Analyzing module mathjs@7.4.0:lib/expression/embeddedDocs/function/algebra/lup.js (790)
Analyzing module mathjs@7.4.0:lib/expression/embeddedDocs/function/algebra/lsolve.js (791)
Analyzing module mathjs@7.4.0:lib/expression/embeddedDocs/function/algebra/lsolveAll.js (792)
Analyzing module mathjs@7.4.0:lib/expression/embeddedDocs/function/algebra/derivative.js (793)
Analyzing module mathjs@7.4.0:lib/expression/embeddedDocs/constants/version.js (794)
Analyzing module mathjs@7.4.0:lib/expression/embeddedDocs/constants/true.js (795)
Analyzing module mathjs@7.4.0:lib/expression/embeddedDocs/constants/tau.js (796)
Analyzing module mathjs@7.4.0:lib/expression/embeddedDocs/constants/SQRT2.js (797)
Analyzing module mathjs@7.4.0:lib/expression/embeddedDocs/constants/SQRT1_2.js (798)
Analyzing module mathjs@7.4.0:lib/expression/embeddedDocs/constants/phi.js (799)
Analyzing module mathjs@7.4.0:lib/expression/embeddedDocs/constants/pi.js (800)
Analyzing module mathjs@7.4.0:lib/expression/embeddedDocs/constants/null.js (801)
Analyzing module mathjs@7.4.0:lib/expression/embeddedDocs/constants/NaN.js (802)
Analyzing module mathjs@7.4.0:lib/expression/embeddedDocs/constants/LOG10E.js (803)
Analyzing module mathjs@7.4.0:lib/expression/embeddedDocs/constants/LOG2E.js (804)
Analyzing module mathjs@7.4.0:lib/expression/embeddedDocs/constants/LN10.js (805)
Analyzing module mathjs@7.4.0:lib/expression/embeddedDocs/constants/LN2.js (806)
Analyzing module mathjs@7.4.0:lib/expression/embeddedDocs/constants/Infinity.js (807)
Analyzing module mathjs@7.4.0:lib/expression/embeddedDocs/constants/i.js (808)
Analyzing module mathjs@7.4.0:lib/expression/embeddedDocs/constants/false.js (809)
Analyzing module mathjs@7.4.0:lib/expression/embeddedDocs/constants/e.js (810)
Analyzing module mathjs@7.4.0:lib/expression/embeddedDocs/construction/unit.js (811)
Analyzing module mathjs@7.4.0:lib/expression/embeddedDocs/construction/string.js (812)
Analyzing module mathjs@7.4.0:lib/expression/embeddedDocs/construction/splitUnit.js (813)
Analyzing module mathjs@7.4.0:lib/expression/embeddedDocs/construction/sparse.js (814)
Analyzing module mathjs@7.4.0:lib/expression/embeddedDocs/construction/number.js (815)
Analyzing module mathjs@7.4.0:lib/expression/embeddedDocs/construction/matrix.js (816)
Analyzing module mathjs@7.4.0:lib/expression/embeddedDocs/construction/index.js (817)
Analyzing module mathjs@7.4.0:lib/expression/embeddedDocs/construction/fraction.js (818)
Analyzing module mathjs@7.4.0:lib/expression/embeddedDocs/construction/createUnit.js (819)
Analyzing module mathjs@7.4.0:lib/expression/embeddedDocs/construction/complex.js (820)
Analyzing module mathjs@7.4.0:lib/expression/embeddedDocs/construction/boolean.js (821)
Analyzing module mathjs@7.4.0:lib/expression/embeddedDocs/function/arithmetic/dotPow.js (822)
Analyzing module mathjs@7.4.0:lib/expression/embeddedDocs/function/algebra/lusolve.js (823)
Analyzing module mathjs@7.4.0:lib/expression/embeddedDocs/function/arithmetic/subtract.js (824)
Analyzing module mathjs@7.4.0:lib/expression/embeddedDocs/function/statistics/variance.js (825)
Analyzing module mathjs@7.4.0:lib/expression/embeddedDocs/function/trigonometry/sin.js (826)
Analyzing module mathjs@7.4.0:lib/expression/embeddedDocs/function/utils/numeric.js (827)
Analyzing module mathjs@7.4.0:lib/expression/embeddedDocs/function/matrix/column.js (828)
Analyzing module mathjs@7.4.0:lib/expression/embeddedDocs/function/matrix/row.js (829)
Analyzing module mathjs@7.4.0:lib/expression/embeddedDocs/function/matrix/rotationMatrix.js (830)
Analyzing module typed-function@2.1.0:typed-function.js (831)
Analyzing module mathjs@7.4.0:lib/utils/number.js (832)
Analyzing module decimal.js@10.6.0:decimal.js (833)
Analyzing module complex.js@2.4.3:dist/complex.js (834)
Analyzing module fraction.js@4.3.7:fraction.cjs (835)
Analyzing module mathjs@7.4.0:lib/utils/string.js (836)
Analyzing module mathjs@7.4.0:lib/utils/collection.js (837)
Analyzing module mathjs@7.4.0:lib/plain/number/index.js (838)
Analyzing module mathjs@7.4.0:lib/utils/bignumber/nearlyEqual.js (839)
Analyzing module mathjs@7.4.0:lib/utils/complex.js (840)
Analyzing module mathjs@7.4.0:lib/type/matrix/utils/algorithm11.js (841)
Analyzing module mathjs@7.4.0:lib/type/matrix/utils/algorithm14.js (842)
Analyzing module mathjs@7.4.0:lib/type/matrix/utils/algorithm01.js (843)
Analyzing module mathjs@7.4.0:lib/type/matrix/utils/algorithm04.js (844)
Analyzing module mathjs@7.4.0:lib/type/matrix/utils/algorithm10.js (845)
Analyzing module mathjs@7.4.0:lib/type/matrix/utils/algorithm13.js (846)
Analyzing module mathjs@7.4.0:lib/type/matrix/utils/algorithm02.js (847)
Analyzing module mathjs@7.4.0:lib/type/matrix/utils/algorithm06.js (848)
Analyzing module mathjs@7.4.0:lib/type/matrix/utils/algorithm03.js (849)
Analyzing module mathjs@7.4.0:lib/type/matrix/utils/algorithm05.js (850)
Analyzing module mathjs@7.4.0:lib/type/matrix/utils/algorithm12.js (851)
Analyzing module mathjs@7.4.0:lib/type/matrix/utils/algorithm09.js (852)
Analyzing module mathjs@7.4.0:lib/utils/bignumber/bitwise.js (853)
Analyzing module mathjs@7.4.0:lib/type/matrix/utils/algorithm07.js (854)
Analyzing module mathjs@7.4.0:lib/utils/function.js (855)
Analyzing module mathjs@7.4.0:lib/utils/noop.js (856)
Analyzing module mathjs@7.4.0:lib/utils/customs.js (857)
Analyzing module mathjs@7.4.0:lib/function/statistics/utils/improveErrorMessage.js (858)
Analyzing module mathjs@7.4.0:lib/function/string/baseUtils.js (859)
Analyzing module mathjs@7.4.0:lib/function/algebra/solver/utils/solveValidation.js (860)
Analyzing module mathjs@7.4.0:lib/type/matrix/utils/algorithm08.js (861)
Analyzing module javascript-natural-sort@0.7.1:naturalSort.js (862)
Analyzing module mathjs@7.4.0:lib/utils/bignumber/constants.js (863)
Analyzing module mathjs@7.4.0:lib/expression/keywords.js (864)
Analyzing module mathjs@7.4.0:lib/expression/node/utils/access.js (865)
Analyzing module mathjs@7.4.0:lib/expression/node/utils/assign.js (866)
Analyzing module mathjs@7.4.0:lib/expression/operators.js (867)
Analyzing module mathjs@7.4.0:lib/utils/latex.js (868)
Analyzing module mathjs@7.4.0:lib/function/algebra/sparse/csSqr.js (869)
Analyzing module mathjs@7.4.0:lib/function/algebra/sparse/csLu.js (870)
Analyzing module mathjs@7.4.0:lib/function/algebra/sparse/csIpvec.js (871)
Analyzing module mathjs@7.4.0:lib/plain/number/combinations.js (872)
Analyzing module mathjs@7.4.0:lib/utils/product.js (873)
Analyzing module mathjs@7.4.0:lib/function/probability/util/seededRNG.js (874)
Analyzing module mathjs@7.4.0:lib/function/probability/util/randomMatrix.js (875)
Analyzing module mathjs@7.4.0:lib/function/algebra/simplify/util.js (876)
Analyzing module mathjs@7.4.0:lib/function/algebra/simplify/simplifyCore.js (877)
Analyzing module mathjs@7.4.0:lib/function/algebra/simplify/simplifyConstant.js (878)
Analyzing module mathjs@7.4.0:lib/function/algebra/simplify/resolve.js (879)
Analyzing module mathjs@7.4.0:lib/version.js (880)
Analyzing module mathjs@7.4.0:lib/expression/transform/utils/errorTransform.js (881)
Analyzing module mathjs@7.4.0:lib/expression/transform/utils/compileInlineExpression.js (882)
Analyzing module tiny-emitter@2.1.0:index.js (883)
Analyzing module mathjs@7.4.0:lib/utils/bignumber/formatter.js (884)
Analyzing module mathjs@7.4.0:lib/plain/number/arithmetic.js (885)
Analyzing module mathjs@7.4.0:lib/plain/number/bitwise.js (886)
Analyzing module mathjs@7.4.0:lib/plain/number/constants.js (887)
Analyzing module mathjs@7.4.0:lib/plain/number/logical.js (888)
Analyzing module mathjs@7.4.0:lib/plain/number/relational.js (889)
Analyzing module mathjs@7.4.0:lib/plain/number/probability.js (890)
Analyzing module mathjs@7.4.0:lib/plain/number/trigonometry.js (891)
Analyzing module mathjs@7.4.0:lib/plain/number/utils.js (892)
Analyzing module escape-latex@1.2.0:dist/index.js (893)
Analyzing module mathjs@7.4.0:lib/function/algebra/sparse/csPermute.js (894)
Analyzing module mathjs@7.4.0:lib/function/algebra/sparse/csPost.js (895)
Analyzing module mathjs@7.4.0:lib/function/algebra/sparse/csEtree.js (896)
Analyzing module mathjs@7.4.0:lib/function/algebra/sparse/csAmd.js (897)
Analyzing module mathjs@7.4.0:lib/function/algebra/sparse/csCounts.js (898)
Analyzing module mathjs@7.4.0:lib/function/algebra/sparse/csSpsolve.js (899)
Analyzing module seed-random@2.2.0:index.js (900)
Analyzing module mathjs@7.4.0:lib/function/algebra/sparse/csTdfs.js (901)
Analyzing module mathjs@7.4.0:lib/function/algebra/sparse/csFkeep.js (902)
Analyzing module mathjs@7.4.0:lib/function/algebra/sparse/csFlip.js (903)
Analyzing module mathjs@7.4.0:lib/function/algebra/sparse/csLeaf.js (904)
Analyzing module mathjs@7.4.0:lib/function/algebra/sparse/csReach.js (905)
Analyzing module mathjs@7.4.0:lib/function/algebra/sparse/csMarked.js (906)
Analyzing module mathjs@7.4.0:lib/function/algebra/sparse/csMark.js (907)
Analyzing module mathjs@7.4.0:lib/function/algebra/sparse/csDfs.js (908)
Analyzing module mathjs@7.4.0:lib/function/algebra/sparse/csUnflip.js (909)
Analyzed packages: 10, modules: 909, functions: 3976, code size main: 1KB, dependencies: 2394KB
Call edges function->function: 23827, call->function: 26256
Calls with zero or one callee: 8400/16624 (50.53%), multiple: 575/16624 (3.46%), native or external: 7649/16624 (46.01%)
Functions with zero callers: 2212/3976 (55.63%), reachable functions: 915/3976 (23.01%)
Analysis time: 4124ms, memory usage: 606MB (without --gc)
Analysis errors: 0, warnings: 346 (show all with --warnings-unsupported)
