Analyzing module <anonymous>:uifabric-utilities.test.js (1)
Analyzing module @uifabric/utilities@7.20.2:lib-commonjs/index.js (2)
Analyzing module tslib@1.14.1:tslib.js (3)
Analyzing module @uifabric/utilities@7.20.2:lib-commonjs/Async.js (4)
Analyzing module @uifabric/utilities@7.20.2:lib-commonjs/AutoScroll.js (5)
Analyzing module @uifabric/utilities@7.20.2:lib-commonjs/BaseComponent.js (6)
Analyzing module @uifabric/utilities@7.20.2:lib-commonjs/DelayedRender.js (7)
Analyzing module @uifabric/utilities@7.20.2:lib-commonjs/EventGroup.js (8)
Analyzing module @uifabric/utilities@7.20.2:lib-commonjs/FabricPerformance.js (9)
Analyzing module @uifabric/utilities@7.20.2:lib-commonjs/GlobalSettings.js (10)
Analyzing module @uifabric/utilities@7.20.2:lib-commonjs/KeyCodes.js (11)
Analyzing module @uifabric/utilities@7.20.2:lib-commonjs/Rectangle.js (12)
Analyzing module @uifabric/utilities@7.20.2:lib-commonjs/appendFunction.js (13)
Analyzing module @uifabric/utilities@7.20.2:lib-commonjs/aria.js (14)
Analyzing module @uifabric/utilities@7.20.2:lib-commonjs/array.js (15)
Analyzing module @uifabric/utilities@7.20.2:lib-commonjs/asAsync.js (16)
Analyzing module @uifabric/utilities@7.20.2:lib-commonjs/assertNever.js (17)
Analyzing module @uifabric/utilities@7.20.2:lib-commonjs/classNamesFunction.js (18)
Analyzing module @uifabric/utilities@7.20.2:lib-commonjs/componentAs/composeComponentAs.js (19)
Analyzing module @uifabric/utilities@7.20.2:lib-commonjs/controlled.js (20)
Analyzing module @uifabric/utilities@7.20.2:lib-commonjs/css.js (21)
Analyzing module @uifabric/utilities@7.20.2:lib-commonjs/customizations/Customizations.js (22)
Analyzing module @uifabric/utilities@7.20.2:lib-commonjs/customizations/Customizer.js (23)
Analyzing module @uifabric/utilities@7.20.2:lib-commonjs/customizations/CustomizerContext.js (24)
Analyzing module @uifabric/utilities@7.20.2:lib-commonjs/customizations/customizable.js (25)
Analyzing module @uifabric/utilities@7.20.2:lib-commonjs/customizations/useCustomizationSettings.js (26)
Analyzing module @uifabric/utilities@7.20.2:lib-commonjs/customizations/mergeCustomizations.js (27)
Analyzing module @uifabric/utilities@7.20.2:lib-commonjs/customizations/mergeSettings.js (28)
Analyzing module @uifabric/utilities@7.20.2:lib-commonjs/dom.js (29)
Analyzing module @uifabric/utilities@7.20.2:lib-commonjs/extendComponent.js (30)
Analyzing module @uifabric/utilities@7.20.2:lib-commonjs/focus.js (31)
Analyzing module @uifabric/utilities@7.20.2:lib-commonjs/getId.js (32)
Analyzing module @uifabric/utilities@7.20.2:lib-commonjs/getNativeElementProps.js (33)
Analyzing module @uifabric/utilities@7.20.2:lib-commonjs/hoist.js (34)
Analyzing module @uifabric/utilities@7.20.2:lib-commonjs/hoistStatics.js (35)
Analyzing module @uifabric/utilities@7.20.2:lib-commonjs/initializeComponentRef.js (36)
Analyzing module @uifabric/utilities@7.20.2:lib-commonjs/initializeFocusRects.js (37)
Analyzing module @uifabric/utilities@7.20.2:lib-commonjs/useFocusRects.js (38)
Analyzing module @uifabric/utilities@7.20.2:lib-commonjs/initials.js (39)
Analyzing module @uifabric/utilities@7.20.2:lib-commonjs/keyboard.js (40)
Analyzing module @uifabric/utilities@7.20.2:lib-commonjs/language.js (41)
Analyzing module @uifabric/utilities@7.20.2:lib-commonjs/math.js (42)
Analyzing module @uifabric/utilities@7.20.2:lib-commonjs/memoize.js (43)
Analyzing module @uifabric/utilities@7.20.2:lib-commonjs/merge.js (44)
Analyzing module @uifabric/utilities@7.20.2:lib-commonjs/mobileDetector.js (45)
Analyzing module @uifabric/utilities@7.20.2:lib-commonjs/object.js (46)
Analyzing module @uifabric/utilities@7.20.2:lib-commonjs/osDetector.js (47)
Analyzing module @uifabric/utilities@7.20.2:lib-commonjs/overflow.js (48)
Analyzing module @uifabric/utilities@7.20.2:lib-commonjs/properties.js (49)
Analyzing module @uifabric/utilities@7.20.2:lib-commonjs/renderFunction/composeRenderFunction.js (50)
Analyzing module @uifabric/utilities@7.20.2:lib-commonjs/resources.js (51)
Analyzing module @uifabric/utilities@7.20.2:lib-commonjs/rtl.js (52)
Analyzing module @uifabric/utilities@7.20.2:lib-commonjs/safeRequestAnimationFrame.js (53)
Analyzing module @uifabric/utilities@7.20.2:lib-commonjs/safeSetTimeout.js (54)
Analyzing module @uifabric/utilities@7.20.2:lib-commonjs/scroll.js (55)
Analyzing module @uifabric/utilities@7.20.2:lib-commonjs/selection/index.js (56)
Analyzing module @uifabric/utilities@7.20.2:lib-commonjs/string.js (57)
Analyzing module @uifabric/utilities@7.20.2:lib-commonjs/styled.js (58)
Analyzing module @uifabric/utilities@7.20.2:lib-commonjs/warn.js (59)
Analyzing module @uifabric/utilities@7.20.2:lib-commonjs/ie11Detector.js (60)
Analyzing module @uifabric/utilities@7.20.2:lib-commonjs/getPropsWithDefaults.js (61)
Analyzing module @uifabric/utilities@7.20.2:lib-commonjs/setFocusVisibility.js (62)
Analyzing module @uifabric/utilities@7.20.2:lib-commonjs/dom/setSSR.js (63)
Analyzing module @uifabric/utilities@7.20.2:lib-commonjs/version.js (64)
Analyzing module @uifabric/utilities@7.20.2:lib-commonjs/dom/getWindow.js (65)
Analyzing module @uifabric/utilities@7.20.2:lib-commonjs/dom/getRect.js (66)
Analyzing module react@16.14.0:index.js (67)
Analyzing module @uifabric/utilities@7.20.2:lib-commonjs/warn/warnConditionallyRequiredProps.js (68)
Analyzing module @uifabric/utilities@7.20.2:lib-commonjs/warn/warnMutuallyExclusive.js (69)
Analyzing module @uifabric/utilities@7.20.2:lib-commonjs/warn/warnDeprecations.js (70)
Analyzing module @uifabric/merge-styles@7.20.2:lib-commonjs/index.js (71)
Analyzing module @uifabric/utilities@7.20.2:lib-commonjs/dom/elementContains.js (72)
Analyzing module @uifabric/utilities@7.20.2:lib-commonjs/dom/elementContainsAttribute.js (73)
Analyzing module @uifabric/utilities@7.20.2:lib-commonjs/dom/findElementRecursive.js (74)
Analyzing module @uifabric/utilities@7.20.2:lib-commonjs/dom/getChildren.js (75)
Analyzing module @uifabric/utilities@7.20.2:lib-commonjs/dom/getDocument.js (76)
Analyzing module @uifabric/utilities@7.20.2:lib-commonjs/dom/getParent.js (77)
Analyzing module @uifabric/utilities@7.20.2:lib-commonjs/dom/getVirtualParent.js (78)
Analyzing module @uifabric/utilities@7.20.2:lib-commonjs/dom/isVirtualElement.js (79)
Analyzing module @uifabric/utilities@7.20.2:lib-commonjs/dom/on.js (80)
Analyzing module @uifabric/utilities@7.20.2:lib-commonjs/dom/portalContainsElement.js (81)
Analyzing module @uifabric/utilities@7.20.2:lib-commonjs/dom/raiseClick.js (82)
Analyzing module @uifabric/utilities@7.20.2:lib-commonjs/dom/setPortalAttribute.js (83)
Analyzing module @uifabric/utilities@7.20.2:lib-commonjs/dom/setVirtualParent.js (84)
Analyzing module @uifabric/utilities@7.20.2:lib-commonjs/localStorage.js (85)
Analyzing module @uifabric/utilities@7.20.2:lib-commonjs/sessionStorage.js (86)
Analyzing module @uifabric/utilities@7.20.2:lib-commonjs/selection/Selection.types.js (87)
Analyzing module @uifabric/utilities@7.20.2:lib-commonjs/selection/Selection.js (88)
Analyzing module @uifabric/utilities@7.20.2:lib-commonjs/warn/warn.js (89)
Analyzing module @uifabric/utilities@7.20.2:lib-commonjs/warn/warnControlledUsage.js (90)
Analyzing module @uifabric/set-version@7.0.24:lib-commonjs/index.js (91)
Analyzing module react@16.14.0:cjs/react.production.min.js (92)
Analyzing module react@16.14.0:cjs/react.development.js (93)
Analyzing module @uifabric/merge-styles@7.20.2:lib-commonjs/mergeStyles.js (94)
Analyzing module @uifabric/merge-styles@7.20.2:lib-commonjs/mergeStyleSets.js (95)
Analyzing module @uifabric/merge-styles@7.20.2:lib-commonjs/concatStyleSets.js (96)
Analyzing module @uifabric/merge-styles@7.20.2:lib-commonjs/concatStyleSetsWithProps.js (97)
Analyzing module @uifabric/merge-styles@7.20.2:lib-commonjs/fontFace.js (98)
Analyzing module @uifabric/merge-styles@7.20.2:lib-commonjs/keyframes.js (99)
Analyzing module @uifabric/merge-styles@7.20.2:lib-commonjs/Stylesheet.js (100)
Analyzing module @uifabric/merge-styles@7.20.2:lib-commonjs/StyleOptionsState.js (101)
Analyzing module @uifabric/merge-styles@7.20.2:lib-commonjs/version.js (102)
Analyzing module @uifabric/set-version@7.0.24:lib-commonjs/setVersion.js (103)
Analyzing module object-assign@4.1.1:index.js (104)
Analyzing module prop-types@15.8.1:checkPropTypes.js (105)
Analyzing module @uifabric/merge-styles@7.20.2:lib-commonjs/extractStyleParts.js (106)
Analyzing module @uifabric/merge-styles@7.20.2:lib-commonjs/styleToClassName.js (107)
Analyzing module prop-types@15.8.1:lib/ReactPropTypesSecret.js (108)
Analyzing module prop-types@15.8.1:lib/has.js (109)
Analyzing module @uifabric/merge-styles@7.20.2:lib-commonjs/transforms/kebabRules.js (110)
Analyzing module @uifabric/merge-styles@7.20.2:lib-commonjs/transforms/prefixRules.js (111)
Analyzing module @uifabric/merge-styles@7.20.2:lib-commonjs/transforms/provideUnits.js (112)
Analyzing module @uifabric/merge-styles@7.20.2:lib-commonjs/transforms/rtlifyRules.js (113)
Analyzing module @uifabric/merge-styles@7.20.2:lib-commonjs/getVendorSettings.js (114)
Analyzed packages: 8, modules: 114, functions: 653, code size main: 1KB, dependencies: 334KB
Call edges function->function: 584, call->function: 691
Calls with zero or one callee: 943/1835 (51.39%), multiple: 46/1835 (2.51%), native or external: 846/1835 (46.10%)
Functions with zero callers: 345/653 (52.83%), reachable functions: 79/653 (12.10%)
Analysis time: 633ms, memory usage: 113MB (without --gc)
Analysis errors: 0, warnings: 102 (show all with --warnings-unsupported)
