Analyzing module <anonymous>:fluentui-styles.test.js (1)
Analyzing module @fluentui/styles@0.47.15:dist/commonjs/index.js (2)
Analyzing module @babel/runtime@7.29.7:helpers/interopRequireWildcard.js (3)
Analyzing module @babel/runtime@7.29.7:helpers/interopRequireDefault.js (4)
Analyzing module @fluentui/styles@0.47.15:dist/commonjs/callable.js (5)
Analyzing module @fluentui/styles@0.47.15:dist/commonjs/createTheme.js (6)
Analyzing module @fluentui/styles@0.47.15:dist/commonjs/debugEnabled.js (7)
Analyzing module @fluentui/styles@0.47.15:dist/commonjs/deepmerge.js (8)
Analyzing module @fluentui/styles@0.47.15:dist/commonjs/mergeThemes.js (9)
Analyzing module @fluentui/styles@0.47.15:dist/commonjs/objectKeysToValues.js (10)
Analyzing module @fluentui/styles@0.47.15:dist/commonjs/withDebugId.js (11)
Analyzing module @fluentui/styles@0.47.15:dist/commonjs/types.js (12)
Analyzing module @babel/runtime@7.29.7:helpers/typeof.js (13)
Analyzing module @babel/runtime@7.29.7:helpers/toConsumableArray.js (14)
Analyzing module @babel/runtime@7.29.7:helpers/objectWithoutProperties.js (15)
Analyzing module lodash@4.18.1:keys.js (16)
Analyzing module lodash@4.18.1:map.js (17)
Analyzing module lodash@4.18.1:union.js (18)
Analyzing module lodash@4.18.1:forEach.js (19)
Analyzing module lodash@4.18.1:merge.js (20)
Analyzing module lodash@4.18.1:isPlainObject.js (21)
Analyzing module @fluentui/styles@0.47.15:dist/commonjs/toCompactArray.js (22)
Analyzing module @babel/runtime@7.29.7:helpers/arrayWithoutHoles.js (23)
Analyzing module @babel/runtime@7.29.7:helpers/iterableToArray.js (24)
Analyzing module @babel/runtime@7.29.7:helpers/unsupportedIterableToArray.js (25)
Analyzing module @babel/runtime@7.29.7:helpers/nonIterableSpread.js (26)
Analyzing module @babel/runtime@7.29.7:helpers/objectWithoutPropertiesLoose.js (27)
Analyzing module lodash@4.18.1:_arrayLikeKeys.js (28)
Analyzing module lodash@4.18.1:_baseKeys.js (29)
Analyzing module lodash@4.18.1:isArrayLike.js (30)
Analyzing module lodash@4.18.1:_arrayMap.js (31)
Analyzing module lodash@4.18.1:_baseIteratee.js (32)
Analyzing module lodash@4.18.1:_baseMap.js (33)
Analyzing module lodash@4.18.1:isArray.js (34)
Analyzing module lodash@4.18.1:_baseFlatten.js (35)
Analyzing module lodash@4.18.1:_baseRest.js (36)
Analyzing module lodash@4.18.1:_baseUniq.js (37)
Analyzing module lodash@4.18.1:isArrayLikeObject.js (38)
Analyzing module lodash@4.18.1:_arrayEach.js (39)
Analyzing module lodash@4.18.1:_baseEach.js (40)
Analyzing module lodash@4.18.1:_castFunction.js (41)
Analyzing module lodash@4.18.1:_baseMerge.js (42)
Analyzing module lodash@4.18.1:_createAssigner.js (43)
Analyzing module lodash@4.18.1:_baseGetTag.js (44)
Analyzing module lodash@4.18.1:_getPrototype.js (45)
Analyzing module lodash@4.18.1:isObjectLike.js (46)
Analyzing module @babel/runtime@7.29.7:helpers/arrayLikeToArray.js (47)
Analyzing module lodash@4.18.1:_baseTimes.js (48)
Analyzing module lodash@4.18.1:isArguments.js (49)
Analyzing module lodash@4.18.1:isBuffer.js (50)
Analyzing module lodash@4.18.1:_isIndex.js (51)
Analyzing module lodash@4.18.1:isTypedArray.js (52)
Analyzing module lodash@4.18.1:_isPrototype.js (53)
Analyzing module lodash@4.18.1:_nativeKeys.js (54)
Analyzing module lodash@4.18.1:isFunction.js (55)
Analyzing module lodash@4.18.1:isLength.js (56)
Analyzing module lodash@4.18.1:_baseMatches.js (57)
Analyzing module lodash@4.18.1:_baseMatchesProperty.js (58)
Analyzing module lodash@4.18.1:identity.js (59)
Analyzing module lodash@4.18.1:property.js (60)
Analyzing module lodash@4.18.1:_arrayPush.js (61)
Analyzing module lodash@4.18.1:_isFlattenable.js (62)
Analyzing module lodash@4.18.1:_overRest.js (63)
Analyzing module lodash@4.18.1:_setToString.js (64)
Analyzing module lodash@4.18.1:_SetCache.js (65)
Analyzing module lodash@4.18.1:_arrayIncludes.js (66)
Analyzing module lodash@4.18.1:_arrayIncludesWith.js (67)
Analyzing module lodash@4.18.1:_cacheHas.js (68)
Analyzing module lodash@4.18.1:_createSet.js (69)
Analyzing module lodash@4.18.1:_setToArray.js (70)
Analyzing module lodash@4.18.1:_baseForOwn.js (71)
Analyzing module lodash@4.18.1:_createBaseEach.js (72)
Analyzing module lodash@4.18.1:_Stack.js (73)
Analyzing module lodash@4.18.1:_assignMergeValue.js (74)
Analyzing module lodash@4.18.1:_baseFor.js (75)
Analyzing module lodash@4.18.1:_baseMergeDeep.js (76)
Analyzing module lodash@4.18.1:isObject.js (77)
Analyzing module lodash@4.18.1:keysIn.js (78)
Analyzing module lodash@4.18.1:_safeGet.js (79)
Analyzing module lodash@4.18.1:_isIterateeCall.js (80)
Analyzing module lodash@4.18.1:_Symbol.js (81)
Analyzing module lodash@4.18.1:_getRawTag.js (82)
Analyzing module lodash@4.18.1:_objectToString.js (83)
Analyzing module lodash@4.18.1:_overArg.js (84)
Analyzing module lodash@4.18.1:_baseIsArguments.js (85)
Analyzing module lodash@4.18.1:_root.js (86)
Analyzing module lodash@4.18.1:stubFalse.js (87)
Analyzing module lodash@4.18.1:_baseIsTypedArray.js (88)
Analyzing module lodash@4.18.1:_baseUnary.js (89)
Analyzing module lodash@4.18.1:_nodeUtil.js (90)
Analyzing module lodash@4.18.1:_baseIsMatch.js (91)
Analyzing module lodash@4.18.1:_getMatchData.js (92)
Analyzing module lodash@4.18.1:_matchesStrictComparable.js (93)
Analyzing module lodash@4.18.1:_baseIsEqual.js (94)
Analyzing module lodash@4.18.1:get.js (95)
Analyzing module lodash@4.18.1:hasIn.js (96)
Analyzing module lodash@4.18.1:_isKey.js (97)
Analyzing module lodash@4.18.1:_isStrictComparable.js (98)
Analyzing module lodash@4.18.1:_toKey.js (99)
Analyzing module lodash@4.18.1:_baseProperty.js (100)
Analyzing module lodash@4.18.1:_basePropertyDeep.js (101)
Analyzing module lodash@4.18.1:_apply.js (102)
Analyzing module lodash@4.18.1:_baseSetToString.js (103)
Analyzing module lodash@4.18.1:_shortOut.js (104)
Analyzing module lodash@4.18.1:_MapCache.js (105)
Analyzing module lodash@4.18.1:_setCacheAdd.js (106)
Analyzing module lodash@4.18.1:_setCacheHas.js (107)
Analyzing module lodash@4.18.1:_baseIndexOf.js (108)
Analyzing module lodash@4.18.1:_Set.js (109)
Analyzing module lodash@4.18.1:noop.js (110)
Analyzing module lodash@4.18.1:_ListCache.js (111)
Analyzing module lodash@4.18.1:_stackClear.js (112)
Analyzing module lodash@4.18.1:_stackDelete.js (113)
Analyzing module lodash@4.18.1:_stackGet.js (114)
Analyzing module lodash@4.18.1:_stackHas.js (115)
Analyzing module lodash@4.18.1:_stackSet.js (116)
Analyzing module lodash@4.18.1:_baseAssignValue.js (117)
Analyzing module lodash@4.18.1:eq.js (118)
Analyzing module lodash@4.18.1:_createBaseFor.js (119)
Analyzing module lodash@4.18.1:_cloneBuffer.js (120)
Analyzing module lodash@4.18.1:_cloneTypedArray.js (121)
Analyzing module lodash@4.18.1:_copyArray.js (122)
Analyzing module lodash@4.18.1:_initCloneObject.js (123)
Analyzing module lodash@4.18.1:toPlainObject.js (124)
Analyzing module lodash@4.18.1:_baseKeysIn.js (125)
Analyzing module lodash@4.18.1:_freeGlobal.js (126)
Analyzing module lodash@4.18.1:_baseIsEqualDeep.js (127)
Analyzing module lodash@4.18.1:_baseGet.js (128)
Analyzing module lodash@4.18.1:_baseHasIn.js (129)
Analyzing module lodash@4.18.1:_hasPath.js (130)
Analyzing module lodash@4.18.1:isSymbol.js (131)
Analyzing module lodash@4.18.1:constant.js (132)
Analyzing module lodash@4.18.1:_defineProperty.js (133)
Analyzing module lodash@4.18.1:_mapCacheClear.js (134)
Analyzing module lodash@4.18.1:_mapCacheDelete.js (135)
Analyzing module lodash@4.18.1:_mapCacheGet.js (136)
Analyzing module lodash@4.18.1:_mapCacheHas.js (137)
Analyzing module lodash@4.18.1:_mapCacheSet.js (138)
Analyzing module lodash@4.18.1:_baseFindIndex.js (139)
Analyzing module lodash@4.18.1:_baseIsNaN.js (140)
Analyzing module lodash@4.18.1:_strictIndexOf.js (141)
Analyzing module lodash@4.18.1:_getNative.js (142)
Analyzing module lodash@4.18.1:_listCacheClear.js (143)
Analyzing module lodash@4.18.1:_listCacheDelete.js (144)
Analyzing module lodash@4.18.1:_listCacheGet.js (145)
Analyzing module lodash@4.18.1:_listCacheHas.js (146)
Analyzing module lodash@4.18.1:_listCacheSet.js (147)
Analyzing module lodash@4.18.1:_Map.js (148)
Analyzing module lodash@4.18.1:_cloneArrayBuffer.js (149)
Analyzing module lodash@4.18.1:_baseCreate.js (150)
Analyzing module lodash@4.18.1:_copyObject.js (151)
Analyzing module lodash@4.18.1:_nativeKeysIn.js (152)
Analyzing module lodash@4.18.1:_equalArrays.js (153)
Analyzing module lodash@4.18.1:_equalByTag.js (154)
Analyzing module lodash@4.18.1:_equalObjects.js (155)
Analyzing module lodash@4.18.1:_getTag.js (156)
Analyzing module lodash@4.18.1:_castPath.js (157)
Analyzing module lodash@4.18.1:_Hash.js (158)
Analyzing module lodash@4.18.1:_getMapData.js (159)
Analyzing module lodash@4.18.1:_baseIsNative.js (160)
Analyzing module lodash@4.18.1:_getValue.js (161)
Analyzing module lodash@4.18.1:_assocIndexOf.js (162)
Analyzing module lodash@4.18.1:_Uint8Array.js (163)
Analyzing module lodash@4.18.1:_assignValue.js (164)
Analyzing module lodash@4.18.1:_arraySome.js (165)
Analyzing module lodash@4.18.1:_mapToArray.js (166)
Analyzing module lodash@4.18.1:_getAllKeys.js (167)
Analyzing module lodash@4.18.1:_DataView.js (168)
Analyzing module lodash@4.18.1:_Promise.js (169)
Analyzing module lodash@4.18.1:_WeakMap.js (170)
Analyzing module lodash@4.18.1:_toSource.js (171)
Analyzing module lodash@4.18.1:_stringToPath.js (172)
Analyzing module lodash@4.18.1:toString.js (173)
Analyzing module lodash@4.18.1:_hashClear.js (174)
Analyzing module lodash@4.18.1:_hashDelete.js (175)
Analyzing module lodash@4.18.1:_hashGet.js (176)
Analyzing module lodash@4.18.1:_hashHas.js (177)
Analyzing module lodash@4.18.1:_hashSet.js (178)
Analyzing module lodash@4.18.1:_isKeyable.js (179)
Analyzing module lodash@4.18.1:_isMasked.js (180)
Analyzing module lodash@4.18.1:_baseGetAllKeys.js (181)
Analyzing module lodash@4.18.1:_getSymbols.js (182)
Analyzing module lodash@4.18.1:_memoizeCapped.js (183)
Analyzing module lodash@4.18.1:_baseToString.js (184)
Analyzing module lodash@4.18.1:_nativeCreate.js (185)
Analyzing module lodash@4.18.1:_coreJsData.js (186)
Analyzing module lodash@4.18.1:_arrayFilter.js (187)
Analyzing module lodash@4.18.1:stubArray.js (188)
Analyzing module lodash@4.18.1:memoize.js (189)
Analyzed packages: 4, modules: 189, functions: 263, code size main: 1KB, dependencies: 153KB
Call edges function->function: 498, call->function: 559
Calls with zero or one callee: 435/1023 (42.52%), multiple: 79/1023 (7.72%), native or external: 509/1023 (49.76%)
Functions with zero callers: 29/263 (11.03%), reachable functions: 182/263 (69.20%)
Analysis time: 502ms, memory usage: 91MB (without --gc)
Analysis errors: 0, warnings: 96 (show all with --warnings-unsupported)
