Analyzing module <anonymous>:connie.test.js (1)
Analyzing module connie@0.1.0:lib/connie.js (2)
Analyzing module connie@0.1.0:lib/storage/dir.js (3)
Analyzing module connie@0.1.0:lib/storage/file.js (4)
Analyzing module connie@0.1.0:lib/storage/http.js (5)
Analyzing module connie@0.1.0:lib/storage/env.js (6)
Analyzing module connie@0.1.0:lib/config.js (7)
Analyzing module connie@0.1.0:lib/combine-config.js (8)
Analyzing module bluebird@2.9.34:js/main/bluebird.js (9)
Analyzing module connie@0.1.0:lib/utils.js (10)
Analyzing module got@4.1.1:index.js (11)
Analyzing module lodash.isplainobject@2.4.1:index.js (12)
Analyzing module connie-lang@0.1.0:lib/connie-lang.js (13)
Analyzing module bluebird@2.9.34:js/main/promise.js (14)
Analyzing module strip-comments@0.3.2:index.js (15)
Analyzing module object-assign@3.0.0:index.js (16)
Analyzing module duplexify@3.7.1:index.js (17)
Analyzing module is-stream@1.1.0:index.js (18)
Analyzing module read-all-stream@3.1.0:index.js (19)
Analyzing module timed-out@2.0.0:index.js (20)
Analyzing module prepend-http@1.0.4:index.js (21)
Analyzing module lowercase-keys@1.0.1:index.js (22)
Analyzing module is-redirect@1.0.0:index.js (23)
Analyzing module pinkie-promise@1.0.0:index.js (24)
Analyzing module unzip-response@1.0.2:index.js (25)
Analyzing module create-error-class@2.0.1:index.js (26)
Analyzing module node-status-codes@1.0.0:index.js (27)
Analyzing module is-plain-obj@1.1.0:index.js (28)
Analyzing module lodash._isnative@2.4.1:index.js (29)
Analyzing module lodash._shimisplainobject@2.4.1:index.js (30)
Analyzing module bluebird@2.9.34:js/main/util.js (31)
Analyzing module bluebird@2.9.34:js/main/async.js (32)
Analyzing module bluebird@2.9.34:js/main/errors.js (33)
Analyzing module bluebird@2.9.34:js/main/thenables.js (34)
Analyzing module bluebird@2.9.34:js/main/promise_array.js (35)
Analyzing module bluebird@2.9.34:js/main/captured_trace.js (36)
Analyzing module bluebird@2.9.34:js/main/debuggability.js (37)
Analyzing module bluebird@2.9.34:js/main/context.js (38)
Analyzing module bluebird@2.9.34:js/main/catch_filter.js (39)
Analyzing module bluebird@2.9.34:js/main/promise_resolver.js (40)
Analyzing module bluebird@2.9.34:js/main/progress.js (41)
Analyzing module bluebird@2.9.34:js/main/method.js (42)
Analyzing module bluebird@2.9.34:js/main/bind.js (43)
Analyzing module bluebird@2.9.34:js/main/finally.js (44)
Analyzing module bluebird@2.9.34:js/main/direct_resolve.js (45)
Analyzing module bluebird@2.9.34:js/main/synchronous_inspection.js (46)
Analyzing module bluebird@2.9.34:js/main/join.js (47)
Analyzing module bluebird@2.9.34:js/main/map.js (48)
Analyzing module bluebird@2.9.34:js/main/cancel.js (49)
Analyzing module bluebird@2.9.34:js/main/using.js (50)
Analyzing module bluebird@2.9.34:js/main/generators.js (51)
Analyzing module bluebird@2.9.34:js/main/nodeify.js (52)
Analyzing module bluebird@2.9.34:js/main/call_get.js (53)
Analyzing module bluebird@2.9.34:js/main/props.js (54)
Analyzing module bluebird@2.9.34:js/main/race.js (55)
Analyzing module bluebird@2.9.34:js/main/reduce.js (56)
Analyzing module bluebird@2.9.34:js/main/settle.js (57)
Analyzing module bluebird@2.9.34:js/main/some.js (58)
Analyzing module bluebird@2.9.34:js/main/promisify.js (59)
Analyzing module bluebird@2.9.34:js/main/any.js (60)
Analyzing module bluebird@2.9.34:js/main/each.js (61)
Analyzing module bluebird@2.9.34:js/main/timers.js (62)
Analyzing module bluebird@2.9.34:js/main/filter.js (63)
Analyzing module readable-stream@2.3.8:readable.js (64)
Analyzing module end-of-stream@1.4.5:index.js (65)
Analyzing module inherits@2.0.4:inherits.js (66)
Analyzing module stream-shift@1.0.3:index.js (67)
Analyzing module pinkie-promise@2.0.1:index.js (68)
Analyzing module pinkie@1.0.0:index.js (69)
Analyzing module capture-stack-trace@1.0.2:index.js (70)
Analyzing module lodash.forin@2.4.1:index.js (71)
Analyzing module lodash.isfunction@2.4.1:index.js (72)
Analyzing module bluebird@2.9.34:js/main/es5.js (73)
Analyzing module bluebird@2.9.34:js/main/schedule.js (74)
Analyzing module bluebird@2.9.34:js/main/queue.js (75)
Analyzing module readable-stream@2.3.8:lib/_stream_readable.js (76)
Analyzing module readable-stream@2.3.8:lib/_stream_writable.js (77)
Analyzing module readable-stream@2.3.8:lib/_stream_duplex.js (78)
Analyzing module readable-stream@2.3.8:lib/_stream_transform.js (79)
Analyzing module readable-stream@2.3.8:lib/_stream_passthrough.js (80)
Analyzing module once@1.4.0:once.js (81)
Analyzing module inherits@2.0.4:inherits_browser.js (82)
Analyzing module pinkie@2.0.4:index.js (83)
Analyzing module lodash._basecreatecallback@2.4.1:index.js (84)
Analyzing module lodash._objecttypes@2.4.1:index.js (85)
Analyzing module process-nextick-args@2.0.1:index.js (86)
Analyzing module isarray@1.0.0:index.js (87)
Analyzing module readable-stream@2.3.8:lib/internal/streams/stream.js (88)
Analyzing module safe-buffer@5.1.2:index.js (89)
Analyzing module core-util-is@1.0.3:lib/util.js (90)
Analyzing module readable-stream@2.3.8:lib/internal/streams/BufferList.js (91)
Analyzing module readable-stream@2.3.8:lib/internal/streams/destroy.js (92)
Analyzing module string_decoder@1.1.1:lib/string_decoder.js (93)
Analyzing module util-deprecate@1.0.2:node.js (94)
Analyzing module wrappy@1.0.2:wrappy.js (95)
Analyzing module lodash.bind@2.4.1:index.js (96)
Analyzing module lodash.identity@2.4.1:index.js (97)
Analyzing module lodash._setbinddata@2.4.1:index.js (98)
Analyzing module lodash.support@2.4.1:index.js (99)
Analyzing module lodash._createwrapper@2.4.1:index.js (100)
Analyzing module lodash._slice@2.4.1:index.js (101)
Analyzing module lodash.noop@2.4.1:index.js (102)
Analyzing module lodash._basebind@2.4.1:index.js (103)
Analyzing module lodash._basecreatewrapper@2.4.1:index.js (104)
Analyzing module lodash._basecreate@2.4.1:index.js (105)
Analyzing module lodash.isobject@2.4.1:index.js (106)
Analyzed packages: 53, modules: 106, functions: 961, code size main: 1KB, dependencies: 307KB
Call edges function->function: 5220, call->function: 7931
Calls with zero or one callee: 1465/2493 (58.76%), multiple: 312/2493 (12.52%), native or external: 716/2493 (28.72%)
Functions with zero callers: 177/961 (18.42%), reachable functions: 604/961 (62.85%)
Analysis time: 1234ms, memory usage: 229MB (without --gc)
Analysis errors: 0, warnings: 122 (show all with --warnings-unsupported)
