Analyzing module <anonymous>:algoliasearch-helper.test.js (1)
Analyzing module algoliasearch-helper@3.6.0:index.js (2)
Analyzing module algoliasearch-helper@3.6.0:src/algoliasearch.helper.js (3)
Analyzing module algoliasearch-helper@3.6.0:src/SearchParameters/index.js (4)
Analyzing module algoliasearch-helper@3.6.0:src/SearchResults/index.js (5)
Analyzing module algoliasearch-helper@3.6.0:src/version.js (6)
Analyzing module algoliasearch-helper@3.6.0:src/DerivedHelper/index.js (7)
Analyzing module algoliasearch-helper@3.6.0:src/requestBuilder.js (8)
Analyzing module algoliasearch-helper@3.6.0:src/functions/inherits.js (9)
Analyzing module algoliasearch-helper@3.6.0:src/functions/objectHasKeys.js (10)
Analyzing module algoliasearch-helper@3.6.0:src/functions/omit.js (11)
Analyzing module algoliasearch-helper@3.6.0:src/functions/merge.js (12)
Analyzing module algoliasearch-helper@3.6.0:src/functions/defaultsPure.js (13)
Analyzing module algoliasearch-helper@3.6.0:src/functions/intersection.js (14)
Analyzing module algoliasearch-helper@3.6.0:src/functions/find.js (15)
Analyzing module algoliasearch-helper@3.6.0:src/functions/valToNumber.js (16)
Analyzing module algoliasearch-helper@3.6.0:src/utils/isValidUserToken.js (17)
Analyzing module algoliasearch-helper@3.6.0:src/SearchParameters/RefinementList.js (18)
Analyzing module algoliasearch-helper@3.6.0:src/functions/orderBy.js (19)
Analyzing module algoliasearch-helper@3.6.0:src/functions/compact.js (20)
Analyzing module algoliasearch-helper@3.6.0:src/functions/findIndex.js (21)
Analyzing module algoliasearch-helper@3.6.0:src/functions/formatSort.js (22)
Analyzing module algoliasearch-helper@3.6.0:src/SearchResults/generate-hierarchical-tree.js (23)
Analyzed packages: 2, modules: 23, functions: 312, code size main: 1KB, dependencies: 160KB
Call edges function->function: 239, call->function: 260
Calls with zero or one callee: 590/793 (74.40%), multiple: 3/793 (0.38%), native or external: 200/793 (25.22%)
Functions with zero callers: 158/312 (50.64%), reachable functions: 17/312 (5.45%)
Analysis time: 275ms, memory usage: 73MB (without --gc)
Analysis errors: 0, warnings: 63 (show all with --warnings-unsupported)
