Analyzing module <anonymous>:merge-deep2.test.js (1)
Analyzing module merge-deep2@3.0.5:index.js (2)
Analyzing module merge-deep2@3.0.5:utils.js (3)
Analyzing module arr-union@3.1.0:index.js (4)
Analyzing module clone-deep@1.0.0:index.js (5)
Analyzing module kind-of@3.2.2:index.js (6)
Analyzing module is-plain-object@2.0.4:index.js (7)
Analyzing module shallow-clone@1.0.0:index.js (8)
Analyzing module kind-of@5.1.0:index.js (9)
Analyzing module for-own@1.0.0:index.js (10)
Analyzing module is-buffer@1.1.6:index.js (11)
Analyzing module isobject@3.0.1:index.js (12)
Analyzing module is-extendable@0.1.1:index.js (13)
Analyzing module mixin-object@2.0.1:index.js (14)
Analyzing module for-in@1.0.2:index.js (15)
Analyzing module for-in@0.1.8:index.js (16)
Analyzed packages: 15, modules: 16, functions: 31, code size main: 1KB, dependencies: 14KB
Call edges function->function: 35, call->function: 40
Calls with zero or one callee: 46/90 (51.11%), multiple: 0/90 (0.00%), native or external: 44/90 (48.89%)
Functions with zero callers: 4/31 (12.90%), reachable functions: 23/31 (74.19%)
Analysis time: 102ms, memory usage: 46MB (without --gc)
Analysis errors: 0, warnings: 10 (show all with --warnings-unsupported)
