Analyzing module <anonymous>:fast-csv.test.js (1)
Analyzing module fast-csv@4.3.5:build/src/index.js (2)
Analyzing module @fast-csv/format@4.3.5:build/src/index.js (3)
Analyzing module @fast-csv/parse@4.3.3:build/src/index.js (4)
Analyzing module @fast-csv/format@4.3.5:build/src/FormatterOptions.js (5)
Analyzing module @fast-csv/format@4.3.5:build/src/CsvFormatterStream.js (6)
Analyzing module @fast-csv/format@4.3.5:build/src/types.js (7)
Analyzing module @fast-csv/parse@4.3.3:build/src/ParserOptions.js (8)
Analyzing module @fast-csv/parse@4.3.3:build/src/CsvParserStream.js (9)
Analyzing module @fast-csv/parse@4.3.3:build/src/types.js (10)
Analyzing module @fast-csv/format@4.3.5:build/src/formatter/index.js (11)
Analyzing module lodash.escaperegexp@4.1.2:index.js (12)
Analyzing module lodash.isnil@4.0.0:index.js (13)
Analyzing module @fast-csv/parse@4.3.3:build/src/transforms/index.js (14)
Analyzing module @fast-csv/parse@4.3.3:build/src/parser/index.js (15)
Analyzing module @fast-csv/format@4.3.5:build/src/formatter/RowFormatter.js (16)
Analyzing module @fast-csv/format@4.3.5:build/src/formatter/FieldFormatter.js (17)
Analyzing module @fast-csv/parse@4.3.3:build/src/transforms/RowTransformerValidator.js (18)
Analyzing module @fast-csv/parse@4.3.3:build/src/transforms/HeaderTransformer.js (19)
Analyzing module @fast-csv/parse@4.3.3:build/src/parser/Parser.js (20)
Analyzing module @fast-csv/parse@4.3.3:build/src/parser/RowParser.js (21)
Analyzing module @fast-csv/parse@4.3.3:build/src/parser/Scanner.js (22)
Analyzing module @fast-csv/parse@4.3.3:build/src/parser/Token.js (23)
Analyzing module @fast-csv/parse@4.3.3:build/src/parser/column/index.js (24)
Analyzing module lodash.isfunction@3.0.9:index.js (25)
Analyzing module lodash.isequal@4.5.0:index.js (26)
Analyzing module lodash.isboolean@3.0.3:index.js (27)
Analyzing module lodash.isundefined@3.0.1:index.js (28)
Analyzing module lodash.uniq@4.5.0:index.js (29)
Analyzing module lodash.groupby@4.6.0:index.js (30)
Analyzing module @fast-csv/parse@4.3.3:build/src/parser/column/ColumnParser.js (31)
Analyzing module @fast-csv/parse@4.3.3:build/src/parser/column/NonQuotedColumnParser.js (32)
Analyzing module @fast-csv/parse@4.3.3:build/src/parser/column/QuotedColumnParser.js (33)
Analyzing module @fast-csv/parse@4.3.3:build/src/parser/column/ColumnFormatter.js (34)
Analyzed packages: 12, modules: 34, functions: 451, code size main: 1KB, dependencies: 202KB
Call edges function->function: 602, call->function: 706
Calls with zero or one callee: 749/1111 (67.42%), multiple: 44/1111 (3.96%), native or external: 318/1111 (28.62%)
Functions with zero callers: 64/451 (14.19%), reachable functions: 204/451 (45.23%)
Analysis time: 410ms, memory usage: 74MB (without --gc)
Analysis errors: 0, warnings: 41 (show all with --warnings-unsupported)
